Archive member included to satisfy reference by file (symbol)

c:/mounriver/mounriver_studio2/resources/app/resources/win32/components/wch/toolchain/risc-v embedded gcc/bin/../lib/gcc/riscv-none-embed/8.2.0/../../../../riscv-none-embed/lib/rv32ecxw/ilp32e\libprintf.a(wchprintf.o)
                              ./User/main.o (printf)
c:/mounriver/mounriver_studio2/resources/app/resources/win32/components/wch/toolchain/risc-v embedded gcc/bin/../lib/gcc/riscv-none-embed/8.2.0/rv32ecxw/ilp32e\libgcc.a(save-restore.o)
                              ./User/ili9341.o (__riscv_save_2)
c:/mounriver/mounriver_studio2/resources/app/resources/win32/components/wch/toolchain/risc-v embedded gcc/bin/../lib/gcc/riscv-none-embed/8.2.0/rv32ecxw/ilp32e\libgcc.a(muldi3.o)
                              ./User/ili9341.o (__mulsi3)
c:/mounriver/mounriver_studio2/resources/app/resources/win32/components/wch/toolchain/risc-v embedded gcc/bin/../lib/gcc/riscv-none-embed/8.2.0/rv32ecxw/ilp32e\libgcc.a(div.o)
                              ./User/ili9341.o (__divsi3)
c:/mounriver/mounriver_studio2/resources/app/resources/win32/components/wch/toolchain/risc-v embedded gcc/bin/../lib/gcc/riscv-none-embed/8.2.0/../../../../riscv-none-embed/lib/rv32ecxw/ilp32e\libg_nano.a(lib_a-memset.o)
                              ./User/main.o (memset)

Discarded input sections

 .text          0x0000000000000000        0x0 ./User/ch32v00x_it.o
 .data          0x0000000000000000        0x0 ./User/ch32v00x_it.o
 .bss           0x0000000000000000        0x0 ./User/ch32v00x_it.o
 .text          0x0000000000000000        0x0 ./User/fonts.o
 .data          0x0000000000000000        0x0 ./User/fonts.o
 .bss           0x0000000000000000        0x0 ./User/fonts.o
 .data.TM_Font_11x18
                0x0000000000000000        0x8 ./User/fonts.o
 .data.TM_Font_16x26
                0x0000000000000000        0x8 ./User/fonts.o
 .data.TM_Font_7x10
                0x0000000000000000        0x8 ./User/fonts.o
 .rodata.TM_Font11x18
                0x0000000000000000      0xd5c ./User/fonts.o
 .rodata.TM_Font16x26
                0x0000000000000000     0x134c ./User/fonts.o
 .rodata.TM_Font7x10
                0x0000000000000000      0x76c ./User/fonts.o
 .debug_info    0x0000000000000000      0xa77 ./User/fonts.o
 .debug_abbrev  0x0000000000000000      0x1dc ./User/fonts.o
 .debug_aranges
                0x0000000000000000       0x18 ./User/fonts.o
 .debug_line    0x0000000000000000      0x26a ./User/fonts.o
 .debug_str     0x0000000000000000      0x62c ./User/fonts.o
 .comment       0x0000000000000000       0x34 ./User/fonts.o
 .text          0x0000000000000000        0x0 ./User/ili9341.o
 .data          0x0000000000000000        0x0 ./User/ili9341.o
 .bss           0x0000000000000000        0x0 ./User/ili9341.o
 .text.spi_recv8
                0x0000000000000000       0x18 ./User/ili9341.o
 .text.spi_send_dma16
                0x0000000000000000       0x2c ./User/ili9341.o
 .text.write_dma_data16
                0x0000000000000000       0x50 ./User/ili9341.o
 .text.tft_cursor_position
                0x0000000000000000       0x62 ./User/ili9341.o
 .text.tft_get_font_size
                0x0000000000000000       0x1c ./User/ili9341.o
 .text.tft_putc
                0x0000000000000000      0x156 ./User/ili9341.o
 .text.tft_puts
                0x0000000000000000       0xa4 ./User/ili9341.o
 .text.tft_print_number
                0x0000000000000000       0xc8 ./User/ili9341.o
 .text.tft_draw_bitmap
                0x0000000000000000       0x8e ./User/ili9341.o
 .bss.ILI9341   0x0000000000000000        0x8 ./User/ili9341.o
 .bss.buffer    0x0000000000000000      0x400 ./User/ili9341.o
 .bss.ili9341_x
                0x0000000000000000        0x2 ./User/ili9341.o
 .bss.ili9341_y
                0x0000000000000000        0x2 ./User/ili9341.o
 .bss.str.4290  0x0000000000000000        0xc ./User/ili9341.o
 .text          0x0000000000000000        0x0 ./User/main.o
 .data          0x0000000000000000        0x0 ./User/main.o
 .bss           0x0000000000000000        0x0 ./User/main.o
 .text.get_ADC  0x0000000000000000       0x52 ./User/main.o
 .data.sine_tbl
                0x0000000000000000       0x7c ./User/main.o
 .text          0x0000000000000000        0x0 ./User/system_ch32v00x.o
 .data          0x0000000000000000        0x0 ./User/system_ch32v00x.o
 .bss           0x0000000000000000        0x0 ./User/system_ch32v00x.o
 .text          0x0000000000000000        0x0 ./Startup/startup_ch32v00x.o
 .data          0x0000000000000000        0x0 ./Startup/startup_ch32v00x.o
 .bss           0x0000000000000000        0x0 ./Startup/startup_ch32v00x.o
 .text          0x0000000000000000        0x0 ./Peripheral/src/ch32v00x_adc.o
 .data          0x0000000000000000        0x0 ./Peripheral/src/ch32v00x_adc.o
 .bss           0x0000000000000000        0x0 ./Peripheral/src/ch32v00x_adc.o
 .text.ADC_StructInit
                0x0000000000000000       0x1a ./Peripheral/src/ch32v00x_adc.o
 .text.ADC_ITConfig
                0x0000000000000000       0x16 ./Peripheral/src/ch32v00x_adc.o
 .text.ADC_GetSoftwareStartConvStatus
                0x0000000000000000        0x8 ./Peripheral/src/ch32v00x_adc.o
 .text.ADC_DiscModeChannelCountConfig
                0x0000000000000000       0x12 ./Peripheral/src/ch32v00x_adc.o
 .text.ADC_DiscModeCmd
                0x0000000000000000       0x1a ./Peripheral/src/ch32v00x_adc.o
 .text.ADC_ExternalTrigConvCmd
                0x0000000000000000       0x18 ./Peripheral/src/ch32v00x_adc.o
 .text.ADC_GetConversionValue
                0x0000000000000000        0x8 ./Peripheral/src/ch32v00x_adc.o
 .text.ADC_AutoInjectedConvCmd
                0x0000000000000000       0x12 ./Peripheral/src/ch32v00x_adc.o
 .text.ADC_InjectedDiscModeCmd
                0x0000000000000000       0x14 ./Peripheral/src/ch32v00x_adc.o
 .text.ADC_ExternalTrigInjectedConvConfig
                0x0000000000000000        0xe ./Peripheral/src/ch32v00x_adc.o
 .text.ADC_ExternalTrigInjectedConvCmd
                0x0000000000000000       0x14 ./Peripheral/src/ch32v00x_adc.o
 .text.ADC_SoftwareStartInjectedConvCmd
                0x0000000000000000       0x18 ./Peripheral/src/ch32v00x_adc.o
 .text.ADC_GetSoftwareStartInjectedConvCmdStatus
                0x0000000000000000        0x8 ./Peripheral/src/ch32v00x_adc.o
 .text.ADC_InjectedChannelConfig
                0x0000000000000000       0x7a ./Peripheral/src/ch32v00x_adc.o
 .text.ADC_InjectedSequencerLengthConfig
                0x0000000000000000       0x14 ./Peripheral/src/ch32v00x_adc.o
 .text.ADC_SetInjectedOffset
                0x0000000000000000       0x14 ./Peripheral/src/ch32v00x_adc.o
 .text.ADC_GetInjectedConversionValue
                0x0000000000000000       0x1c ./Peripheral/src/ch32v00x_adc.o
 .text.ADC_AnalogWatchdogCmd
                0x0000000000000000       0x12 ./Peripheral/src/ch32v00x_adc.o
 .text.ADC_AnalogWatchdogThresholdsConfig
                0x0000000000000000        0x6 ./Peripheral/src/ch32v00x_adc.o
 .text.ADC_AnalogWatchdogSingleChannelConfig
                0x0000000000000000        0xa ./Peripheral/src/ch32v00x_adc.o
 .text.ADC_GetFlagStatus
                0x0000000000000000        0xa ./Peripheral/src/ch32v00x_adc.o
 .text.ADC_ClearFlag
                0x0000000000000000        0x8 ./Peripheral/src/ch32v00x_adc.o
 .text.ADC_GetITStatus
                0x0000000000000000       0x1c ./Peripheral/src/ch32v00x_adc.o
 .text.ADC_ClearITPendingBit
                0x0000000000000000        0xa ./Peripheral/src/ch32v00x_adc.o
 .text.ADC_ExternalTrig_DLY
                0x0000000000000000       0x16 ./Peripheral/src/ch32v00x_adc.o
 .text          0x0000000000000000        0x0 ./Peripheral/src/ch32v00x_dbgmcu.o
 .data          0x0000000000000000        0x0 ./Peripheral/src/ch32v00x_dbgmcu.o
 .bss           0x0000000000000000        0x0 ./Peripheral/src/ch32v00x_dbgmcu.o
 .text.DBGMCU_GetREVID
                0x0000000000000000        0xa ./Peripheral/src/ch32v00x_dbgmcu.o
 .text.DBGMCU_GetDEVID
                0x0000000000000000        0xa ./Peripheral/src/ch32v00x_dbgmcu.o
 .text.__get_DEBUG_CR
                0x0000000000000000        0x6 ./Peripheral/src/ch32v00x_dbgmcu.o
 .text.__set_DEBUG_CR
                0x0000000000000000        0x6 ./Peripheral/src/ch32v00x_dbgmcu.o
 .text.DBGMCU_Config
                0x0000000000000000       0x14 ./Peripheral/src/ch32v00x_dbgmcu.o
 .text          0x0000000000000000        0x0 ./Peripheral/src/ch32v00x_dma.o
 .data          0x0000000000000000        0x0 ./Peripheral/src/ch32v00x_dma.o
 .bss           0x0000000000000000        0x0 ./Peripheral/src/ch32v00x_dma.o
 .text.DMA_StructInit
                0x0000000000000000       0x2e ./Peripheral/src/ch32v00x_dma.o
 .text.DMA_SetCurrDataCounter
                0x0000000000000000        0x4 ./Peripheral/src/ch32v00x_dma.o
 .text.DMA_GetCurrDataCounter
                0x0000000000000000        0x8 ./Peripheral/src/ch32v00x_dma.o
 .text.DMA_ClearFlag
                0x0000000000000000        0x8 ./Peripheral/src/ch32v00x_dma.o
 .text          0x0000000000000000        0x0 ./Peripheral/src/ch32v00x_exti.o
 .data          0x0000000000000000        0x0 ./Peripheral/src/ch32v00x_exti.o
 .bss           0x0000000000000000        0x0 ./Peripheral/src/ch32v00x_exti.o
 .text.EXTI_DeInit
                0x0000000000000000       0x22 ./Peripheral/src/ch32v00x_exti.o
 .text.EXTI_Init
                0x0000000000000000       0x6a ./Peripheral/src/ch32v00x_exti.o
 .text.EXTI_StructInit
                0x0000000000000000       0x12 ./Peripheral/src/ch32v00x_exti.o
 .text.EXTI_GenerateSWInterrupt
                0x0000000000000000       0x10 ./Peripheral/src/ch32v00x_exti.o
 .text.EXTI_GetFlagStatus
                0x0000000000000000       0x12 ./Peripheral/src/ch32v00x_exti.o
 .text.EXTI_ClearFlag
                0x0000000000000000        0xa ./Peripheral/src/ch32v00x_exti.o
 .text.EXTI_GetITStatus
                0x0000000000000000       0x1e ./Peripheral/src/ch32v00x_exti.o
 .text.EXTI_ClearITPendingBit
                0x0000000000000000        0xa ./Peripheral/src/ch32v00x_exti.o
 .debug_info    0x0000000000000000      0xc05 ./Peripheral/src/ch32v00x_exti.o
 .debug_abbrev  0x0000000000000000      0x2da ./Peripheral/src/ch32v00x_exti.o
 .debug_loc     0x0000000000000000      0x181 ./Peripheral/src/ch32v00x_exti.o
 .debug_aranges
                0x0000000000000000       0x50 ./Peripheral/src/ch32v00x_exti.o
 .debug_ranges  0x0000000000000000       0x40 ./Peripheral/src/ch32v00x_exti.o
 .debug_line    0x0000000000000000      0x62e ./Peripheral/src/ch32v00x_exti.o
 .debug_str     0x0000000000000000      0x78b ./Peripheral/src/ch32v00x_exti.o
 .comment       0x0000000000000000       0x34 ./Peripheral/src/ch32v00x_exti.o
 .debug_frame   0x0000000000000000       0x90 ./Peripheral/src/ch32v00x_exti.o
 .text          0x0000000000000000        0x0 ./Peripheral/src/ch32v00x_flash.o
 .data          0x0000000000000000        0x0 ./Peripheral/src/ch32v00x_flash.o
 .bss           0x0000000000000000        0x0 ./Peripheral/src/ch32v00x_flash.o
 .text.ROM_ERASE
                0x0000000000000000       0x60 ./Peripheral/src/ch32v00x_flash.o
 .text.FLASH_SetLatency
                0x0000000000000000        0xe ./Peripheral/src/ch32v00x_flash.o
 .text.FLASH_Unlock
                0x0000000000000000       0x1a ./Peripheral/src/ch32v00x_flash.o
 .text.FLASH_Lock
                0x0000000000000000        0xe ./Peripheral/src/ch32v00x_flash.o
 .text.FLASH_GetUserOptionByte
                0x0000000000000000        0xa ./Peripheral/src/ch32v00x_flash.o
 .text.FLASH_GetWriteProtectionOptionByte
                0x0000000000000000        0x8 ./Peripheral/src/ch32v00x_flash.o
 .text.FLASH_GetReadOutProtectionStatus
                0x0000000000000000        0xc ./Peripheral/src/ch32v00x_flash.o
 .text.FLASH_ITConfig
                0x0000000000000000       0x1e ./Peripheral/src/ch32v00x_flash.o
 .text.FLASH_GetFlagStatus
                0x0000000000000000       0x1e ./Peripheral/src/ch32v00x_flash.o
 .text.FLASH_ClearFlag
                0x0000000000000000        0x8 ./Peripheral/src/ch32v00x_flash.o
 .text.FLASH_GetStatus
                0x0000000000000000       0x18 ./Peripheral/src/ch32v00x_flash.o
 .text.FLASH_GetBank1Status
                0x0000000000000000       0x18 ./Peripheral/src/ch32v00x_flash.o
 .text.FLASH_WaitForLastOperation
                0x0000000000000000       0x34 ./Peripheral/src/ch32v00x_flash.o
 .text.FLASH_ErasePage
                0x0000000000000000       0x4c ./Peripheral/src/ch32v00x_flash.o
 .text.FLASH_EraseAllPages
                0x0000000000000000       0x48 ./Peripheral/src/ch32v00x_flash.o
 .text.FLASH_EraseOptionBytes
                0x0000000000000000       0x9a ./Peripheral/src/ch32v00x_flash.o
 .text.FLASH_ProgramWord
                0x0000000000000000       0x6e ./Peripheral/src/ch32v00x_flash.o
 .text.FLASH_ProgramHalfWord
                0x0000000000000000       0x48 ./Peripheral/src/ch32v00x_flash.o
 .text.FLASH_ProgramOptionByteData
                0x0000000000000000       0x66 ./Peripheral/src/ch32v00x_flash.o
 .text.FLASH_EnableWriteProtection
                0x0000000000000000       0x9e ./Peripheral/src/ch32v00x_flash.o
 .text.FLASH_ReadOutProtection
                0x0000000000000000       0xae ./Peripheral/src/ch32v00x_flash.o
 .text.FLASH_UserOptionByteConfig
                0x0000000000000000       0x7a ./Peripheral/src/ch32v00x_flash.o
 .text.FLASH_WaitForLastBank1Operation
                0x0000000000000000       0x18 ./Peripheral/src/ch32v00x_flash.o
 .text.FLASH_Unlock_Fast
                0x0000000000000000       0x1e ./Peripheral/src/ch32v00x_flash.o
 .text.FLASH_Lock_Fast
                0x0000000000000000        0xe ./Peripheral/src/ch32v00x_flash.o
 .text.FLASH_BufReset
                0x0000000000000000       0x28 ./Peripheral/src/ch32v00x_flash.o
 .text.FLASH_BufLoad
                0x0000000000000000       0x36 ./Peripheral/src/ch32v00x_flash.o
 .text.FLASH_ErasePage_Fast
                0x0000000000000000       0x36 ./Peripheral/src/ch32v00x_flash.o
 .text.FLASH_ProgramPage_Fast
                0x0000000000000000       0x34 ./Peripheral/src/ch32v00x_flash.o
 .text.SystemReset_StartMode
                0x0000000000000000       0x56 ./Peripheral/src/ch32v00x_flash.o
 .text.FLASH_ROM_ERASE
                0x0000000000000000      0x140 ./Peripheral/src/ch32v00x_flash.o
 .text.FLASH_ROM_WRITE
                0x0000000000000000       0xf6 ./Peripheral/src/ch32v00x_flash.o
 .debug_info    0x0000000000000000     0x1481 ./Peripheral/src/ch32v00x_flash.o
 .debug_abbrev  0x0000000000000000      0x3fa ./Peripheral/src/ch32v00x_flash.o
 .debug_loc     0x0000000000000000      0xad0 ./Peripheral/src/ch32v00x_flash.o
 .debug_aranges
                0x0000000000000000      0x110 ./Peripheral/src/ch32v00x_flash.o
 .debug_ranges  0x0000000000000000      0x100 ./Peripheral/src/ch32v00x_flash.o
 .debug_line    0x0000000000000000     0x1c87 ./Peripheral/src/ch32v00x_flash.o
 .debug_str     0x0000000000000000      0xab3 ./Peripheral/src/ch32v00x_flash.o
 .comment       0x0000000000000000       0x34 ./Peripheral/src/ch32v00x_flash.o
 .debug_frame   0x0000000000000000      0x324 ./Peripheral/src/ch32v00x_flash.o
 .text          0x0000000000000000        0x0 ./Peripheral/src/ch32v00x_gpio.o
 .data          0x0000000000000000        0x0 ./Peripheral/src/ch32v00x_gpio.o
 .bss           0x0000000000000000        0x0 ./Peripheral/src/ch32v00x_gpio.o
 .text.GPIO_StructInit
                0x0000000000000000        0xe ./Peripheral/src/ch32v00x_gpio.o
 .text.GPIO_ReadInputDataBit
                0x0000000000000000        0xa ./Peripheral/src/ch32v00x_gpio.o
 .text.GPIO_ReadInputData
                0x0000000000000000        0x8 ./Peripheral/src/ch32v00x_gpio.o
 .text.GPIO_ReadOutputData
                0x0000000000000000        0x8 ./Peripheral/src/ch32v00x_gpio.o
 .text.GPIO_WriteBit
                0x0000000000000000        0xa ./Peripheral/src/ch32v00x_gpio.o
 .text.GPIO_Write
                0x0000000000000000        0x4 ./Peripheral/src/ch32v00x_gpio.o
 .text.GPIO_PinLockConfig
                0x0000000000000000       0x10 ./Peripheral/src/ch32v00x_gpio.o
 .text.GPIO_PinRemapConfig
                0x0000000000000000       0xc4 ./Peripheral/src/ch32v00x_gpio.o
 .text.GPIO_EXTILineConfig
                0x0000000000000000       0x22 ./Peripheral/src/ch32v00x_gpio.o
 .text.GPIO_IPD_Unused
                0x0000000000000000       0xa4 ./Peripheral/src/ch32v00x_gpio.o
 .text          0x0000000000000000        0x0 ./Peripheral/src/ch32v00x_i2c.o
 .data          0x0000000000000000        0x0 ./Peripheral/src/ch32v00x_i2c.o
 .bss           0x0000000000000000        0x0 ./Peripheral/src/ch32v00x_i2c.o
 .text.I2C_DeInit
                0x0000000000000000       0x3a ./Peripheral/src/ch32v00x_i2c.o
 .text.I2C_Init
                0x0000000000000000      0x100 ./Peripheral/src/ch32v00x_i2c.o
 .text.I2C_StructInit
                0x0000000000000000       0x18 ./Peripheral/src/ch32v00x_i2c.o
 .text.I2C_Cmd  0x0000000000000000       0x18 ./Peripheral/src/ch32v00x_i2c.o
 .text.I2C_DMACmd
                0x0000000000000000       0x1e ./Peripheral/src/ch32v00x_i2c.o
 .text.I2C_DMALastTransferCmd
                0x0000000000000000       0x16 ./Peripheral/src/ch32v00x_i2c.o
 .text.I2C_GenerateSTART
                0x0000000000000000       0x1a ./Peripheral/src/ch32v00x_i2c.o
 .text.I2C_GenerateSTOP
                0x0000000000000000       0x1a ./Peripheral/src/ch32v00x_i2c.o
 .text.I2C_AcknowledgeConfig
                0x0000000000000000       0x1a ./Peripheral/src/ch32v00x_i2c.o
 .text.I2C_OwnAddress2Config
                0x0000000000000000       0x14 ./Peripheral/src/ch32v00x_i2c.o
 .text.I2C_DualAddressCmd
                0x0000000000000000       0x18 ./Peripheral/src/ch32v00x_i2c.o
 .text.I2C_GeneralCallCmd
                0x0000000000000000       0x1a ./Peripheral/src/ch32v00x_i2c.o
 .text.I2C_ITConfig
                0x0000000000000000       0x12 ./Peripheral/src/ch32v00x_i2c.o
 .text.I2C_SendData
                0x0000000000000000        0x4 ./Peripheral/src/ch32v00x_i2c.o
 .text.I2C_ReceiveData
                0x0000000000000000        0x8 ./Peripheral/src/ch32v00x_i2c.o
 .text.I2C_Send7bitAddress
                0x0000000000000000       0x12 ./Peripheral/src/ch32v00x_i2c.o
 .text.I2C_ReadRegister
                0x0000000000000000       0x14 ./Peripheral/src/ch32v00x_i2c.o
 .text.I2C_SoftwareResetCmd
                0x0000000000000000       0x12 ./Peripheral/src/ch32v00x_i2c.o
 .text.I2C_NACKPositionConfig
                0x0000000000000000       0x22 ./Peripheral/src/ch32v00x_i2c.o
 .text.I2C_TransmitPEC
                0x0000000000000000       0x16 ./Peripheral/src/ch32v00x_i2c.o
 .text.I2C_PECPositionConfig
                0x0000000000000000       0x18 ./Peripheral/src/ch32v00x_i2c.o
 .text.I2C_CalculatePEC
                0x0000000000000000       0x1a ./Peripheral/src/ch32v00x_i2c.o
 .text.I2C_GetPEC
                0x0000000000000000        0x6 ./Peripheral/src/ch32v00x_i2c.o
 .text.I2C_ARPCmd
                0x0000000000000000       0x18 ./Peripheral/src/ch32v00x_i2c.o
 .text.I2C_StretchClockCmd
                0x0000000000000000       0x1a ./Peripheral/src/ch32v00x_i2c.o
 .text.I2C_FastModeDutyCycleConfig
                0x0000000000000000       0x1a ./Peripheral/src/ch32v00x_i2c.o
 .text.I2C_CheckEvent
                0x0000000000000000       0x16 ./Peripheral/src/ch32v00x_i2c.o
 .text.I2C_GetLastEvent
                0x0000000000000000        0xe ./Peripheral/src/ch32v00x_i2c.o
 .text.I2C_GetFlagStatus
                0x0000000000000000       0x32 ./Peripheral/src/ch32v00x_i2c.o
 .text.I2C_ClearFlag
                0x0000000000000000        0xc ./Peripheral/src/ch32v00x_i2c.o
 .text.I2C_GetITStatus
                0x0000000000000000       0x20 ./Peripheral/src/ch32v00x_i2c.o
 .text.I2C_ClearITPendingBit
                0x0000000000000000        0xc ./Peripheral/src/ch32v00x_i2c.o
 .debug_info    0x0000000000000000     0x1417 ./Peripheral/src/ch32v00x_i2c.o
 .debug_abbrev  0x0000000000000000      0x3a7 ./Peripheral/src/ch32v00x_i2c.o
 .debug_loc     0x0000000000000000      0x720 ./Peripheral/src/ch32v00x_i2c.o
 .debug_aranges
                0x0000000000000000      0x108 ./Peripheral/src/ch32v00x_i2c.o
 .debug_ranges  0x0000000000000000       0xf8 ./Peripheral/src/ch32v00x_i2c.o
 .debug_line    0x0000000000000000     0x10dc ./Peripheral/src/ch32v00x_i2c.o
 .debug_str     0x0000000000000000      0xab0 ./Peripheral/src/ch32v00x_i2c.o
 .comment       0x0000000000000000       0x34 ./Peripheral/src/ch32v00x_i2c.o
 .debug_frame   0x0000000000000000      0x254 ./Peripheral/src/ch32v00x_i2c.o
 .text          0x0000000000000000        0x0 ./Peripheral/src/ch32v00x_iwdg.o
 .data          0x0000000000000000        0x0 ./Peripheral/src/ch32v00x_iwdg.o
 .bss           0x0000000000000000        0x0 ./Peripheral/src/ch32v00x_iwdg.o
 .text.IWDG_WriteAccessCmd
                0x0000000000000000        0x8 ./Peripheral/src/ch32v00x_iwdg.o
 .text.IWDG_SetPrescaler
                0x0000000000000000        0x8 ./Peripheral/src/ch32v00x_iwdg.o
 .text.IWDG_SetReload
                0x0000000000000000        0x8 ./Peripheral/src/ch32v00x_iwdg.o
 .text.IWDG_ReloadCounter
                0x0000000000000000        0xe ./Peripheral/src/ch32v00x_iwdg.o
 .text.IWDG_Enable
                0x0000000000000000       0x18 ./Peripheral/src/ch32v00x_iwdg.o
 .text.IWDG_GetFlagStatus
                0x0000000000000000        0xe ./Peripheral/src/ch32v00x_iwdg.o
 .debug_info    0x0000000000000000      0xb46 ./Peripheral/src/ch32v00x_iwdg.o
 .debug_abbrev  0x0000000000000000      0x282 ./Peripheral/src/ch32v00x_iwdg.o
 .debug_loc     0x0000000000000000       0x68 ./Peripheral/src/ch32v00x_iwdg.o
 .debug_aranges
                0x0000000000000000       0x48 ./Peripheral/src/ch32v00x_iwdg.o
 .debug_ranges  0x0000000000000000       0x38 ./Peripheral/src/ch32v00x_iwdg.o
 .debug_line    0x0000000000000000      0x44d ./Peripheral/src/ch32v00x_iwdg.o
 .debug_str     0x0000000000000000      0x6f7 ./Peripheral/src/ch32v00x_iwdg.o
 .comment       0x0000000000000000       0x34 ./Peripheral/src/ch32v00x_iwdg.o
 .debug_frame   0x0000000000000000       0x70 ./Peripheral/src/ch32v00x_iwdg.o
 .text          0x0000000000000000        0x0 ./Peripheral/src/ch32v00x_misc.o
 .data          0x0000000000000000        0x0 ./Peripheral/src/ch32v00x_misc.o
 .bss           0x0000000000000000        0x0 ./Peripheral/src/ch32v00x_misc.o
 .text          0x0000000000000000        0x0 ./Peripheral/src/ch32v00x_opa.o
 .data          0x0000000000000000        0x0 ./Peripheral/src/ch32v00x_opa.o
 .bss           0x0000000000000000        0x0 ./Peripheral/src/ch32v00x_opa.o
 .text.OPA_DeInit
                0x0000000000000000       0x16 ./Peripheral/src/ch32v00x_opa.o
 .text.OPA_Init
                0x0000000000000000       0x22 ./Peripheral/src/ch32v00x_opa.o
 .text.OPA_StructInit
                0x0000000000000000        0xa ./Peripheral/src/ch32v00x_opa.o
 .text.OPA_Cmd  0x0000000000000000       0x2c ./Peripheral/src/ch32v00x_opa.o
 .debug_info    0x0000000000000000      0xaa5 ./Peripheral/src/ch32v00x_opa.o
 .debug_abbrev  0x0000000000000000      0x230 ./Peripheral/src/ch32v00x_opa.o
 .debug_loc     0x0000000000000000       0x35 ./Peripheral/src/ch32v00x_opa.o
 .debug_aranges
                0x0000000000000000       0x38 ./Peripheral/src/ch32v00x_opa.o
 .debug_ranges  0x0000000000000000       0x28 ./Peripheral/src/ch32v00x_opa.o
 .debug_line    0x0000000000000000      0x443 ./Peripheral/src/ch32v00x_opa.o
 .debug_str     0x0000000000000000      0x66b ./Peripheral/src/ch32v00x_opa.o
 .comment       0x0000000000000000       0x34 ./Peripheral/src/ch32v00x_opa.o
 .debug_frame   0x0000000000000000       0x50 ./Peripheral/src/ch32v00x_opa.o
 .text          0x0000000000000000        0x0 ./Peripheral/src/ch32v00x_pwr.o
 .data          0x0000000000000000        0x0 ./Peripheral/src/ch32v00x_pwr.o
 .bss           0x0000000000000000        0x0 ./Peripheral/src/ch32v00x_pwr.o
 .text.PWR_DeInit
                0x0000000000000000       0x2c ./Peripheral/src/ch32v00x_pwr.o
 .text.PWR_PVDCmd
                0x0000000000000000       0x14 ./Peripheral/src/ch32v00x_pwr.o
 .text.PWR_PVDLevelConfig
                0x0000000000000000       0x10 ./Peripheral/src/ch32v00x_pwr.o
 .text.PWR_AutoWakeUpCmd
                0x0000000000000000       0x14 ./Peripheral/src/ch32v00x_pwr.o
 .text.PWR_AWU_SetPrescaler
                0x0000000000000000        0xe ./Peripheral/src/ch32v00x_pwr.o
 .text.PWR_AWU_SetWindowValue
                0x0000000000000000       0x1e ./Peripheral/src/ch32v00x_pwr.o
 .text.PWR_EnterSTANDBYMode
                0x0000000000000000       0xa6 ./Peripheral/src/ch32v00x_pwr.o
 .text.PWR_GetFlagStatus
                0x0000000000000000        0xe ./Peripheral/src/ch32v00x_pwr.o
 .debug_info    0x0000000000000000      0xed0 ./Peripheral/src/ch32v00x_pwr.o
 .debug_abbrev  0x0000000000000000      0x359 ./Peripheral/src/ch32v00x_pwr.o
 .debug_loc     0x0000000000000000      0x14b ./Peripheral/src/ch32v00x_pwr.o
 .debug_aranges
                0x0000000000000000       0x58 ./Peripheral/src/ch32v00x_pwr.o
 .debug_ranges  0x0000000000000000       0xa8 ./Peripheral/src/ch32v00x_pwr.o
 .debug_line    0x0000000000000000      0x6f0 ./Peripheral/src/ch32v00x_pwr.o
 .debug_str     0x0000000000000000      0x7fd ./Peripheral/src/ch32v00x_pwr.o
 .comment       0x0000000000000000       0x34 ./Peripheral/src/ch32v00x_pwr.o
 .debug_frame   0x0000000000000000       0xb4 ./Peripheral/src/ch32v00x_pwr.o
 .text          0x0000000000000000        0x0 ./Peripheral/src/ch32v00x_rcc.o
 .data          0x0000000000000000        0x0 ./Peripheral/src/ch32v00x_rcc.o
 .bss           0x0000000000000000        0x0 ./Peripheral/src/ch32v00x_rcc.o
 .text.RCC_HSEConfig
                0x0000000000000000       0x3c ./Peripheral/src/ch32v00x_rcc.o
 .text.RCC_DeInit
                0x0000000000000000       0x58 ./Peripheral/src/ch32v00x_rcc.o
 .text.RCC_HSICmd
                0x0000000000000000       0x14 ./Peripheral/src/ch32v00x_rcc.o
 .text.RCC_PLLConfig
                0x0000000000000000       0x12 ./Peripheral/src/ch32v00x_rcc.o
 .text.RCC_PLLCmd
                0x0000000000000000       0x24 ./Peripheral/src/ch32v00x_rcc.o
 .text.RCC_SYSCLKConfig
                0x0000000000000000       0x4e ./Peripheral/src/ch32v00x_rcc.o
 .text.RCC_GetSYSCLKSource
                0x0000000000000000        0xa ./Peripheral/src/ch32v00x_rcc.o
 .text.RCC_HCLKConfig
                0x0000000000000000       0x10 ./Peripheral/src/ch32v00x_rcc.o
 .text.RCC_ITConfig
                0x0000000000000000       0x16 ./Peripheral/src/ch32v00x_rcc.o
 .text.RCC_LSICmd
                0x0000000000000000       0x14 ./Peripheral/src/ch32v00x_rcc.o
 .text.RCC_ClockSecuritySystemCmd
                0x0000000000000000       0x24 ./Peripheral/src/ch32v00x_rcc.o
 .text.RCC_MCOConfig
                0x0000000000000000        0x8 ./Peripheral/src/ch32v00x_rcc.o
 .text.RCC_GetFlagStatus
                0x0000000000000000       0x20 ./Peripheral/src/ch32v00x_rcc.o
 .text.RCC_WaitForHSEStartUp
                0x0000000000000000       0x42 ./Peripheral/src/ch32v00x_rcc.o
 .text.RCC_ClearFlag
                0x0000000000000000       0x10 ./Peripheral/src/ch32v00x_rcc.o
 .text.RCC_GetITStatus
                0x0000000000000000        0xe ./Peripheral/src/ch32v00x_rcc.o
 .text.RCC_ClearITPendingBit
                0x0000000000000000        0x8 ./Peripheral/src/ch32v00x_rcc.o
 .text          0x0000000000000000        0x0 ./Peripheral/src/ch32v00x_spi.o
 .data          0x0000000000000000        0x0 ./Peripheral/src/ch32v00x_spi.o
 .bss           0x0000000000000000        0x0 ./Peripheral/src/ch32v00x_spi.o
 .text.SPI_StructInit
                0x0000000000000000       0x22 ./Peripheral/src/ch32v00x_spi.o
 .text.SPI_I2S_ITConfig
                0x0000000000000000       0x1e ./Peripheral/src/ch32v00x_spi.o
 .text.SPI_I2S_SendData
                0x0000000000000000        0x4 ./Peripheral/src/ch32v00x_spi.o
 .text.SPI_I2S_ReceiveData
                0x0000000000000000        0x4 ./Peripheral/src/ch32v00x_spi.o
 .text.SPI_NSSInternalSoftwareConfig
                0x0000000000000000       0x24 ./Peripheral/src/ch32v00x_spi.o
 .text.SPI_SSOutputCmd
                0x0000000000000000       0x18 ./Peripheral/src/ch32v00x_spi.o
 .text.SPI_DataSizeConfig
                0x0000000000000000       0x14 ./Peripheral/src/ch32v00x_spi.o
 .text.SPI_TransmitCRC
                0x0000000000000000        0xa ./Peripheral/src/ch32v00x_spi.o
 .text.SPI_CalculateCRC
                0x0000000000000000       0x16 ./Peripheral/src/ch32v00x_spi.o
 .text.SPI_GetCRC
                0x0000000000000000       0x12 ./Peripheral/src/ch32v00x_spi.o
 .text.SPI_GetCRCPolynomial
                0x0000000000000000        0x4 ./Peripheral/src/ch32v00x_spi.o
 .text.SPI_BiDirectionalLineConfig
                0x0000000000000000       0x1a ./Peripheral/src/ch32v00x_spi.o
 .text.SPI_I2S_GetFlagStatus
                0x0000000000000000        0xa ./Peripheral/src/ch32v00x_spi.o
 .text.SPI_I2S_ClearFlag
                0x0000000000000000        0xc ./Peripheral/src/ch32v00x_spi.o
 .text.SPI_I2S_GetITStatus
                0x0000000000000000       0x28 ./Peripheral/src/ch32v00x_spi.o
 .text.SPI_I2S_ClearITPendingBit
                0x0000000000000000       0x14 ./Peripheral/src/ch32v00x_spi.o
 .text          0x0000000000000000        0x0 ./Peripheral/src/ch32v00x_tim.o
 .data          0x0000000000000000        0x0 ./Peripheral/src/ch32v00x_tim.o
 .bss           0x0000000000000000        0x0 ./Peripheral/src/ch32v00x_tim.o
 .text.TI1_Config
                0x0000000000000000       0x5a ./Peripheral/src/ch32v00x_tim.o
 .text.TI2_Config
                0x0000000000000000       0x70 ./Peripheral/src/ch32v00x_tim.o
 .text.TIM_OC3Init
                0x0000000000000000       0x94 ./Peripheral/src/ch32v00x_tim.o
 .text.TIM_OC4Init
                0x0000000000000000       0x6e ./Peripheral/src/ch32v00x_tim.o
 .text.TIM_TimeBaseStructInit
                0x0000000000000000       0x16 ./Peripheral/src/ch32v00x_tim.o
 .text.TIM_OCStructInit
                0x0000000000000000       0x22 ./Peripheral/src/ch32v00x_tim.o
 .text.TIM_ICStructInit
                0x0000000000000000       0x16 ./Peripheral/src/ch32v00x_tim.o
 .text.TIM_BDTRStructInit
                0x0000000000000000       0x1e ./Peripheral/src/ch32v00x_tim.o
 .text.TIM_GenerateEvent
                0x0000000000000000        0x4 ./Peripheral/src/ch32v00x_tim.o
 .text.TIM_DMAConfig
                0x0000000000000000        0x8 ./Peripheral/src/ch32v00x_tim.o
 .text.TIM_InternalClockConfig
                0x0000000000000000       0x10 ./Peripheral/src/ch32v00x_tim.o
 .text.TIM_ITRxExternalClockConfig
                0x0000000000000000       0x18 ./Peripheral/src/ch32v00x_tim.o
 .text.TIM_TIxExternalClockConfig
                0x0000000000000000       0x48 ./Peripheral/src/ch32v00x_tim.o
 .text.TIM_ETRConfig
                0x0000000000000000       0x16 ./Peripheral/src/ch32v00x_tim.o
 .text.TIM_ETRClockMode1Config
                0x0000000000000000       0x2a ./Peripheral/src/ch32v00x_tim.o
 .text.TIM_ETRClockMode2Config
                0x0000000000000000       0x22 ./Peripheral/src/ch32v00x_tim.o
 .text.TIM_PrescalerConfig
                0x0000000000000000        0x6 ./Peripheral/src/ch32v00x_tim.o
 .text.TIM_CounterModeConfig
                0x0000000000000000       0x10 ./Peripheral/src/ch32v00x_tim.o
 .text.TIM_SelectInputTrigger
                0x0000000000000000       0x10 ./Peripheral/src/ch32v00x_tim.o
 .text.TIM_EncoderInterfaceConfig
                0x0000000000000000       0x3c ./Peripheral/src/ch32v00x_tim.o
 .text.TIM_ForcedOC1Config
                0x0000000000000000       0x10 ./Peripheral/src/ch32v00x_tim.o
 .text.TIM_ForcedOC2Config
                0x0000000000000000       0x14 ./Peripheral/src/ch32v00x_tim.o
 .text.TIM_ForcedOC3Config
                0x0000000000000000       0x10 ./Peripheral/src/ch32v00x_tim.o
 .text.TIM_ForcedOC4Config
                0x0000000000000000       0x14 ./Peripheral/src/ch32v00x_tim.o
 .text.TIM_SelectCOM
                0x0000000000000000       0x18 ./Peripheral/src/ch32v00x_tim.o
 .text.TIM_SelectCCDMA
                0x0000000000000000       0x18 ./Peripheral/src/ch32v00x_tim.o
 .text.TIM_CCPreloadControl
                0x0000000000000000       0x18 ./Peripheral/src/ch32v00x_tim.o
 .text.TIM_OC3PreloadConfig
                0x0000000000000000        0xe ./Peripheral/src/ch32v00x_tim.o
 .text.TIM_OC4PreloadConfig
                0x0000000000000000       0x16 ./Peripheral/src/ch32v00x_tim.o
 .text.TIM_OC1FastConfig
                0x0000000000000000        0xe ./Peripheral/src/ch32v00x_tim.o
 .text.TIM_OC2FastConfig
                0x0000000000000000       0x16 ./Peripheral/src/ch32v00x_tim.o
 .text.TIM_OC3FastConfig
                0x0000000000000000        0xe ./Peripheral/src/ch32v00x_tim.o
 .text.TIM_OC4FastConfig
                0x0000000000000000       0x16 ./Peripheral/src/ch32v00x_tim.o
 .text.TIM_ClearOC1Ref
                0x0000000000000000       0x10 ./Peripheral/src/ch32v00x_tim.o
 .text.TIM_ClearOC2Ref
                0x0000000000000000       0x12 ./Peripheral/src/ch32v00x_tim.o
 .text.TIM_ClearOC3Ref
                0x0000000000000000       0x10 ./Peripheral/src/ch32v00x_tim.o
 .text.TIM_ClearOC4Ref
                0x0000000000000000       0x12 ./Peripheral/src/ch32v00x_tim.o
 .text.TIM_OC1PolarityConfig
                0x0000000000000000        0xe ./Peripheral/src/ch32v00x_tim.o
 .text.TIM_OC1NPolarityConfig
                0x0000000000000000        0xe ./Peripheral/src/ch32v00x_tim.o
 .text.TIM_OC2PolarityConfig
                0x0000000000000000       0x16 ./Peripheral/src/ch32v00x_tim.o
 .text.TIM_OC2NPolarityConfig
                0x0000000000000000       0x16 ./Peripheral/src/ch32v00x_tim.o
 .text.TIM_OC3PolarityConfig
                0x0000000000000000       0x16 ./Peripheral/src/ch32v00x_tim.o
 .text.TIM_OC3NPolarityConfig
                0x0000000000000000       0x16 ./Peripheral/src/ch32v00x_tim.o
 .text.TIM_OC4PolarityConfig
                0x0000000000000000       0x14 ./Peripheral/src/ch32v00x_tim.o
 .text.TIM_CCxCmd
                0x0000000000000000       0x20 ./Peripheral/src/ch32v00x_tim.o
 .text.TIM_CCxNCmd
                0x0000000000000000       0x20 ./Peripheral/src/ch32v00x_tim.o
 .text.TIM_SelectOCxM
                0x0000000000000000       0x4c ./Peripheral/src/ch32v00x_tim.o
 .text.TIM_UpdateDisableConfig
                0x0000000000000000       0x18 ./Peripheral/src/ch32v00x_tim.o
 .text.TIM_UpdateRequestConfig
                0x0000000000000000       0x18 ./Peripheral/src/ch32v00x_tim.o
 .text.TIM_SelectHallSensor
                0x0000000000000000       0x1a ./Peripheral/src/ch32v00x_tim.o
 .text.TIM_SelectOnePulseMode
                0x0000000000000000       0x16 ./Peripheral/src/ch32v00x_tim.o
 .text.TIM_SelectOutputTrigger
                0x0000000000000000       0x18 ./Peripheral/src/ch32v00x_tim.o
 .text.TIM_SelectSlaveMode
                0x0000000000000000       0x16 ./Peripheral/src/ch32v00x_tim.o
 .text.TIM_SelectMasterSlaveMode
                0x0000000000000000       0x18 ./Peripheral/src/ch32v00x_tim.o
 .text.TIM_SetCounter
                0x0000000000000000        0x4 ./Peripheral/src/ch32v00x_tim.o
 .text.TIM_SetAutoreload
                0x0000000000000000        0x4 ./Peripheral/src/ch32v00x_tim.o
 .text.TIM_SetCompare1
                0x0000000000000000        0x4 ./Peripheral/src/ch32v00x_tim.o
 .text.TIM_SetCompare2
                0x0000000000000000        0x4 ./Peripheral/src/ch32v00x_tim.o
 .text.TIM_SetCompare3
                0x0000000000000000        0x4 ./Peripheral/src/ch32v00x_tim.o
 .text.TIM_SetCompare4
                0x0000000000000000        0x4 ./Peripheral/src/ch32v00x_tim.o
 .text.TIM_SetIC1Prescaler
                0x0000000000000000       0x16 ./Peripheral/src/ch32v00x_tim.o
 .text.TIM_SetIC2Prescaler
                0x0000000000000000       0x1a ./Peripheral/src/ch32v00x_tim.o
 .text.TIM_PWMIConfig
                0x0000000000000000       0xa4 ./Peripheral/src/ch32v00x_tim.o
 .text.TIM_SetIC3Prescaler
                0x0000000000000000       0x16 ./Peripheral/src/ch32v00x_tim.o
 .text.TIM_SetIC4Prescaler
                0x0000000000000000       0x1a ./Peripheral/src/ch32v00x_tim.o
 .text.TIM_ICInit
                0x0000000000000000      0x148 ./Peripheral/src/ch32v00x_tim.o
 .text.TIM_SetClockDivision
                0x0000000000000000       0x18 ./Peripheral/src/ch32v00x_tim.o
 .text.TIM_GetCapture1
                0x0000000000000000        0x8 ./Peripheral/src/ch32v00x_tim.o
 .text.TIM_GetCapture2
                0x0000000000000000        0x8 ./Peripheral/src/ch32v00x_tim.o
 .text.TIM_GetCapture3
                0x0000000000000000        0x8 ./Peripheral/src/ch32v00x_tim.o
 .text.TIM_GetCapture4
                0x0000000000000000        0x8 ./Peripheral/src/ch32v00x_tim.o
 .text.TIM_GetCounter
                0x0000000000000000        0x4 ./Peripheral/src/ch32v00x_tim.o
 .text.TIM_GetPrescaler
                0x0000000000000000        0x4 ./Peripheral/src/ch32v00x_tim.o
 .text.TIM_GetFlagStatus
                0x0000000000000000        0xa ./Peripheral/src/ch32v00x_tim.o
 .text.TIM_ClearFlag
                0x0000000000000000        0xc ./Peripheral/src/ch32v00x_tim.o
 .text.TIM_IndicateCaptureLevelCmd
                0x0000000000000000       0x12 ./Peripheral/src/ch32v00x_tim.o
 .text          0x0000000000000000        0x0 ./Peripheral/src/ch32v00x_usart.o
 .data          0x0000000000000000        0x0 ./Peripheral/src/ch32v00x_usart.o
 .bss           0x0000000000000000        0x0 ./Peripheral/src/ch32v00x_usart.o
 .text.USART_StructInit
                0x0000000000000000       0x18 ./Peripheral/src/ch32v00x_usart.o
 .text.USART_ClockInit
                0x0000000000000000       0x1e ./Peripheral/src/ch32v00x_usart.o
 .text.USART_ClockStructInit
                0x0000000000000000       0x12 ./Peripheral/src/ch32v00x_usart.o
 .text.USART_ITConfig
                0x0000000000000000       0x36 ./Peripheral/src/ch32v00x_usart.o
 .text.USART_DMACmd
                0x0000000000000000       0x12 ./Peripheral/src/ch32v00x_usart.o
 .text.USART_SetAddress
                0x0000000000000000       0x16 ./Peripheral/src/ch32v00x_usart.o
 .text.USART_WakeUpConfig
                0x0000000000000000       0x14 ./Peripheral/src/ch32v00x_usart.o
 .text.USART_ReceiverWakeUpCmd
                0x0000000000000000       0x18 ./Peripheral/src/ch32v00x_usart.o
 .text.USART_LINBreakDetectLengthConfig
                0x0000000000000000       0x18 ./Peripheral/src/ch32v00x_usart.o
 .text.USART_LINCmd
                0x0000000000000000       0x16 ./Peripheral/src/ch32v00x_usart.o
 .text.USART_ReceiveData
                0x0000000000000000        0x8 ./Peripheral/src/ch32v00x_usart.o
 .text.USART_SendBreak
                0x0000000000000000        0xa ./Peripheral/src/ch32v00x_usart.o
 .text.USART_SetGuardTime
                0x0000000000000000       0x12 ./Peripheral/src/ch32v00x_usart.o
 .text.USART_SetPrescaler
                0x0000000000000000       0x18 ./Peripheral/src/ch32v00x_usart.o
 .text.USART_SmartCardCmd
                0x0000000000000000       0x1a ./Peripheral/src/ch32v00x_usart.o
 .text.USART_SmartCardNACKCmd
                0x0000000000000000       0x18 ./Peripheral/src/ch32v00x_usart.o
 .text.USART_HalfDuplexCmd
                0x0000000000000000       0x18 ./Peripheral/src/ch32v00x_usart.o
 .text.USART_OverSampling8Cmd
                0x0000000000000000       0x12 ./Peripheral/src/ch32v00x_usart.o
 .text.USART_OneBitMethodCmd
                0x0000000000000000       0x1e ./Peripheral/src/ch32v00x_usart.o
 .text.USART_IrDAConfig
                0x0000000000000000       0x16 ./Peripheral/src/ch32v00x_usart.o
 .text.USART_IrDACmd
                0x0000000000000000       0x18 ./Peripheral/src/ch32v00x_usart.o
 .text.USART_ClearFlag
                0x0000000000000000        0xc ./Peripheral/src/ch32v00x_usart.o
 .text.USART_GetITStatus
                0x0000000000000000       0x3c ./Peripheral/src/ch32v00x_usart.o
 .text.USART_ClearITPendingBit
                0x0000000000000000       0x14 ./Peripheral/src/ch32v00x_usart.o
 .text          0x0000000000000000        0x0 ./Peripheral/src/ch32v00x_wwdg.o
 .data          0x0000000000000000        0x0 ./Peripheral/src/ch32v00x_wwdg.o
 .bss           0x0000000000000000        0x0 ./Peripheral/src/ch32v00x_wwdg.o
 .text.WWDG_DeInit
                0x0000000000000000       0x2e ./Peripheral/src/ch32v00x_wwdg.o
 .text.WWDG_SetPrescaler
                0x0000000000000000       0x14 ./Peripheral/src/ch32v00x_wwdg.o
 .text.WWDG_SetWindowValue
                0x0000000000000000       0x26 ./Peripheral/src/ch32v00x_wwdg.o
 .text.WWDG_EnableIT
                0x0000000000000000       0x12 ./Peripheral/src/ch32v00x_wwdg.o
 .text.WWDG_SetCounter
                0x0000000000000000        0xe ./Peripheral/src/ch32v00x_wwdg.o
 .text.WWDG_Enable
                0x0000000000000000        0xe ./Peripheral/src/ch32v00x_wwdg.o
 .text.WWDG_GetFlagStatus
                0x0000000000000000        0xa ./Peripheral/src/ch32v00x_wwdg.o
 .text.WWDG_ClearFlag
                0x0000000000000000        0xa ./Peripheral/src/ch32v00x_wwdg.o
 .debug_info    0x0000000000000000      0xb27 ./Peripheral/src/ch32v00x_wwdg.o
 .debug_abbrev  0x0000000000000000      0x29d ./Peripheral/src/ch32v00x_wwdg.o
 .debug_loc     0x0000000000000000       0xae ./Peripheral/src/ch32v00x_wwdg.o
 .debug_aranges
                0x0000000000000000       0x58 ./Peripheral/src/ch32v00x_wwdg.o
 .debug_ranges  0x0000000000000000       0x48 ./Peripheral/src/ch32v00x_wwdg.o
 .debug_line    0x0000000000000000      0x4f1 ./Peripheral/src/ch32v00x_wwdg.o
 .debug_str     0x0000000000000000      0x6b0 ./Peripheral/src/ch32v00x_wwdg.o
 .comment       0x0000000000000000       0x34 ./Peripheral/src/ch32v00x_wwdg.o
 .debug_frame   0x0000000000000000       0xa4 ./Peripheral/src/ch32v00x_wwdg.o
 .text          0x0000000000000000        0x0 ./Debug/debug.o
 .data          0x0000000000000000        0x0 ./Debug/debug.o
 .bss           0x0000000000000000        0x0 ./Debug/debug.o
 .text.Delay_Us
                0x0000000000000000       0x4a ./Debug/debug.o
 .text.SDI_Printf_Enable
                0x0000000000000000       0x2a ./Debug/debug.o
 .text._sbrk    0x0000000000000000       0x2e ./Debug/debug.o
 .data.curbrk.4086
                0x0000000000000000        0x4 ./Debug/debug.o
 .text          0x0000000000000000        0x0 ./Core/core_riscv.o
 .data          0x0000000000000000        0x0 ./Core/core_riscv.o
 .bss           0x0000000000000000        0x0 ./Core/core_riscv.o
 .text.__get_MSTATUS
                0x0000000000000000        0x6 ./Core/core_riscv.o
 .text.__set_MSTATUS
                0x0000000000000000        0x6 ./Core/core_riscv.o
 .text.__get_MISA
                0x0000000000000000        0x6 ./Core/core_riscv.o
 .text.__set_MISA
                0x0000000000000000        0x6 ./Core/core_riscv.o
 .text.__get_MTVEC
                0x0000000000000000        0x6 ./Core/core_riscv.o
 .text.__set_MTVEC
                0x0000000000000000        0x6 ./Core/core_riscv.o
 .text.__get_MSCRATCH
                0x0000000000000000        0x6 ./Core/core_riscv.o
 .text.__set_MSCRATCH
                0x0000000000000000        0x6 ./Core/core_riscv.o
 .text.__get_MEPC
                0x0000000000000000        0x6 ./Core/core_riscv.o
 .text.__set_MEPC
                0x0000000000000000        0x6 ./Core/core_riscv.o
 .text.__get_MCAUSE
                0x0000000000000000        0x6 ./Core/core_riscv.o
 .text.__set_MCAUSE
                0x0000000000000000        0x6 ./Core/core_riscv.o
 .text.__get_MVENDORID
                0x0000000000000000        0x6 ./Core/core_riscv.o
 .text.__get_MARCHID
                0x0000000000000000        0x6 ./Core/core_riscv.o
 .text.__get_MIMPID
                0x0000000000000000        0x6 ./Core/core_riscv.o
 .text.__get_MHARTID
                0x0000000000000000        0x6 ./Core/core_riscv.o
 .text.__get_SP
                0x0000000000000000        0x4 ./Core/core_riscv.o
 .highcode      0x0000000000000000        0xa ./Core/core_riscv.o
 .debug_info    0x0000000000000000      0x349 ./Core/core_riscv.o
 .debug_abbrev  0x0000000000000000      0x10d ./Core/core_riscv.o
 .debug_aranges
                0x0000000000000000       0xa8 ./Core/core_riscv.o
 .debug_ranges  0x0000000000000000       0x98 ./Core/core_riscv.o
 .debug_line    0x0000000000000000      0x478 ./Core/core_riscv.o
 .debug_str     0x0000000000000000      0x282 ./Core/core_riscv.o
 .comment       0x0000000000000000       0x34 ./Core/core_riscv.o
 .debug_frame   0x0000000000000000      0x130 ./Core/core_riscv.o
 .text          0x0000000000000000        0x0 c:/mounriver/mounriver_studio2/resources/app/resources/win32/components/wch/toolchain/risc-v embedded gcc/bin/../lib/gcc/riscv-none-embed/8.2.0/../../../../riscv-none-embed/lib/rv32ecxw/ilp32e\libprintf.a(wchprintf.o)
 .data          0x0000000000000000        0x0 c:/mounriver/mounriver_studio2/resources/app/resources/win32/components/wch/toolchain/risc-v embedded gcc/bin/../lib/gcc/riscv-none-embed/8.2.0/../../../../riscv-none-embed/lib/rv32ecxw/ilp32e\libprintf.a(wchprintf.o)
 .bss           0x0000000000000000        0x0 c:/mounriver/mounriver_studio2/resources/app/resources/win32/components/wch/toolchain/risc-v embedded gcc/bin/../lib/gcc/riscv-none-embed/8.2.0/../../../../riscv-none-embed/lib/rv32ecxw/ilp32e\libprintf.a(wchprintf.o)
 .text.snprintf
                0x0000000000000000       0x2e c:/mounriver/mounriver_studio2/resources/app/resources/win32/components/wch/toolchain/risc-v embedded gcc/bin/../lib/gcc/riscv-none-embed/8.2.0/../../../../riscv-none-embed/lib/rv32ecxw/ilp32e\libprintf.a(wchprintf.o)
 .text.puts     0x0000000000000000       0x52 c:/mounriver/mounriver_studio2/resources/app/resources/win32/components/wch/toolchain/risc-v embedded gcc/bin/../lib/gcc/riscv-none-embed/8.2.0/../../../../riscv-none-embed/lib/rv32ecxw/ilp32e\libprintf.a(wchprintf.o)
 .text.putchar  0x0000000000000000       0x1c c:/mounriver/mounriver_studio2/resources/app/resources/win32/components/wch/toolchain/risc-v embedded gcc/bin/../lib/gcc/riscv-none-embed/8.2.0/../../../../riscv-none-embed/lib/rv32ecxw/ilp32e\libprintf.a(wchprintf.o)
 .data          0x0000000000000000        0x0 c:/mounriver/mounriver_studio2/resources/app/resources/win32/components/wch/toolchain/risc-v embedded gcc/bin/../lib/gcc/riscv-none-embed/8.2.0/rv32ecxw/ilp32e\libgcc.a(save-restore.o)
 .bss           0x0000000000000000        0x0 c:/mounriver/mounriver_studio2/resources/app/resources/win32/components/wch/toolchain/risc-v embedded gcc/bin/../lib/gcc/riscv-none-embed/8.2.0/rv32ecxw/ilp32e\libgcc.a(save-restore.o)
 .eh_frame      0x0000000000000000       0x68 c:/mounriver/mounriver_studio2/resources/app/resources/win32/components/wch/toolchain/risc-v embedded gcc/bin/../lib/gcc/riscv-none-embed/8.2.0/rv32ecxw/ilp32e\libgcc.a(save-restore.o)
 .data          0x0000000000000000        0x0 c:/mounriver/mounriver_studio2/resources/app/resources/win32/components/wch/toolchain/risc-v embedded gcc/bin/../lib/gcc/riscv-none-embed/8.2.0/rv32ecxw/ilp32e\libgcc.a(muldi3.o)
 .bss           0x0000000000000000        0x0 c:/mounriver/mounriver_studio2/resources/app/resources/win32/components/wch/toolchain/risc-v embedded gcc/bin/../lib/gcc/riscv-none-embed/8.2.0/rv32ecxw/ilp32e\libgcc.a(muldi3.o)
 .data          0x0000000000000000        0x0 c:/mounriver/mounriver_studio2/resources/app/resources/win32/components/wch/toolchain/risc-v embedded gcc/bin/../lib/gcc/riscv-none-embed/8.2.0/rv32ecxw/ilp32e\libgcc.a(div.o)
 .bss           0x0000000000000000        0x0 c:/mounriver/mounriver_studio2/resources/app/resources/win32/components/wch/toolchain/risc-v embedded gcc/bin/../lib/gcc/riscv-none-embed/8.2.0/rv32ecxw/ilp32e\libgcc.a(div.o)
 .data          0x0000000000000000        0x0 c:/mounriver/mounriver_studio2/resources/app/resources/win32/components/wch/toolchain/risc-v embedded gcc/bin/../lib/gcc/riscv-none-embed/8.2.0/../../../../riscv-none-embed/lib/rv32ecxw/ilp32e\libg_nano.a(lib_a-memset.o)
 .bss           0x0000000000000000        0x0 c:/mounriver/mounriver_studio2/resources/app/resources/win32/components/wch/toolchain/risc-v embedded gcc/bin/../lib/gcc/riscv-none-embed/8.2.0/../../../../riscv-none-embed/lib/rv32ecxw/ilp32e\libg_nano.a(lib_a-memset.o)

Memory Configuration

Name             Origin             Length             Attributes
FLASH            0x0000000000000000 0x0000000000004000 xr
RAM              0x0000000020000000 0x0000000000000800 xrw
*default*        0x0000000000000000 0xffffffffffffffff

Linker script and memory map

LOAD ./User/ch32v00x_it.o
LOAD ./User/fonts.o
LOAD ./User/ili9341.o
LOAD ./User/main.o
LOAD ./User/system_ch32v00x.o
LOAD ./Startup/startup_ch32v00x.o
LOAD ./Peripheral/src/ch32v00x_adc.o
LOAD ./Peripheral/src/ch32v00x_dbgmcu.o
LOAD ./Peripheral/src/ch32v00x_dma.o
LOAD ./Peripheral/src/ch32v00x_exti.o
LOAD ./Peripheral/src/ch32v00x_flash.o
LOAD ./Peripheral/src/ch32v00x_gpio.o
LOAD ./Peripheral/src/ch32v00x_i2c.o
LOAD ./Peripheral/src/ch32v00x_iwdg.o
LOAD ./Peripheral/src/ch32v00x_misc.o
LOAD ./Peripheral/src/ch32v00x_opa.o
LOAD ./Peripheral/src/ch32v00x_pwr.o
LOAD ./Peripheral/src/ch32v00x_rcc.o
LOAD ./Peripheral/src/ch32v00x_spi.o
LOAD ./Peripheral/src/ch32v00x_tim.o
LOAD ./Peripheral/src/ch32v00x_usart.o
LOAD ./Peripheral/src/ch32v00x_wwdg.o
LOAD ./Debug/debug.o
LOAD ./Core/core_riscv.o
LOAD c:/mounriver/mounriver_studio2/resources/app/resources/win32/components/wch/toolchain/risc-v embedded gcc/bin/../lib/gcc/riscv-none-embed/8.2.0/../../../../riscv-none-embed/lib/rv32ecxw/ilp32e\libprintf.a
LOAD c:/mounriver/mounriver_studio2/resources/app/resources/win32/components/wch/toolchain/risc-v embedded gcc/bin/../lib/gcc/riscv-none-embed/8.2.0/rv32ecxw/ilp32e\libgcc.a
LOAD c:/mounriver/mounriver_studio2/resources/app/resources/win32/components/wch/toolchain/risc-v embedded gcc/bin/../lib/gcc/riscv-none-embed/8.2.0/../../../../riscv-none-embed/lib/rv32ecxw/ilp32e\libg_nano.a
LOAD c:/mounriver/mounriver_studio2/resources/app/resources/win32/components/wch/toolchain/risc-v embedded gcc/bin/../lib/gcc/riscv-none-embed/8.2.0/../../../../riscv-none-embed/lib/rv32ecxw/ilp32e\libc_nano.a
LOAD c:/mounriver/mounriver_studio2/resources/app/resources/win32/components/wch/toolchain/risc-v embedded gcc/bin/../lib/gcc/riscv-none-embed/8.2.0/rv32ecxw/ilp32e\libgcc.a
START GROUP
LOAD c:/mounriver/mounriver_studio2/resources/app/resources/win32/components/wch/toolchain/risc-v embedded gcc/bin/../lib/gcc/riscv-none-embed/8.2.0/rv32ecxw/ilp32e\libgcc.a
LOAD c:/mounriver/mounriver_studio2/resources/app/resources/win32/components/wch/toolchain/risc-v embedded gcc/bin/../lib/gcc/riscv-none-embed/8.2.0/../../../../riscv-none-embed/lib/rv32ecxw/ilp32e\libc_nano.a
LOAD c:/mounriver/mounriver_studio2/resources/app/resources/win32/components/wch/toolchain/risc-v embedded gcc/bin/../lib/gcc/riscv-none-embed/8.2.0/../../../../riscv-none-embed/lib/rv32ecxw/ilp32e\libnosys.a
END GROUP
START GROUP
LOAD c:/mounriver/mounriver_studio2/resources/app/resources/win32/components/wch/toolchain/risc-v embedded gcc/bin/../lib/gcc/riscv-none-embed/8.2.0/rv32ecxw/ilp32e\libgcc.a
LOAD c:/mounriver/mounriver_studio2/resources/app/resources/win32/components/wch/toolchain/risc-v embedded gcc/bin/../lib/gcc/riscv-none-embed/8.2.0/../../../../riscv-none-embed/lib/rv32ecxw/ilp32e\libc_nano.a
LOAD c:/mounriver/mounriver_studio2/resources/app/resources/win32/components/wch/toolchain/risc-v embedded gcc/bin/../lib/gcc/riscv-none-embed/8.2.0/../../../../riscv-none-embed/lib/rv32ecxw/ilp32e\libnosys.a
END GROUP
                0x0000000000000100                __stack_size = 0x100
                [!provide]                        PROVIDE (_stack_size = __stack_size)

.init           0x0000000000000000       0xa0
                0x0000000000000000                _sinit = .
                0x0000000000000000                . = ALIGN (0x4)
 *(SORT_NONE(.init))
 .init          0x0000000000000000       0x9e ./Startup/startup_ch32v00x.o
                0x0000000000000000                _start
                0x00000000000000a0                . = ALIGN (0x4)
 *fill*         0x000000000000009e        0x2 
                0x00000000000000a0                _einit = .

.highcodelalign
                0x00000000000000a0        0x0
                0x00000000000000a0                . = ALIGN (0x4)
                0x00000000000000a0                PROVIDE (_highcode_lma = .)

.highcode       0x0000000020000000        0x0 load address 0x00000000000000a0
                0x0000000020000000                . = ALIGN (0x4)
                0x0000000020000000                PROVIDE (_highcode_vma_start = .)
 *(.highcode)
 *(.highcode.*)
                0x0000000020000000                . = ALIGN (0x4)
                0x0000000020000000                PROVIDE (_highcode_vma_end = .)

.text           0x00000000000000a0     0x34a0
                0x00000000000000a0                . = ALIGN (0x4)
 *(.text)
 .text          0x00000000000000a0       0x14 c:/mounriver/mounriver_studio2/resources/app/resources/win32/components/wch/toolchain/risc-v embedded gcc/bin/../lib/gcc/riscv-none-embed/8.2.0/rv32ecxw/ilp32e\libgcc.a(save-restore.o)
                0x00000000000000a0                __riscv_save_1
                0x00000000000000a0                __riscv_save_2
                0x00000000000000a0                __riscv_save_0
                0x00000000000000aa                __riscv_restore_0
                0x00000000000000aa                __riscv_restore_1
                0x00000000000000aa                __riscv_restore_2
 .text          0x00000000000000b4       0x16 c:/mounriver/mounriver_studio2/resources/app/resources/win32/components/wch/toolchain/risc-v embedded gcc/bin/../lib/gcc/riscv-none-embed/8.2.0/rv32ecxw/ilp32e\libgcc.a(muldi3.o)
                0x00000000000000b4                __mulsi3
 *fill*         0x00000000000000ca        0x2 
 .text          0x00000000000000cc       0x7e c:/mounriver/mounriver_studio2/resources/app/resources/win32/components/wch/toolchain/risc-v embedded gcc/bin/../lib/gcc/riscv-none-embed/8.2.0/rv32ecxw/ilp32e\libgcc.a(div.o)
                0x00000000000000cc                __divsi3
                0x00000000000000d4                __udivsi3
                0x0000000000000100                __umodsi3
                0x0000000000000124                __modsi3
 .text          0x000000000000014a       0xa8 c:/mounriver/mounriver_studio2/resources/app/resources/win32/components/wch/toolchain/risc-v embedded gcc/bin/../lib/gcc/riscv-none-embed/8.2.0/../../../../riscv-none-embed/lib/rv32ecxw/ilp32e\libg_nano.a(lib_a-memset.o)
                0x000000000000014a                memset
 *(.text.*)
 .text.NMI_Handler
                0x00000000000001f2        0x2 ./User/ch32v00x_it.o
                0x00000000000001f2                NMI_Handler
 .text.HardFault_Handler
                0x00000000000001f4       0x10 ./User/ch32v00x_it.o
                0x00000000000001f4                HardFault_Handler
 .text.SPI_send_DMA
                0x0000000000000204       0x3e ./User/ili9341.o
 .text.SPI_send8
                0x0000000000000242       0x1e ./User/ili9341.o
 .text.write_data_8
                0x0000000000000260       0x30 ./User/ili9341.o
 .text.write_command_8
                0x0000000000000290       0x30 ./User/ili9341.o
 .text.spi_send16
                0x00000000000002c0       0x1a ./User/ili9341.o
                0x00000000000002c0                spi_send16
 .text.write_data_16
                0x00000000000002da       0x34 ./User/ili9341.o
 .text.tft_set_window
                0x000000000000030e       0x3a ./User/ili9341.o
 .text._tft_draw_fast_h_line
                0x0000000000000348       0x86 ./User/ili9341.o
 .text._tft_draw_fast_v_line
                0x00000000000003ce       0x86 ./User/ili9341.o
 .text.tft_init
                0x0000000000000454      0x202 ./User/ili9341.o
                0x0000000000000454                tft_init
 .text.tft_set_cursor
                0x0000000000000656        0xa ./User/ili9341.o
                0x0000000000000656                tft_set_cursor
 .text.tft_set_color
                0x0000000000000660        0xa ./User/ili9341.o
                0x0000000000000660                tft_set_color
 .text.tft_set_background_color
                0x000000000000066a        0xa ./User/ili9341.o
                0x000000000000066a                tft_set_background_color
 .text.tft_print_char
                0x0000000000000674       0xee ./User/ili9341.o
                0x0000000000000674                tft_print_char
 .text.tft_print
                0x0000000000000762       0x20 ./User/ili9341.o
                0x0000000000000762                tft_print
 .text.tft_draw_pixel
                0x0000000000000782       0x34 ./User/ili9341.o
                0x0000000000000782                tft_draw_pixel
 .text.tft_fill_rect
                0x00000000000007b6       0x98 ./User/ili9341.o
                0x00000000000007b6                tft_fill_rect
 .text.tft_draw_rect
                0x000000000000084e       0x78 ./User/ili9341.o
                0x000000000000084e                tft_draw_rect
 .text.tft_draw_line
                0x00000000000008c6      0x154 ./User/ili9341.o
                0x00000000000008c6                tft_draw_line
 .text.tft_draw_circle
                0x0000000000000a1a      0x18e ./User/ili9341.o
                0x0000000000000a1a                tft_draw_circle
 .text.tft_fill_circle
                0x0000000000000ba8      0x104 ./User/ili9341.o
                0x0000000000000ba8                tft_fill_circle
 .text.TIM1_PWMOut_Init
                0x0000000000000cac      0x176 ./User/main.o
                0x0000000000000cac                TIM1_PWMOut_Init
 .text.TIM1_DMA_Init
                0x0000000000000e22       0x94 ./User/main.o
                0x0000000000000e22                TIM1_DMA_Init
 .text.DMA1_Channel5_IRQHandler
                0x0000000000000eb6       0x70 ./User/main.o
                0x0000000000000eb6                DMA1_Channel5_IRQHandler
 .text.TIM2_INT_Init
                0x0000000000000f26       0x6c ./User/main.o
                0x0000000000000f26                TIM2_INT_Init
 .text.TIM1_UP_IRQHandler
                0x0000000000000f92       0x24 ./User/main.o
                0x0000000000000f92                TIM1_UP_IRQHandler
 .text.TIM2_IRQHandler
                0x0000000000000fb6       0x30 ./User/main.o
                0x0000000000000fb6                TIM2_IRQHandler
 .text.init_ADC
                0x0000000000000fe6       0xc4 ./User/main.o
                0x0000000000000fe6                init_ADC
 .text.DMA_Tx_Init
                0x00000000000010aa       0x62 ./User/main.o
                0x00000000000010aa                DMA_Tx_Init
 .text.init_DMA
                0x000000000000110c       0x42 ./User/main.o
                0x000000000000110c                init_DMA
 .text.disp_ADC
                0x000000000000114e       0xdc ./User/main.o
                0x000000000000114e                disp_ADC
 .text.disp_TIM2
                0x000000000000122a       0x80 ./User/main.o
                0x000000000000122a                disp_TIM2
 .text.disp_MENU
                0x00000000000012aa      0x120 ./User/main.o
                0x00000000000012aa                disp_MENU
 .text.rand16   0x00000000000013ca       0x40 ./User/main.o
                0x00000000000013ca                rand16
 .text.random_dot
                0x000000000000140a      0x130 ./User/main.o
                0x000000000000140a                random_dot
 .text.scan_hline
                0x000000000000153a       0x7c ./User/main.o
                0x000000000000153a                scan_hline
 .text.scan_vline
                0x00000000000015b6       0x7e ./User/main.o
                0x00000000000015b6                scan_vline
 .text.random_line
                0x0000000000001634       0xc8 ./User/main.o
                0x0000000000001634                random_line
 .text.center_rect
                0x00000000000016fc       0x96 ./User/main.o
                0x00000000000016fc                center_rect
 .text.random_rect
                0x0000000000001792       0xa6 ./User/main.o
                0x0000000000001792                random_rect
 .text.fill_rect
                0x0000000000001838       0xa6 ./User/main.o
                0x0000000000001838                fill_rect
 .text.move_rect
                0x00000000000018de       0xc6 ./User/main.o
                0x00000000000018de                move_rect
 .text.random_circ
                0x00000000000019a4       0xa2 ./User/main.o
                0x00000000000019a4                random_circ
 .text.fill_circ
                0x0000000000001a46       0xa2 ./User/main.o
                0x0000000000001a46                fill_circ
 .text.demo_LCD
                0x0000000000001ae8       0x30 ./User/main.o
                0x0000000000001ae8                demo_LCD
 .text.startup.main
                0x0000000000001b18      0x114 ./User/main.o
                0x0000000000001b18                main
 .text.SystemInit
                0x0000000000001c2c      0x134 ./User/system_ch32v00x.o
                0x0000000000001c2c                SystemInit
 .text.SystemCoreClockUpdate
                0x0000000000001d60       0x6c ./User/system_ch32v00x.o
                0x0000000000001d60                SystemCoreClockUpdate
 .text.vector_handler
                0x0000000000001dcc        0x2 ./Startup/startup_ch32v00x.o
                0x0000000000001dcc                TIM1_CC_IRQHandler
                0x0000000000001dcc                SysTick_Handler
                0x0000000000001dcc                PVD_IRQHandler
                0x0000000000001dcc                SPI1_IRQHandler
                0x0000000000001dcc                AWU_IRQHandler
                0x0000000000001dcc                EXTI7_0_IRQHandler
                0x0000000000001dcc                DMA1_Channel4_IRQHandler
                0x0000000000001dcc                ADC1_IRQHandler
                0x0000000000001dcc                DMA1_Channel7_IRQHandler
                0x0000000000001dcc                I2C1_EV_IRQHandler
                0x0000000000001dcc                DMA1_Channel6_IRQHandler
                0x0000000000001dcc                RCC_IRQHandler
                0x0000000000001dcc                TIM1_TRG_COM_IRQHandler
                0x0000000000001dcc                DMA1_Channel1_IRQHandler
                0x0000000000001dcc                DMA1_Channel3_IRQHandler
                0x0000000000001dcc                WWDG_IRQHandler
                0x0000000000001dcc                SW_Handler
                0x0000000000001dcc                TIM1_BRK_IRQHandler
                0x0000000000001dcc                DMA1_Channel2_IRQHandler
                0x0000000000001dcc                FLASH_IRQHandler
                0x0000000000001dcc                USART1_IRQHandler
                0x0000000000001dcc                I2C1_ER_IRQHandler
 .text.handle_reset
                0x0000000000001dce       0xb0 ./Startup/startup_ch32v00x.o
                0x0000000000001dce                handle_reset
 .text.ADC_DeInit
                0x0000000000001e7e       0x26 ./Peripheral/src/ch32v00x_adc.o
                0x0000000000001e7e                ADC_DeInit
 .text.ADC_Init
                0x0000000000001ea4       0x4e ./Peripheral/src/ch32v00x_adc.o
                0x0000000000001ea4                ADC_Init
 .text.ADC_Cmd  0x0000000000001ef2       0x10 ./Peripheral/src/ch32v00x_adc.o
                0x0000000000001ef2                ADC_Cmd
 .text.ADC_DMACmd
                0x0000000000001f02       0x12 ./Peripheral/src/ch32v00x_adc.o
                0x0000000000001f02                ADC_DMACmd
 .text.ADC_ResetCalibration
                0x0000000000001f14        0xa ./Peripheral/src/ch32v00x_adc.o
                0x0000000000001f14                ADC_ResetCalibration
 .text.ADC_GetResetCalibrationStatus
                0x0000000000001f1e        0x8 ./Peripheral/src/ch32v00x_adc.o
                0x0000000000001f1e                ADC_GetResetCalibrationStatus
 .text.ADC_StartCalibration
                0x0000000000001f26        0xa ./Peripheral/src/ch32v00x_adc.o
                0x0000000000001f26                ADC_StartCalibration
 .text.ADC_GetCalibrationStatus
                0x0000000000001f30        0x8 ./Peripheral/src/ch32v00x_adc.o
                0x0000000000001f30                ADC_GetCalibrationStatus
 .text.ADC_SoftwareStartConvCmd
                0x0000000000001f38       0x18 ./Peripheral/src/ch32v00x_adc.o
                0x0000000000001f38                ADC_SoftwareStartConvCmd
 .text.ADC_RegularChannelConfig
                0x0000000000001f50       0xba ./Peripheral/src/ch32v00x_adc.o
                0x0000000000001f50                ADC_RegularChannelConfig
 .text.ADC_Calibration_Vol
                0x000000000000200a       0x14 ./Peripheral/src/ch32v00x_adc.o
                0x000000000000200a                ADC_Calibration_Vol
 .text.DBGMCU_GetCHIPID
                0x000000000000201e        0xa ./Peripheral/src/ch32v00x_dbgmcu.o
                0x000000000000201e                DBGMCU_GetCHIPID
 .text.DMA_DeInit
                0x0000000000002028       0x92 ./Peripheral/src/ch32v00x_dma.o
                0x0000000000002028                DMA_DeInit
 .text.DMA_Init
                0x00000000000020ba       0x38 ./Peripheral/src/ch32v00x_dma.o
                0x00000000000020ba                DMA_Init
 .text.DMA_Cmd  0x00000000000020f2       0x14 ./Peripheral/src/ch32v00x_dma.o
                0x00000000000020f2                DMA_Cmd
 .text.DMA_ITConfig
                0x0000000000002106       0x12 ./Peripheral/src/ch32v00x_dma.o
                0x0000000000002106                DMA_ITConfig
 .text.DMA_GetFlagStatus
                0x0000000000002118        0xe ./Peripheral/src/ch32v00x_dma.o
                0x0000000000002118                DMA_GetFlagStatus
 .text.DMA_GetITStatus
                0x0000000000002126        0xc ./Peripheral/src/ch32v00x_dma.o
                0x0000000000002126                DMA_GetITStatus
 .text.DMA_ClearITPendingBit
                0x0000000000002132        0x8 ./Peripheral/src/ch32v00x_dma.o
                0x0000000000002132                DMA_ClearITPendingBit
 .text.GPIO_DeInit
                0x000000000000213a       0x48 ./Peripheral/src/ch32v00x_gpio.o
                0x000000000000213a                GPIO_DeInit
 .text.GPIO_AFIODeInit
                0x0000000000002182       0x14 ./Peripheral/src/ch32v00x_gpio.o
                0x0000000000002182                GPIO_AFIODeInit
 .text.GPIO_Init
                0x0000000000002196       0x7c ./Peripheral/src/ch32v00x_gpio.o
                0x0000000000002196                GPIO_Init
 .text.GPIO_ReadOutputDataBit
                0x0000000000002212        0xa ./Peripheral/src/ch32v00x_gpio.o
                0x0000000000002212                GPIO_ReadOutputDataBit
 .text.GPIO_SetBits
                0x000000000000221c        0x4 ./Peripheral/src/ch32v00x_gpio.o
                0x000000000000221c                GPIO_SetBits
 .text.GPIO_ResetBits
                0x0000000000002220        0x4 ./Peripheral/src/ch32v00x_gpio.o
                0x0000000000002220                GPIO_ResetBits
 .text.NVIC_PriorityGroupConfig
                0x0000000000002224        0x6 ./Peripheral/src/ch32v00x_misc.o
                0x0000000000002224                NVIC_PriorityGroupConfig
 .text.NVIC_Init
                0x000000000000222a       0x54 ./Peripheral/src/ch32v00x_misc.o
                0x000000000000222a                NVIC_Init
 .text.RCC_AdjustHSICalibrationValue
                0x000000000000227e       0x12 ./Peripheral/src/ch32v00x_rcc.o
                0x000000000000227e                RCC_AdjustHSICalibrationValue
 .text.RCC_ADCCLKConfig
                0x0000000000002290       0x14 ./Peripheral/src/ch32v00x_rcc.o
                0x0000000000002290                RCC_ADCCLKConfig
 .text.RCC_GetClocksFreq
                0x00000000000022a4       0xa2 ./Peripheral/src/ch32v00x_rcc.o
                0x00000000000022a4                RCC_GetClocksFreq
 .text.RCC_AHBPeriphClockCmd
                0x0000000000002346       0x1e ./Peripheral/src/ch32v00x_rcc.o
                0x0000000000002346                RCC_AHBPeriphClockCmd
 .text.RCC_APB2PeriphClockCmd
                0x0000000000002364       0x1e ./Peripheral/src/ch32v00x_rcc.o
                0x0000000000002364                RCC_APB2PeriphClockCmd
 .text.RCC_APB1PeriphClockCmd
                0x0000000000002382       0x1e ./Peripheral/src/ch32v00x_rcc.o
                0x0000000000002382                RCC_APB1PeriphClockCmd
 .text.RCC_APB2PeriphResetCmd
                0x00000000000023a0       0x1e ./Peripheral/src/ch32v00x_rcc.o
                0x00000000000023a0                RCC_APB2PeriphResetCmd
 .text.RCC_APB1PeriphResetCmd
                0x00000000000023be       0x1e ./Peripheral/src/ch32v00x_rcc.o
                0x00000000000023be                RCC_APB1PeriphResetCmd
 .text.SPI_I2S_DeInit
                0x00000000000023dc       0x22 ./Peripheral/src/ch32v00x_spi.o
                0x00000000000023dc                SPI_I2S_DeInit
 .text.SPI_Init
                0x00000000000023fe       0x32 ./Peripheral/src/ch32v00x_spi.o
                0x00000000000023fe                SPI_Init
 .text.SPI_Cmd  0x0000000000002430       0x1a ./Peripheral/src/ch32v00x_spi.o
                0x0000000000002430                SPI_Cmd
 .text.SPI_I2S_DMACmd
                0x000000000000244a       0x12 ./Peripheral/src/ch32v00x_spi.o
                0x000000000000244a                SPI_I2S_DMACmd
 .text.TIM_DeInit
                0x000000000000245c       0x44 ./Peripheral/src/ch32v00x_tim.o
                0x000000000000245c                TIM_DeInit
 .text.TIM_TimeBaseInit
                0x00000000000024a0       0x4e ./Peripheral/src/ch32v00x_tim.o
                0x00000000000024a0                TIM_TimeBaseInit
 .text.TIM_OC1Init
                0x00000000000024ee       0x6a ./Peripheral/src/ch32v00x_tim.o
                0x00000000000024ee                TIM_OC1Init
 .text.TIM_OC2Init
                0x0000000000002558       0x96 ./Peripheral/src/ch32v00x_tim.o
                0x0000000000002558                TIM_OC2Init
 .text.TIM_BDTRConfig
                0x00000000000025ee       0x20 ./Peripheral/src/ch32v00x_tim.o
                0x00000000000025ee                TIM_BDTRConfig
 .text.TIM_Cmd  0x000000000000260e       0x18 ./Peripheral/src/ch32v00x_tim.o
                0x000000000000260e                TIM_Cmd
 .text.TIM_CtrlPWMOutputs
                0x0000000000002626       0x16 ./Peripheral/src/ch32v00x_tim.o
                0x0000000000002626                TIM_CtrlPWMOutputs
 .text.TIM_ITConfig
                0x000000000000263c       0x12 ./Peripheral/src/ch32v00x_tim.o
                0x000000000000263c                TIM_ITConfig
 .text.TIM_DMACmd
                0x000000000000264e        0xc ./Peripheral/src/ch32v00x_tim.o
                0x000000000000264e                TIM_DMACmd
 .text.TIM_ARRPreloadConfig
                0x000000000000265a       0x1a ./Peripheral/src/ch32v00x_tim.o
                0x000000000000265a                TIM_ARRPreloadConfig
 .text.TIM_OC1PreloadConfig
                0x0000000000002674        0xe ./Peripheral/src/ch32v00x_tim.o
                0x0000000000002674                TIM_OC1PreloadConfig
 .text.TIM_OC2PreloadConfig
                0x0000000000002682       0x16 ./Peripheral/src/ch32v00x_tim.o
                0x0000000000002682                TIM_OC2PreloadConfig
 .text.TIM_GetITStatus
                0x0000000000002698       0x18 ./Peripheral/src/ch32v00x_tim.o
                0x0000000000002698                TIM_GetITStatus
 .text.TIM_ClearITPendingBit
                0x00000000000026b0        0xc ./Peripheral/src/ch32v00x_tim.o
                0x00000000000026b0                TIM_ClearITPendingBit
 .text.USART_DeInit
                0x00000000000026bc       0x26 ./Peripheral/src/ch32v00x_usart.o
                0x00000000000026bc                USART_DeInit
 .text.USART_Init
                0x00000000000026e2       0xce ./Peripheral/src/ch32v00x_usart.o
                0x00000000000026e2                USART_Init
 .text.USART_Cmd
                0x00000000000027b0       0x16 ./Peripheral/src/ch32v00x_usart.o
                0x00000000000027b0                USART_Cmd
 .text.USART_SendData
                0x00000000000027c6        0x8 ./Peripheral/src/ch32v00x_usart.o
                0x00000000000027c6                USART_SendData
 .text.USART_GetFlagStatus
                0x00000000000027ce        0xa ./Peripheral/src/ch32v00x_usart.o
                0x00000000000027ce                USART_GetFlagStatus
 .text.Delay_Init
                0x00000000000027d8       0x34 ./Debug/debug.o
                0x00000000000027d8                Delay_Init
 .text.Delay_Ms
                0x000000000000280c       0x3a ./Debug/debug.o
                0x000000000000280c                Delay_Ms
 .text.USART_Printf_Init
                0x0000000000002846       0x5c ./Debug/debug.o
                0x0000000000002846                USART_Printf_Init
 .text._write   0x00000000000028a2       0x50 ./Debug/debug.o
                0x00000000000028a2                _write
 .text.printchar
                0x00000000000028f2       0x4a c:/mounriver/mounriver_studio2/resources/app/resources/win32/components/wch/toolchain/risc-v embedded gcc/bin/../lib/gcc/riscv-none-embed/8.2.0/../../../../riscv-none-embed/lib/rv32ecxw/ilp32e\libprintf.a(wchprintf.o)
                0x00000000000028f2                printchar
 .text.prints   0x000000000000293c       0xee c:/mounriver/mounriver_studio2/resources/app/resources/win32/components/wch/toolchain/risc-v embedded gcc/bin/../lib/gcc/riscv-none-embed/8.2.0/../../../../riscv-none-embed/lib/rv32ecxw/ilp32e\libprintf.a(wchprintf.o)
                0x000000000000293c                prints
 .text.printInt
                0x0000000000002a2a      0x11a c:/mounriver/mounriver_studio2/resources/app/resources/win32/components/wch/toolchain/risc-v embedded gcc/bin/../lib/gcc/riscv-none-embed/8.2.0/../../../../riscv-none-embed/lib/rv32ecxw/ilp32e\libprintf.a(wchprintf.o)
                0x0000000000002a2a                printInt
 .text.printLongLongInt
                0x0000000000002b44        0x4 c:/mounriver/mounriver_studio2/resources/app/resources/win32/components/wch/toolchain/risc-v embedded gcc/bin/../lib/gcc/riscv-none-embed/8.2.0/../../../../riscv-none-embed/lib/rv32ecxw/ilp32e\libprintf.a(wchprintf.o)
                0x0000000000002b44                printLongLongInt
 .text.printDouble
                0x0000000000002b48        0x4 c:/mounriver/mounriver_studio2/resources/app/resources/win32/components/wch/toolchain/risc-v embedded gcc/bin/../lib/gcc/riscv-none-embed/8.2.0/../../../../riscv-none-embed/lib/rv32ecxw/ilp32e\libprintf.a(wchprintf.o)
                0x0000000000002b48                printDouble
 .text.print    0x0000000000002b4c      0x360 c:/mounriver/mounriver_studio2/resources/app/resources/win32/components/wch/toolchain/risc-v embedded gcc/bin/../lib/gcc/riscv-none-embed/8.2.0/../../../../riscv-none-embed/lib/rv32ecxw/ilp32e\libprintf.a(wchprintf.o)
                0x0000000000002b4c                print
 .text.printf   0x0000000000002eac       0x24 c:/mounriver/mounriver_studio2/resources/app/resources/win32/components/wch/toolchain/risc-v embedded gcc/bin/../lib/gcc/riscv-none-embed/8.2.0/../../../../riscv-none-embed/lib/rv32ecxw/ilp32e\libprintf.a(wchprintf.o)
                0x0000000000002eac                printf
 .text.sprintf  0x0000000000002ed0       0x28 c:/mounriver/mounriver_studio2/resources/app/resources/win32/components/wch/toolchain/risc-v embedded gcc/bin/../lib/gcc/riscv-none-embed/8.2.0/../../../../riscv-none-embed/lib/rv32ecxw/ilp32e\libprintf.a(wchprintf.o)
                0x0000000000002ed0                sprintf
 *(.rodata)
 *(.rodata*)
 *fill*         0x0000000000002ef8        0x0 
 .rodata.font   0x0000000000002ef8      0x500 ./User/ili9341.o
 .rodata.gamma_n
                0x00000000000033f8       0x10 ./User/ili9341.o
                0x00000000000033f8                gamma_n
 .rodata.gamma_p
                0x0000000000003408       0x10 ./User/ili9341.o
                0x0000000000003408                gamma_p
 .rodata.disp_ADC.str1.4
                0x0000000000003418       0x13 ./User/main.o
 *fill*         0x000000000000342b        0x1 
 .rodata.disp_MENU.str1.4
                0x000000000000342c       0xda ./User/main.o
 *fill*         0x0000000000003506        0x2 
 .rodata.disp_TIM2.str1.4
                0x0000000000003508        0xf ./User/main.o
 *fill*         0x0000000000003517        0x1 
 .rodata.main.str1.4
                0x0000000000003518       0x1e ./User/main.o
 *fill*         0x0000000000003536        0x2 
 .rodata.print.str1.4
                0x0000000000003538        0x8 c:/mounriver/mounriver_studio2/resources/app/resources/win32/components/wch/toolchain/risc-v embedded gcc/bin/../lib/gcc/riscv-none-embed/8.2.0/../../../../riscv-none-embed/lib/rv32ecxw/ilp32e\libprintf.a(wchprintf.o)
                                          0x7 (size before relaxing)
 *(.gnu.linkonce.t.*)
                0x0000000000003540                . = ALIGN (0x4)

.rela.dyn       0x0000000000003540        0x0
 .rela.text.startup.main
                0x0000000000003540        0x0 ./User/ch32v00x_it.o
 .rela.init     0x0000000000003540        0x0 ./User/ch32v00x_it.o
 .rela.text.handle_reset
                0x0000000000003540        0x0 ./User/ch32v00x_it.o
 .rela.text.prints
                0x0000000000003540        0x0 ./User/ch32v00x_it.o
 .rela.text.printInt
                0x0000000000003540        0x0 ./User/ch32v00x_it.o
 .rela.text.print
                0x0000000000003540        0x0 ./User/ch32v00x_it.o
 .rela.text.printf
                0x0000000000003540        0x0 ./User/ch32v00x_it.o
 .rela.text.sprintf
                0x0000000000003540        0x0 ./User/ch32v00x_it.o

.fini           0x0000000000003540        0x0
 *(SORT_NONE(.fini))
                0x0000000000003540                . = ALIGN (0x4)
                [!provide]                        PROVIDE (_etext = .)
                [!provide]                        PROVIDE (_eitcm = .)

.preinit_array  0x0000000000003540        0x0
                [!provide]                        PROVIDE (__preinit_array_start = .)
 *(.preinit_array)
                [!provide]                        PROVIDE (__preinit_array_end = .)

.init_array     0x0000000000003540        0x0
                [!provide]                        PROVIDE (__init_array_start = .)
 *(SORT_BY_INIT_PRIORITY(.init_array.*) SORT_BY_INIT_PRIORITY(.ctors.*))
 *(.init_array EXCLUDE_FILE(*crtend?.o *crtend.o *crtbegin?.o *crtbegin.o) .ctors)
                [!provide]                        PROVIDE (__init_array_end = .)

.fini_array     0x0000000000003540        0x0
                [!provide]                        PROVIDE (__fini_array_start = .)
 *(SORT_BY_INIT_PRIORITY(.fini_array.*) SORT_BY_INIT_PRIORITY(.dtors.*))
 *(.fini_array EXCLUDE_FILE(*crtend?.o *crtend.o *crtbegin?.o *crtbegin.o) .dtors)
                [!provide]                        PROVIDE (__fini_array_end = .)

.ctors
 *crtbegin.o(.ctors)
 *crtbegin?.o(.ctors)
 *(EXCLUDE_FILE(*crtend?.o *crtend.o) .ctors)
 *(SORT_BY_NAME(.ctors.*))
 *(.ctors)

.dtors
 *crtbegin.o(.dtors)
 *crtbegin?.o(.dtors)
 *(EXCLUDE_FILE(*crtend?.o *crtend.o) .dtors)
 *(SORT_BY_NAME(.dtors.*))
 *(.dtors)

.dalign         0x0000000020000000        0x0 load address 0x0000000000003540
                0x0000000020000000                . = ALIGN (0x4)
                0x0000000020000000                PROVIDE (_data_vma = .)

.dlalign        0x0000000000003540        0x0
                0x0000000000003540                . = ALIGN (0x4)
                0x0000000000003540                PROVIDE (_data_lma = .)

.data           0x0000000020000000       0xe8 load address 0x0000000000003540
                0x0000000020000000                . = ALIGN (0x4)
 *(.gnu.linkonce.r.*)
 *(.data .data.*)
 .data._color   0x0000000020000000        0x2 ./User/ili9341.o
 *fill*         0x0000000020000002        0x2 
 .data.colors   0x0000000020000004       0x26 ./User/main.o
                0x0000000020000004                colors
 *fill*         0x000000002000002a        0x2 
 .data.lfsr     0x000000002000002c        0x4 ./User/main.o
                0x000000002000002c                lfsr
 .data.sine_fdb
                0x0000000020000030       0x7c ./User/main.o
                0x0000000020000030                sine_fdb
 .data.timer2_flag
                0x00000000200000ac        0x1 ./User/main.o
 *fill*         0x00000000200000ad        0x3 
 .data.AHBPrescTable
                0x00000000200000b0       0x10 ./User/system_ch32v00x.o
                0x00000000200000b0                AHBPrescTable
 .data.SystemCoreClock
                0x00000000200000c0        0x4 ./User/system_ch32v00x.o
                0x00000000200000c0                SystemCoreClock
 .data.ADCPrescTable
                0x00000000200000c4       0x14 ./Peripheral/src/ch32v00x_rcc.o
 .data.APBAHBPrescTable
                0x00000000200000d8       0x10 ./Peripheral/src/ch32v00x_rcc.o
 *(.gnu.linkonce.d.*)
                0x00000000200000e8                . = ALIGN (0x8)
                0x00000000200008e8                PROVIDE (__global_pointer$ = (. + 0x800))
 *(.sdata .sdata.*)
 *(.sdata2*)
 *(.gnu.linkonce.s.*)
                0x00000000200000e8                . = ALIGN (0x8)
 *(.srodata.cst16)
 *(.srodata.cst8)
 *(.srodata.cst4)
 *(.srodata.cst2)
 *(.srodata .srodata.*)
                0x00000000200000e8                . = ALIGN (0x4)
                0x00000000200000e8                PROVIDE (_edata = .)

.bss            0x00000000200000e8      0x144 load address 0x0000000000003628
                0x00000000200000e8                . = ALIGN (0x4)
                0x00000000200000e8                PROVIDE (_sbss = .)
 *(.sbss*)
 *(.gnu.linkonce.sb.*)
 *(.bss*)
 .bss._bg_color
                0x00000000200000e8        0x2 ./User/ili9341.o
 *fill*         0x00000000200000ea        0x2 
 .bss._buffer   0x00000000200000ec      0x100 ./User/ili9341.o
 .bss._cursor_x
                0x00000000200001ec        0x2 ./User/ili9341.o
 .bss._cursor_y
                0x00000000200001ee        0x2 ./User/ili9341.o
 .bss.adc_BUF   0x00000000200001f0       0x16 ./User/main.o
                0x00000000200001f0                adc_BUF
 *fill*         0x0000000020000206        0x2 
 .bss.adc_val   0x0000000020000208        0x4 ./User/main.o
                0x0000000020000208                adc_val
 .bss.dec_str   0x000000002000020c        0x9 ./User/main.o
                0x000000002000020c                dec_str
 *fill*         0x0000000020000215        0x3 
 .bss.frame     0x0000000020000218        0x4 ./User/main.o
                0x0000000020000218                frame
 .bss.mv_val    0x000000002000021c        0x4 ./User/main.o
                0x000000002000021c                mv_val
 .bss.timer2_cnt
                0x0000000020000220        0x4 ./User/main.o
                0x0000000020000220                timer2_cnt
 .bss.NVIC_Priority_Group
                0x0000000020000224        0x4 ./Peripheral/src/ch32v00x_misc.o
                0x0000000020000224                NVIC_Priority_Group
 .bss.p_ms      0x0000000020000228        0x2 ./Debug/debug.o
 .bss.p_us      0x000000002000022a        0x1 ./Debug/debug.o
 *(.gnu.linkonce.b.*)
 *(COMMON*)
                0x000000002000022c                . = ALIGN (0x4)
 *fill*         0x000000002000022b        0x1 
                0x000000002000022c                PROVIDE (_ebss = .)
                0x000000002000022c                PROVIDE (_end = _ebss)
                [!provide]                        PROVIDE (end = .)

.stack          0x0000000020000700      0x100
                0x0000000020000700                PROVIDE (_heap_end = .)
                0x0000000020000700                . = ALIGN (0x4)
                [!provide]                        PROVIDE (_susrstack = .)
                0x0000000020000800                . = (. + __stack_size)
 *fill*         0x0000000020000700      0x100 
                0x0000000020000800                PROVIDE (_eusrstack = .)
OUTPUT(TIM_DMA_ILI9341_SPI_DMA.elf elf32-littleriscv)

.debug_info     0x0000000000000000    0x12c65
 .debug_info    0x0000000000000000      0xbc0 ./User/ch32v00x_it.o
 .debug_info    0x0000000000000bc0     0x2ade ./User/ili9341.o
 .debug_info    0x000000000000369e     0x3147 ./User/main.o
 .debug_info    0x00000000000067e5      0xc94 ./User/system_ch32v00x.o
 .debug_info    0x0000000000007479       0x22 ./Startup/startup_ch32v00x.o
 .debug_info    0x000000000000749b     0x1526 ./Peripheral/src/ch32v00x_adc.o
 .debug_info    0x00000000000089c1      0xa94 ./Peripheral/src/ch32v00x_dbgmcu.o
 .debug_info    0x0000000000009455      0xd17 ./Peripheral/src/ch32v00x_dma.o
 .debug_info    0x000000000000a16c     0x1034 ./Peripheral/src/ch32v00x_gpio.o
 .debug_info    0x000000000000b1a0      0xdca ./Peripheral/src/ch32v00x_misc.o
 .debug_info    0x000000000000bf6a     0x108c ./Peripheral/src/ch32v00x_rcc.o
 .debug_info    0x000000000000cff6     0x1068 ./Peripheral/src/ch32v00x_spi.o
 .debug_info    0x000000000000e05e     0x297f ./Peripheral/src/ch32v00x_tim.o
 .debug_info    0x00000000000109dd     0x1351 ./Peripheral/src/ch32v00x_usart.o
 .debug_info    0x0000000000011d2e      0xf37 ./Debug/debug.o

.debug_abbrev   0x0000000000000000     0x2d6d
 .debug_abbrev  0x0000000000000000      0x22c ./User/ch32v00x_it.o
 .debug_abbrev  0x000000000000022c      0x4a6 ./User/ili9341.o
 .debug_abbrev  0x00000000000006d2      0x3e2 ./User/main.o
 .debug_abbrev  0x0000000000000ab4      0x2ee ./User/system_ch32v00x.o
 .debug_abbrev  0x0000000000000da2       0x12 ./Startup/startup_ch32v00x.o
 .debug_abbrev  0x0000000000000db4      0x307 ./Peripheral/src/ch32v00x_adc.o
 .debug_abbrev  0x00000000000010bb      0x2f7 ./Peripheral/src/ch32v00x_dbgmcu.o
 .debug_abbrev  0x00000000000013b2      0x302 ./Peripheral/src/ch32v00x_dma.o
 .debug_abbrev  0x00000000000016b4      0x309 ./Peripheral/src/ch32v00x_gpio.o
 .debug_abbrev  0x00000000000019bd      0x2ea ./Peripheral/src/ch32v00x_misc.o
 .debug_abbrev  0x0000000000001ca7      0x389 ./Peripheral/src/ch32v00x_rcc.o
 .debug_abbrev  0x0000000000002030      0x303 ./Peripheral/src/ch32v00x_spi.o
 .debug_abbrev  0x0000000000002333      0x408 ./Peripheral/src/ch32v00x_tim.o
 .debug_abbrev  0x000000000000273b      0x323 ./Peripheral/src/ch32v00x_usart.o
 .debug_abbrev  0x0000000000002a5e      0x30f ./Debug/debug.o

.debug_aranges  0x0000000000000000      0xad0
 .debug_aranges
                0x0000000000000000       0x28 ./User/ch32v00x_it.o
 .debug_aranges
                0x0000000000000028      0x108 ./User/ili9341.o
 .debug_aranges
                0x0000000000000130       0xe8 ./User/main.o
 .debug_aranges
                0x0000000000000218       0x28 ./User/system_ch32v00x.o
 .debug_aranges
                0x0000000000000240       0x30 ./Startup/startup_ch32v00x.o
 .debug_aranges
                0x0000000000000270      0x138 ./Peripheral/src/ch32v00x_adc.o
 .debug_aranges
                0x00000000000003a8       0x48 ./Peripheral/src/ch32v00x_dbgmcu.o
 .debug_aranges
                0x00000000000003f0       0x60 ./Peripheral/src/ch32v00x_dma.o
 .debug_aranges
                0x0000000000000450       0x98 ./Peripheral/src/ch32v00x_gpio.o
 .debug_aranges
                0x00000000000004e8       0x28 ./Peripheral/src/ch32v00x_misc.o
 .debug_aranges
                0x0000000000000510       0xe0 ./Peripheral/src/ch32v00x_rcc.o
 .debug_aranges
                0x00000000000005f0       0xb8 ./Peripheral/src/ch32v00x_spi.o
 .debug_aranges
                0x00000000000006a8      0x2d8 ./Peripheral/src/ch32v00x_tim.o
 .debug_aranges
                0x0000000000000980      0x100 ./Peripheral/src/ch32v00x_usart.o
 .debug_aranges
                0x0000000000000a80       0x50 ./Debug/debug.o

.debug_ranges   0x0000000000000000      0xc50
 .debug_ranges  0x0000000000000000       0x18 ./User/ch32v00x_it.o
 .debug_ranges  0x0000000000000018      0x208 ./User/ili9341.o
 .debug_ranges  0x0000000000000220      0x180 ./User/main.o
 .debug_ranges  0x00000000000003a0       0x50 ./User/system_ch32v00x.o
 .debug_ranges  0x00000000000003f0       0x28 ./Startup/startup_ch32v00x.o
 .debug_ranges  0x0000000000000418      0x128 ./Peripheral/src/ch32v00x_adc.o
 .debug_ranges  0x0000000000000540       0x50 ./Peripheral/src/ch32v00x_dbgmcu.o
 .debug_ranges  0x0000000000000590       0x50 ./Peripheral/src/ch32v00x_dma.o
 .debug_ranges  0x00000000000005e0       0x88 ./Peripheral/src/ch32v00x_gpio.o
 .debug_ranges  0x0000000000000668       0x48 ./Peripheral/src/ch32v00x_misc.o
 .debug_ranges  0x00000000000006b0       0xd0 ./Peripheral/src/ch32v00x_rcc.o
 .debug_ranges  0x0000000000000780       0xa8 ./Peripheral/src/ch32v00x_spi.o
 .debug_ranges  0x0000000000000828      0x2f8 ./Peripheral/src/ch32v00x_tim.o
 .debug_ranges  0x0000000000000b20       0xf0 ./Peripheral/src/ch32v00x_usart.o
 .debug_ranges  0x0000000000000c10       0x40 ./Debug/debug.o

.debug_line     0x0000000000000000     0xd8f0
 .debug_line    0x0000000000000000      0x30c ./User/ch32v00x_it.o
 .debug_line    0x000000000000030c     0x1ec9 ./User/ili9341.o
 .debug_line    0x00000000000021d5     0x1d2e ./User/main.o
 .debug_line    0x0000000000003f03      0x72e ./User/system_ch32v00x.o
 .debug_line    0x0000000000004631      0x148 ./Startup/startup_ch32v00x.o
 .debug_line    0x0000000000004779     0x149a ./Peripheral/src/ch32v00x_adc.o
 .debug_line    0x0000000000005c13      0x3e7 ./Peripheral/src/ch32v00x_dbgmcu.o
 .debug_line    0x0000000000005ffa      0x7f5 ./Peripheral/src/ch32v00x_dma.o
 .debug_line    0x00000000000067ef      0xc55 ./Peripheral/src/ch32v00x_gpio.o
 .debug_line    0x0000000000007444      0x435 ./Peripheral/src/ch32v00x_misc.o
 .debug_line    0x0000000000007879      0xe5c ./Peripheral/src/ch32v00x_rcc.o
 .debug_line    0x00000000000086d5      0xa2f ./Peripheral/src/ch32v00x_spi.o
 .debug_line    0x0000000000009104     0x30b7 ./Peripheral/src/ch32v00x_tim.o
 .debug_line    0x000000000000c1bb      0xf66 ./Peripheral/src/ch32v00x_usart.o
 .debug_line    0x000000000000d121      0x7cf ./Debug/debug.o

.debug_str      0x0000000000000000     0x310f
 .debug_str     0x0000000000000000      0x609 ./User/ch32v00x_it.o
                                        0x683 (size before relaxing)
 .debug_str     0x0000000000000609      0x6a7 ./User/ili9341.o
                                        0xcf7 (size before relaxing)
 .debug_str     0x0000000000000cb0      0xb60 ./User/main.o
                                       0x149e (size before relaxing)
 .debug_str     0x0000000000001810       0xcd ./User/system_ch32v00x.o
                                        0x746 (size before relaxing)
 .debug_str     0x00000000000018dd       0x2a ./Startup/startup_ch32v00x.o
                                         0x52 (size before relaxing)
 .debug_str     0x0000000000001907      0x393 ./Peripheral/src/ch32v00x_adc.o
                                        0xb88 (size before relaxing)
 .debug_str     0x0000000000001c9a       0x7e ./Peripheral/src/ch32v00x_dbgmcu.o
                                        0x644 (size before relaxing)
 .debug_str     0x0000000000001d18       0xbf ./Peripheral/src/ch32v00x_dma.o
                                        0x7f1 (size before relaxing)
 .debug_str     0x0000000000001dd7      0x176 ./Peripheral/src/ch32v00x_gpio.o
                                        0x941 (size before relaxing)
 .debug_str     0x0000000000001f4d       0x8c ./Peripheral/src/ch32v00x_misc.o
                                        0x909 (size before relaxing)
 .debug_str     0x0000000000001fd9      0x289 ./Peripheral/src/ch32v00x_rcc.o
                                        0x9af (size before relaxing)
 .debug_str     0x0000000000002262      0x1b8 ./Peripheral/src/ch32v00x_spi.o
                                        0x937 (size before relaxing)
 .debug_str     0x000000000000241a      0x87d ./Peripheral/src/ch32v00x_tim.o
                                       0x1269 (size before relaxing)
 .debug_str     0x0000000000002c97      0x3e8 ./Peripheral/src/ch32v00x_usart.o
                                        0xafe (size before relaxing)
 .debug_str     0x000000000000307f       0x90 ./Debug/debug.o
                                        0x8ff (size before relaxing)

.comment        0x0000000000000000       0x33
 .comment       0x0000000000000000       0x33 ./User/ch32v00x_it.o
                                         0x34 (size before relaxing)
 .comment       0x0000000000000033       0x34 ./User/ili9341.o
 .comment       0x0000000000000033       0x34 ./User/main.o
 .comment       0x0000000000000033       0x34 ./User/system_ch32v00x.o
 .comment       0x0000000000000033       0x34 ./Peripheral/src/ch32v00x_adc.o
 .comment       0x0000000000000033       0x34 ./Peripheral/src/ch32v00x_dbgmcu.o
 .comment       0x0000000000000033       0x34 ./Peripheral/src/ch32v00x_dma.o
 .comment       0x0000000000000033       0x34 ./Peripheral/src/ch32v00x_gpio.o
 .comment       0x0000000000000033       0x34 ./Peripheral/src/ch32v00x_misc.o
 .comment       0x0000000000000033       0x34 ./Peripheral/src/ch32v00x_rcc.o
 .comment       0x0000000000000033       0x34 ./Peripheral/src/ch32v00x_spi.o
 .comment       0x0000000000000033       0x34 ./Peripheral/src/ch32v00x_tim.o
 .comment       0x0000000000000033       0x34 ./Peripheral/src/ch32v00x_usart.o
 .comment       0x0000000000000033       0x34 ./Debug/debug.o
 .comment       0x0000000000000033       0x34 c:/mounriver/mounriver_studio2/resources/app/resources/win32/components/wch/toolchain/risc-v embedded gcc/bin/../lib/gcc/riscv-none-embed/8.2.0/../../../../riscv-none-embed/lib/rv32ecxw/ilp32e\libprintf.a(wchprintf.o)

.debug_frame    0x0000000000000000     0x1950
 .debug_frame   0x0000000000000000       0x30 ./User/ch32v00x_it.o
 .debug_frame   0x0000000000000030      0x3bc ./User/ili9341.o
 .debug_frame   0x00000000000003ec      0x39c ./User/main.o
 .debug_frame   0x0000000000000788       0x58 ./User/system_ch32v00x.o
 .debug_frame   0x00000000000007e0      0x26c ./Peripheral/src/ch32v00x_adc.o
 .debug_frame   0x0000000000000a4c       0x70 ./Peripheral/src/ch32v00x_dbgmcu.o
 .debug_frame   0x0000000000000abc       0xcc ./Peripheral/src/ch32v00x_dma.o
 .debug_frame   0x0000000000000b88      0x154 ./Peripheral/src/ch32v00x_gpio.o
 .debug_frame   0x0000000000000cdc       0x30 ./Peripheral/src/ch32v00x_misc.o
 .debug_frame   0x0000000000000d0c      0x1dc ./Peripheral/src/ch32v00x_rcc.o
 .debug_frame   0x0000000000000ee8      0x15c ./Peripheral/src/ch32v00x_spi.o
 .debug_frame   0x0000000000001044      0x624 ./Peripheral/src/ch32v00x_tim.o
 .debug_frame   0x0000000000001668      0x204 ./Peripheral/src/ch32v00x_usart.o
 .debug_frame   0x000000000000186c       0xe4 ./Debug/debug.o

.debug_loc      0x0000000000000000     0x571c
 .debug_loc     0x0000000000000000     0x14b1 ./User/ili9341.o
 .debug_loc     0x00000000000014b1      0x442 ./User/main.o
 .debug_loc     0x00000000000018f3       0x55 ./User/system_ch32v00x.o
 .debug_loc     0x0000000000001948      0x9fa ./Peripheral/src/ch32v00x_adc.o
 .debug_loc     0x0000000000002342       0x6e ./Peripheral/src/ch32v00x_dbgmcu.o
 .debug_loc     0x00000000000023b0      0x14a ./Peripheral/src/ch32v00x_dma.o
 .debug_loc     0x00000000000024fa      0x5e2 ./Peripheral/src/ch32v00x_gpio.o
 .debug_loc     0x0000000000002adc       0x2d ./Peripheral/src/ch32v00x_misc.o
 .debug_loc     0x0000000000002b09      0x5e3 ./Peripheral/src/ch32v00x_rcc.o
 .debug_loc     0x00000000000030ec      0x429 ./Peripheral/src/ch32v00x_spi.o
 .debug_loc     0x0000000000003515     0x1936 ./Peripheral/src/ch32v00x_tim.o
 .debug_loc     0x0000000000004e4b      0x735 ./Peripheral/src/ch32v00x_usart.o
 .debug_loc     0x0000000000005580      0x19c ./Debug/debug.o
