Archive member included to satisfy reference by file (symbol)

c:/mounriver/mounriver_studio2/resources/app/resources/win32/components/wch/toolchain/risc-v embedded gcc/bin/../lib/gcc/riscv-none-embed/8.2.0/../../../../riscv-none-embed/lib/rv32ecxw/ilp32e\libprintf.a(wchprintf.o)
                              ./User/main.o (printf)
c:/mounriver/mounriver_studio2/resources/app/resources/win32/components/wch/toolchain/risc-v embedded gcc/bin/../lib/gcc/riscv-none-embed/8.2.0/rv32ecxw/ilp32e\libgcc.a(save-restore.o)
                              ./User/ili9341.o (__riscv_save_2)
c:/mounriver/mounriver_studio2/resources/app/resources/win32/components/wch/toolchain/risc-v embedded gcc/bin/../lib/gcc/riscv-none-embed/8.2.0/rv32ecxw/ilp32e\libgcc.a(muldi3.o)
                              ./User/ili9341.o (__mulsi3)
c:/mounriver/mounriver_studio2/resources/app/resources/win32/components/wch/toolchain/risc-v embedded gcc/bin/../lib/gcc/riscv-none-embed/8.2.0/rv32ecxw/ilp32e\libgcc.a(div.o)
                              ./User/ili9341.o (__divsi3)
c:/mounriver/mounriver_studio2/resources/app/resources/win32/components/wch/toolchain/risc-v embedded gcc/bin/../lib/gcc/riscv-none-embed/8.2.0/../../../../riscv-none-embed/lib/rv32ecxw/ilp32e\libg_nano.a(lib_a-memset.o)
                              ./User/main.o (memset)

Discarded input sections

 .text          0x0000000000000000        0x0 ./User/ch32v00x_it.o
 .data          0x0000000000000000        0x0 ./User/ch32v00x_it.o
 .bss           0x0000000000000000        0x0 ./User/ch32v00x_it.o
 .text          0x0000000000000000        0x0 ./User/fonts.o
 .data          0x0000000000000000        0x0 ./User/fonts.o
 .bss           0x0000000000000000        0x0 ./User/fonts.o
 .data.TM_Font_11x18
                0x0000000000000000        0x8 ./User/fonts.o
 .data.TM_Font_16x26
                0x0000000000000000        0x8 ./User/fonts.o
 .data.TM_Font_7x10
                0x0000000000000000        0x8 ./User/fonts.o
 .rodata.TM_Font11x18
                0x0000000000000000      0xd5c ./User/fonts.o
 .rodata.TM_Font16x26
                0x0000000000000000     0x134c ./User/fonts.o
 .rodata.TM_Font7x10
                0x0000000000000000      0x76c ./User/fonts.o
 .debug_info    0x0000000000000000      0xa77 ./User/fonts.o
 .debug_abbrev  0x0000000000000000      0x1dc ./User/fonts.o
 .debug_aranges
                0x0000000000000000       0x18 ./User/fonts.o
 .debug_line    0x0000000000000000      0x26a ./User/fonts.o
 .debug_str     0x0000000000000000      0x62c ./User/fonts.o
 .comment       0x0000000000000000       0x34 ./User/fonts.o
 .text          0x0000000000000000        0x0 ./User/ili9341.o
 .data          0x0000000000000000        0x0 ./User/ili9341.o
 .bss           0x0000000000000000        0x0 ./User/ili9341.o
 .text.spi_recv8
                0x0000000000000000       0x18 ./User/ili9341.o
 .text.spi_send_dma16
                0x0000000000000000       0x2c ./User/ili9341.o
 .text.write_dma_data16
                0x0000000000000000       0x50 ./User/ili9341.o
 .text.tft_cursor_position
                0x0000000000000000       0x62 ./User/ili9341.o
 .text.tft_print_number
                0x0000000000000000       0xc2 ./User/ili9341.o
 .text.tft_draw_bitmap
                0x0000000000000000       0x8e ./User/ili9341.o
 .bss.ILI9341   0x0000000000000000        0x8 ./User/ili9341.o
 .bss.ili9341_x
                0x0000000000000000        0x2 ./User/ili9341.o
 .bss.ili9341_y
                0x0000000000000000        0x2 ./User/ili9341.o
 .bss.str.4225  0x0000000000000000        0xc ./User/ili9341.o
 .text          0x0000000000000000        0x0 ./User/main.o
 .data          0x0000000000000000        0x0 ./User/main.o
 .bss           0x0000000000000000        0x0 ./User/main.o
 .text.get_ADC  0x0000000000000000       0x52 ./User/main.o
 .data.sine_tbl
                0x0000000000000000       0x7c ./User/main.o
 .text          0x0000000000000000        0x0 ./User/system_ch32v00x.o
 .data          0x0000000000000000        0x0 ./User/system_ch32v00x.o
 .bss           0x0000000000000000        0x0 ./User/system_ch32v00x.o
 .text          0x0000000000000000        0x0 ./Startup/startup_ch32v00x.o
 .data          0x0000000000000000        0x0 ./Startup/startup_ch32v00x.o
 .bss           0x0000000000000000        0x0 ./Startup/startup_ch32v00x.o
 .text          0x0000000000000000        0x0 ./Peripheral/src/ch32v00x_adc.o
 .data          0x0000000000000000        0x0 ./Peripheral/src/ch32v00x_adc.o
 .bss           0x0000000000000000        0x0 ./Peripheral/src/ch32v00x_adc.o
 .text.ADC_StructInit
                0x0000000000000000       0x1a ./Peripheral/src/ch32v00x_adc.o
 .text.ADC_ITConfig
                0x0000000000000000       0x16 ./Peripheral/src/ch32v00x_adc.o
 .text.ADC_GetSoftwareStartConvStatus
                0x0000000000000000        0x8 ./Peripheral/src/ch32v00x_adc.o
 .text.ADC_DiscModeChannelCountConfig
                0x0000000000000000       0x12 ./Peripheral/src/ch32v00x_adc.o
 .text.ADC_DiscModeCmd
                0x0000000000000000       0x1a ./Peripheral/src/ch32v00x_adc.o
 .text.ADC_ExternalTrigConvCmd
                0x0000000000000000       0x18 ./Peripheral/src/ch32v00x_adc.o
 .text.ADC_GetConversionValue
                0x0000000000000000        0x8 ./Peripheral/src/ch32v00x_adc.o
 .text.ADC_AutoInjectedConvCmd
                0x0000000000000000       0x12 ./Peripheral/src/ch32v00x_adc.o
 .text.ADC_InjectedDiscModeCmd
                0x0000000000000000       0x14 ./Peripheral/src/ch32v00x_adc.o
 .text.ADC_ExternalTrigInjectedConvConfig
                0x0000000000000000        0xe ./Peripheral/src/ch32v00x_adc.o
 .text.ADC_ExternalTrigInjectedConvCmd
                0x0000000000000000       0x14 ./Peripheral/src/ch32v00x_adc.o
 .text.ADC_SoftwareStartInjectedConvCmd
                0x0000000000000000       0x18 ./Peripheral/src/ch32v00x_adc.o
 .text.ADC_GetSoftwareStartInjectedConvCmdStatus
                0x0000000000000000        0x8 ./Peripheral/src/ch32v00x_adc.o
 .text.ADC_InjectedChannelConfig
                0x0000000000000000       0x7a ./Peripheral/src/ch32v00x_adc.o
 .text.ADC_InjectedSequencerLengthConfig
                0x0000000000000000       0x14 ./Peripheral/src/ch32v00x_adc.o
 .text.ADC_SetInjectedOffset
                0x0000000000000000       0x14 ./Peripheral/src/ch32v00x_adc.o
 .text.ADC_GetInjectedConversionValue
                0x0000000000000000       0x1c ./Peripheral/src/ch32v00x_adc.o
 .text.ADC_AnalogWatchdogCmd
                0x0000000000000000       0x12 ./Peripheral/src/ch32v00x_adc.o
 .text.ADC_AnalogWatchdogThresholdsConfig
                0x0000000000000000        0x6 ./Peripheral/src/ch32v00x_adc.o
 .text.ADC_AnalogWatchdogSingleChannelConfig
                0x0000000000000000        0xa ./Peripheral/src/ch32v00x_adc.o
 .text.ADC_GetFlagStatus
                0x0000000000000000        0xa ./Peripheral/src/ch32v00x_adc.o
 .text.ADC_ClearFlag
                0x0000000000000000        0x8 ./Peripheral/src/ch32v00x_adc.o
 .text.ADC_GetITStatus
                0x0000000000000000       0x1c ./Peripheral/src/ch32v00x_adc.o
 .text.ADC_ClearITPendingBit
                0x0000000000000000        0xa ./Peripheral/src/ch32v00x_adc.o
 .text.ADC_ExternalTrig_DLY
                0x0000000000000000       0x16 ./Peripheral/src/ch32v00x_adc.o
 .text          0x0000000000000000        0x0 ./Peripheral/src/ch32v00x_dbgmcu.o
 .data          0x0000000000000000        0x0 ./Peripheral/src/ch32v00x_dbgmcu.o
 .bss           0x0000000000000000        0x0 ./Peripheral/src/ch32v00x_dbgmcu.o
 .text.DBGMCU_GetREVID
                0x0000000000000000        0xa ./Peripheral/src/ch32v00x_dbgmcu.o
 .text.DBGMCU_GetDEVID
                0x0000000000000000        0xa ./Peripheral/src/ch32v00x_dbgmcu.o
 .text.__get_DEBUG_CR
                0x0000000000000000        0x6 ./Peripheral/src/ch32v00x_dbgmcu.o
 .text.__set_DEBUG_CR
                0x0000000000000000        0x6 ./Peripheral/src/ch32v00x_dbgmcu.o
 .text.DBGMCU_Config
                0x0000000000000000       0x14 ./Peripheral/src/ch32v00x_dbgmcu.o
 .text          0x0000000000000000        0x0 ./Peripheral/src/ch32v00x_dma.o
 .data          0x0000000000000000        0x0 ./Peripheral/src/ch32v00x_dma.o
 .bss           0x0000000000000000        0x0 ./Peripheral/src/ch32v00x_dma.o
 .text.DMA_StructInit
                0x0000000000000000       0x2e ./Peripheral/src/ch32v00x_dma.o
 .text.DMA_SetCurrDataCounter
                0x0000000000000000        0x4 ./Peripheral/src/ch32v00x_dma.o
 .text.DMA_GetCurrDataCounter
                0x0000000000000000        0x8 ./Peripheral/src/ch32v00x_dma.o
 .text.DMA_ClearFlag
                0x0000000000000000        0x8 ./Peripheral/src/ch32v00x_dma.o
 .text          0x0000000000000000        0x0 ./Peripheral/src/ch32v00x_exti.o
 .data          0x0000000000000000        0x0 ./Peripheral/src/ch32v00x_exti.o
 .bss           0x0000000000000000        0x0 ./Peripheral/src/ch32v00x_exti.o
 .text.EXTI_DeInit
                0x0000000000000000       0x22 ./Peripheral/src/ch32v00x_exti.o
 .text.EXTI_Init
                0x0000000000000000       0x6a ./Peripheral/src/ch32v00x_exti.o
 .text.EXTI_StructInit
                0x0000000000000000       0x12 ./Peripheral/src/ch32v00x_exti.o
 .text.EXTI_GenerateSWInterrupt
                0x0000000000000000       0x10 ./Peripheral/src/ch32v00x_exti.o
 .text.EXTI_GetFlagStatus
                0x0000000000000000       0x12 ./Peripheral/src/ch32v00x_exti.o
 .text.EXTI_ClearFlag
                0x0000000000000000        0xa ./Peripheral/src/ch32v00x_exti.o
 .text.EXTI_GetITStatus
                0x0000000000000000       0x1e ./Peripheral/src/ch32v00x_exti.o
 .text.EXTI_ClearITPendingBit
                0x0000000000000000        0xa ./Peripheral/src/ch32v00x_exti.o
 .debug_info    0x0000000000000000      0xc05 ./Peripheral/src/ch32v00x_exti.o
 .debug_abbrev  0x0000000000000000      0x2da ./Peripheral/src/ch32v00x_exti.o
 .debug_loc     0x0000000000000000      0x181 ./Peripheral/src/ch32v00x_exti.o
 .debug_aranges
                0x0000000000000000       0x50 ./Peripheral/src/ch32v00x_exti.o
 .debug_ranges  0x0000000000000000       0x40 ./Peripheral/src/ch32v00x_exti.o
 .debug_line    0x0000000000000000      0x62e ./Peripheral/src/ch32v00x_exti.o
 .debug_str     0x0000000000000000      0x78b ./Peripheral/src/ch32v00x_exti.o
 .comment       0x0000000000000000       0x34 ./Peripheral/src/ch32v00x_exti.o
 .debug_frame   0x0000000000000000       0x90 ./Peripheral/src/ch32v00x_exti.o
 .text          0x0000000000000000        0x0 ./Peripheral/src/ch32v00x_flash.o
 .data          0x0000000000000000        0x0 ./Peripheral/src/ch32v00x_flash.o
 .bss           0x0000000000000000        0x0 ./Peripheral/src/ch32v00x_flash.o
 .text.ROM_ERASE
                0x0000000000000000       0x60 ./Peripheral/src/ch32v00x_flash.o
 .text.FLASH_SetLatency
                0x0000000000000000        0xe ./Peripheral/src/ch32v00x_flash.o
 .text.FLASH_Unlock
                0x0000000000000000       0x1a ./Peripheral/src/ch32v00x_flash.o
 .text.FLASH_Lock
                0x0000000000000000        0xe ./Peripheral/src/ch32v00x_flash.o
 .text.FLASH_GetUserOptionByte
                0x0000000000000000        0xa ./Peripheral/src/ch32v00x_flash.o
 .text.FLASH_GetWriteProtectionOptionByte
                0x0000000000000000        0x8 ./Peripheral/src/ch32v00x_flash.o
 .text.FLASH_GetReadOutProtectionStatus
                0x0000000000000000        0xc ./Peripheral/src/ch32v00x_flash.o
 .text.FLASH_ITConfig
                0x0000000000000000       0x1e ./Peripheral/src/ch32v00x_flash.o
 .text.FLASH_GetFlagStatus
                0x0000000000000000       0x1e ./Peripheral/src/ch32v00x_flash.o
 .text.FLASH_ClearFlag
                0x0000000000000000        0x8 ./Peripheral/src/ch32v00x_flash.o
 .text.FLASH_GetStatus
                0x0000000000000000       0x18 ./Peripheral/src/ch32v00x_flash.o
 .text.FLASH_GetBank1Status
                0x0000000000000000       0x18 ./Peripheral/src/ch32v00x_flash.o
 .text.FLASH_WaitForLastOperation
                0x0000000000000000       0x34 ./Peripheral/src/ch32v00x_flash.o
 .text.FLASH_ErasePage
                0x0000000000000000       0x4c ./Peripheral/src/ch32v00x_flash.o
 .text.FLASH_EraseAllPages
                0x0000000000000000       0x48 ./Peripheral/src/ch32v00x_flash.o
 .text.FLASH_EraseOptionBytes
                0x0000000000000000       0x9a ./Peripheral/src/ch32v00x_flash.o
 .text.FLASH_ProgramWord
                0x0000000000000000       0x6e ./Peripheral/src/ch32v00x_flash.o
 .text.FLASH_ProgramHalfWord
                0x0000000000000000       0x48 ./Peripheral/src/ch32v00x_flash.o
 .text.FLASH_ProgramOptionByteData
                0x0000000000000000       0x66 ./Peripheral/src/ch32v00x_flash.o
 .text.FLASH_EnableWriteProtection
                0x0000000000000000       0x9e ./Peripheral/src/ch32v00x_flash.o
 .text.FLASH_ReadOutProtection
                0x0000000000000000       0xae ./Peripheral/src/ch32v00x_flash.o
 .text.FLASH_UserOptionByteConfig
                0x0000000000000000       0x7a ./Peripheral/src/ch32v00x_flash.o
 .text.FLASH_WaitForLastBank1Operation
                0x0000000000000000       0x18 ./Peripheral/src/ch32v00x_flash.o
 .text.FLASH_Unlock_Fast
                0x0000000000000000       0x1e ./Peripheral/src/ch32v00x_flash.o
 .text.FLASH_Lock_Fast
                0x0000000000000000        0xe ./Peripheral/src/ch32v00x_flash.o
 .text.FLASH_BufReset
                0x0000000000000000       0x28 ./Peripheral/src/ch32v00x_flash.o
 .text.FLASH_BufLoad
                0x0000000000000000       0x36 ./Peripheral/src/ch32v00x_flash.o
 .text.FLASH_ErasePage_Fast
                0x0000000000000000       0x36 ./Peripheral/src/ch32v00x_flash.o
 .text.FLASH_ProgramPage_Fast
                0x0000000000000000       0x34 ./Peripheral/src/ch32v00x_flash.o
 .text.SystemReset_StartMode
                0x0000000000000000       0x56 ./Peripheral/src/ch32v00x_flash.o
 .text.FLASH_ROM_ERASE
                0x0000000000000000      0x140 ./Peripheral/src/ch32v00x_flash.o
 .text.FLASH_ROM_WRITE
                0x0000000000000000       0xf6 ./Peripheral/src/ch32v00x_flash.o
 .debug_info    0x0000000000000000     0x1481 ./Peripheral/src/ch32v00x_flash.o
 .debug_abbrev  0x0000000000000000      0x3fa ./Peripheral/src/ch32v00x_flash.o
 .debug_loc     0x0000000000000000      0xad0 ./Peripheral/src/ch32v00x_flash.o
 .debug_aranges
                0x0000000000000000      0x110 ./Peripheral/src/ch32v00x_flash.o
 .debug_ranges  0x0000000000000000      0x100 ./Peripheral/src/ch32v00x_flash.o
 .debug_line    0x0000000000000000     0x1c87 ./Peripheral/src/ch32v00x_flash.o
 .debug_str     0x0000000000000000      0xab3 ./Peripheral/src/ch32v00x_flash.o
 .comment       0x0000000000000000       0x34 ./Peripheral/src/ch32v00x_flash.o
 .debug_frame   0x0000000000000000      0x324 ./Peripheral/src/ch32v00x_flash.o
 .text          0x0000000000000000        0x0 ./Peripheral/src/ch32v00x_gpio.o
 .data          0x0000000000000000        0x0 ./Peripheral/src/ch32v00x_gpio.o
 .bss           0x0000000000000000        0x0 ./Peripheral/src/ch32v00x_gpio.o
 .text.GPIO_StructInit
                0x0000000000000000        0xe ./Peripheral/src/ch32v00x_gpio.o
 .text.GPIO_ReadInputDataBit
                0x0000000000000000        0xa ./Peripheral/src/ch32v00x_gpio.o
 .text.GPIO_ReadInputData
                0x0000000000000000        0x8 ./Peripheral/src/ch32v00x_gpio.o
 .text.GPIO_ReadOutputData
                0x0000000000000000        0x8 ./Peripheral/src/ch32v00x_gpio.o
 .text.GPIO_WriteBit
                0x0000000000000000        0xa ./Peripheral/src/ch32v00x_gpio.o
 .text.GPIO_Write
                0x0000000000000000        0x4 ./Peripheral/src/ch32v00x_gpio.o
 .text.GPIO_PinLockConfig
                0x0000000000000000       0x10 ./Peripheral/src/ch32v00x_gpio.o
 .text.GPIO_PinRemapConfig
                0x0000000000000000       0xc4 ./Peripheral/src/ch32v00x_gpio.o
 .text.GPIO_EXTILineConfig
                0x0000000000000000       0x22 ./Peripheral/src/ch32v00x_gpio.o
 .text.GPIO_IPD_Unused
                0x0000000000000000       0xa4 ./Peripheral/src/ch32v00x_gpio.o
 .text          0x0000000000000000        0x0 ./Peripheral/src/ch32v00x_i2c.o
 .data          0x0000000000000000        0x0 ./Peripheral/src/ch32v00x_i2c.o
 .bss           0x0000000000000000        0x0 ./Peripheral/src/ch32v00x_i2c.o
 .text.I2C_DeInit
                0x0000000000000000       0x3a ./Peripheral/src/ch32v00x_i2c.o
 .text.I2C_Init
                0x0000000000000000      0x100 ./Peripheral/src/ch32v00x_i2c.o
 .text.I2C_StructInit
                0x0000000000000000       0x18 ./Peripheral/src/ch32v00x_i2c.o
 .text.I2C_Cmd  0x0000000000000000       0x18 ./Peripheral/src/ch32v00x_i2c.o
 .text.I2C_DMACmd
                0x0000000000000000       0x1e ./Peripheral/src/ch32v00x_i2c.o
 .text.I2C_DMALastTransferCmd
                0x0000000000000000       0x16 ./Peripheral/src/ch32v00x_i2c.o
 .text.I2C_GenerateSTART
                0x0000000000000000       0x1a ./Peripheral/src/ch32v00x_i2c.o
 .text.I2C_GenerateSTOP
                0x0000000000000000       0x1a ./Peripheral/src/ch32v00x_i2c.o
 .text.I2C_AcknowledgeConfig
                0x0000000000000000       0x1a ./Peripheral/src/ch32v00x_i2c.o
 .text.I2C_OwnAddress2Config
                0x0000000000000000       0x14 ./Peripheral/src/ch32v00x_i2c.o
 .text.I2C_DualAddressCmd
                0x0000000000000000       0x18 ./Peripheral/src/ch32v00x_i2c.o
 .text.I2C_GeneralCallCmd
                0x0000000000000000       0x1a ./Peripheral/src/ch32v00x_i2c.o
 .text.I2C_ITConfig
                0x0000000000000000       0x12 ./Peripheral/src/ch32v00x_i2c.o
 .text.I2C_SendData
                0x0000000000000000        0x4 ./Peripheral/src/ch32v00x_i2c.o
 .text.I2C_ReceiveData
                0x0000000000000000        0x8 ./Peripheral/src/ch32v00x_i2c.o
 .text.I2C_Send7bitAddress
                0x0000000000000000       0x12 ./Peripheral/src/ch32v00x_i2c.o
 .text.I2C_ReadRegister
                0x0000000000000000       0x14 ./Peripheral/src/ch32v00x_i2c.o
 .text.I2C_SoftwareResetCmd
                0x0000000000000000       0x12 ./Peripheral/src/ch32v00x_i2c.o
 .text.I2C_NACKPositionConfig
                0x0000000000000000       0x22 ./Peripheral/src/ch32v00x_i2c.o
 .text.I2C_TransmitPEC
                0x0000000000000000       0x16 ./Peripheral/src/ch32v00x_i2c.o
 .text.I2C_PECPositionConfig
                0x0000000000000000       0x18 ./Peripheral/src/ch32v00x_i2c.o
 .text.I2C_CalculatePEC
                0x0000000000000000       0x1a ./Peripheral/src/ch32v00x_i2c.o
 .text.I2C_GetPEC
                0x0000000000000000        0x6 ./Peripheral/src/ch32v00x_i2c.o
 .text.I2C_ARPCmd
                0x0000000000000000       0x18 ./Peripheral/src/ch32v00x_i2c.o
 .text.I2C_StretchClockCmd
                0x0000000000000000       0x1a ./Peripheral/src/ch32v00x_i2c.o
 .text.I2C_FastModeDutyCycleConfig
                0x0000000000000000       0x1a ./Peripheral/src/ch32v00x_i2c.o
 .text.I2C_CheckEvent
                0x0000000000000000       0x16 ./Peripheral/src/ch32v00x_i2c.o
 .text.I2C_GetLastEvent
                0x0000000000000000        0xe ./Peripheral/src/ch32v00x_i2c.o
 .text.I2C_GetFlagStatus
                0x0000000000000000       0x32 ./Peripheral/src/ch32v00x_i2c.o
 .text.I2C_ClearFlag
                0x0000000000000000        0xc ./Peripheral/src/ch32v00x_i2c.o
 .text.I2C_GetITStatus
                0x0000000000000000       0x20 ./Peripheral/src/ch32v00x_i2c.o
 .text.I2C_ClearITPendingBit
                0x0000000000000000        0xc ./Peripheral/src/ch32v00x_i2c.o
 .debug_info    0x0000000000000000     0x1417 ./Peripheral/src/ch32v00x_i2c.o
 .debug_abbrev  0x0000000000000000      0x3a7 ./Peripheral/src/ch32v00x_i2c.o
 .debug_loc     0x0000000000000000      0x720 ./Peripheral/src/ch32v00x_i2c.o
 .debug_aranges
                0x0000000000000000      0x108 ./Peripheral/src/ch32v00x_i2c.o
 .debug_ranges  0x0000000000000000       0xf8 ./Peripheral/src/ch32v00x_i2c.o
 .debug_line    0x0000000000000000     0x10dc ./Peripheral/src/ch32v00x_i2c.o
 .debug_str     0x0000000000000000      0xab0 ./Peripheral/src/ch32v00x_i2c.o
 .comment       0x0000000000000000       0x34 ./Peripheral/src/ch32v00x_i2c.o
 .debug_frame   0x0000000000000000      0x254 ./Peripheral/src/ch32v00x_i2c.o
 .text          0x0000000000000000        0x0 ./Peripheral/src/ch32v00x_iwdg.o
 .data          0x0000000000000000        0x0 ./Peripheral/src/ch32v00x_iwdg.o
 .bss           0x0000000000000000        0x0 ./Peripheral/src/ch32v00x_iwdg.o
 .text.IWDG_WriteAccessCmd
                0x0000000000000000        0x8 ./Peripheral/src/ch32v00x_iwdg.o
 .text.IWDG_SetPrescaler
                0x0000000000000000        0x8 ./Peripheral/src/ch32v00x_iwdg.o
 .text.IWDG_SetReload
                0x0000000000000000        0x8 ./Peripheral/src/ch32v00x_iwdg.o
 .text.IWDG_ReloadCounter
                0x0000000000000000        0xe ./Peripheral/src/ch32v00x_iwdg.o
 .text.IWDG_Enable
                0x0000000000000000       0x18 ./Peripheral/src/ch32v00x_iwdg.o
 .text.IWDG_GetFlagStatus
                0x0000000000000000        0xe ./Peripheral/src/ch32v00x_iwdg.o
 .debug_info    0x0000000000000000      0xb46 ./Peripheral/src/ch32v00x_iwdg.o
 .debug_abbrev  0x0000000000000000      0x282 ./Peripheral/src/ch32v00x_iwdg.o
 .debug_loc     0x0000000000000000       0x68 ./Peripheral/src/ch32v00x_iwdg.o
 .debug_aranges
                0x0000000000000000       0x48 ./Peripheral/src/ch32v00x_iwdg.o
 .debug_ranges  0x0000000000000000       0x38 ./Peripheral/src/ch32v00x_iwdg.o
 .debug_line    0x0000000000000000      0x44d ./Peripheral/src/ch32v00x_iwdg.o
 .debug_str     0x0000000000000000      0x6f7 ./Peripheral/src/ch32v00x_iwdg.o
 .comment       0x0000000000000000       0x34 ./Peripheral/src/ch32v00x_iwdg.o
 .debug_frame   0x0000000000000000       0x70 ./Peripheral/src/ch32v00x_iwdg.o
 .text          0x0000000000000000        0x0 ./Peripheral/src/ch32v00x_misc.o
 .data          0x0000000000000000        0x0 ./Peripheral/src/ch32v00x_misc.o
 .bss           0x0000000000000000        0x0 ./Peripheral/src/ch32v00x_misc.o
 .text          0x0000000000000000        0x0 ./Peripheral/src/ch32v00x_opa.o
 .data          0x0000000000000000        0x0 ./Peripheral/src/ch32v00x_opa.o
 .bss           0x0000000000000000        0x0 ./Peripheral/src/ch32v00x_opa.o
 .text.OPA_DeInit
                0x0000000000000000       0x16 ./Peripheral/src/ch32v00x_opa.o
 .text.OPA_Init
                0x0000000000000000       0x22 ./Peripheral/src/ch32v00x_opa.o
 .text.OPA_StructInit
                0x0000000000000000        0xa ./Peripheral/src/ch32v00x_opa.o
 .text.OPA_Cmd  0x0000000000000000       0x2c ./Peripheral/src/ch32v00x_opa.o
 .debug_info    0x0000000000000000      0xaa5 ./Peripheral/src/ch32v00x_opa.o
 .debug_abbrev  0x0000000000000000      0x230 ./Peripheral/src/ch32v00x_opa.o
 .debug_loc     0x0000000000000000       0x35 ./Peripheral/src/ch32v00x_opa.o
 .debug_aranges
                0x0000000000000000       0x38 ./Peripheral/src/ch32v00x_opa.o
 .debug_ranges  0x0000000000000000       0x28 ./Peripheral/src/ch32v00x_opa.o
 .debug_line    0x0000000000000000      0x443 ./Peripheral/src/ch32v00x_opa.o
 .debug_str     0x0000000000000000      0x66b ./Peripheral/src/ch32v00x_opa.o
 .comment       0x0000000000000000       0x34 ./Peripheral/src/ch32v00x_opa.o
 .debug_frame   0x0000000000000000       0x50 ./Peripheral/src/ch32v00x_opa.o
 .text          0x0000000000000000        0x0 ./Peripheral/src/ch32v00x_pwr.o
 .data          0x0000000000000000        0x0 ./Peripheral/src/ch32v00x_pwr.o
 .bss           0x0000000000000000        0x0 ./Peripheral/src/ch32v00x_pwr.o
 .text.PWR_DeInit
                0x0000000000000000       0x2c ./Peripheral/src/ch32v00x_pwr.o
 .text.PWR_PVDCmd
                0x0000000000000000       0x14 ./Peripheral/src/ch32v00x_pwr.o
 .text.PWR_PVDLevelConfig
                0x0000000000000000       0x10 ./Peripheral/src/ch32v00x_pwr.o
 .text.PWR_AutoWakeUpCmd
                0x0000000000000000       0x14 ./Peripheral/src/ch32v00x_pwr.o
 .text.PWR_AWU_SetPrescaler
                0x0000000000000000        0xe ./Peripheral/src/ch32v00x_pwr.o
 .text.PWR_AWU_SetWindowValue
                0x0000000000000000       0x1e ./Peripheral/src/ch32v00x_pwr.o
 .text.PWR_EnterSTANDBYMode
                0x0000000000000000       0xa6 ./Peripheral/src/ch32v00x_pwr.o
 .text.PWR_GetFlagStatus
                0x0000000000000000        0xe ./Peripheral/src/ch32v00x_pwr.o
 .debug_info    0x0000000000000000      0xed0 ./Peripheral/src/ch32v00x_pwr.o
 .debug_abbrev  0x0000000000000000      0x359 ./Peripheral/src/ch32v00x_pwr.o
 .debug_loc     0x0000000000000000      0x14b ./Peripheral/src/ch32v00x_pwr.o
 .debug_aranges
                0x0000000000000000       0x58 ./Peripheral/src/ch32v00x_pwr.o
 .debug_ranges  0x0000000000000000       0xa8 ./Peripheral/src/ch32v00x_pwr.o
 .debug_line    0x0000000000000000      0x6f0 ./Peripheral/src/ch32v00x_pwr.o
 .debug_str     0x0000000000000000      0x7fd ./Peripheral/src/ch32v00x_pwr.o
 .comment       0x0000000000000000       0x34 ./Peripheral/src/ch32v00x_pwr.o
 .debug_frame   0x0000000000000000       0xb4 ./Peripheral/src/ch32v00x_pwr.o
 .text          0x0000000000000000        0x0 ./Peripheral/src/ch32v00x_rcc.o
 .data          0x0000000000000000        0x0 ./Peripheral/src/ch32v00x_rcc.o
 .bss           0x0000000000000000        0x0 ./Peripheral/src/ch32v00x_rcc.o
 .text.RCC_HSEConfig
                0x0000000000000000       0x3c ./Peripheral/src/ch32v00x_rcc.o
 .text.RCC_DeInit
                0x0000000000000000       0x58 ./Peripheral/src/ch32v00x_rcc.o
 .text.RCC_HSICmd
                0x0000000000000000       0x14 ./Peripheral/src/ch32v00x_rcc.o
 .text.RCC_PLLConfig
                0x0000000000000000       0x12 ./Peripheral/src/ch32v00x_rcc.o
 .text.RCC_PLLCmd
                0x0000000000000000       0x24 ./Peripheral/src/ch32v00x_rcc.o
 .text.RCC_SYSCLKConfig
                0x0000000000000000       0x4e ./Peripheral/src/ch32v00x_rcc.o
 .text.RCC_GetSYSCLKSource
                0x0000000000000000        0xa ./Peripheral/src/ch32v00x_rcc.o
 .text.RCC_HCLKConfig
                0x0000000000000000       0x10 ./Peripheral/src/ch32v00x_rcc.o
 .text.RCC_ITConfig
                0x0000000000000000       0x16 ./Peripheral/src/ch32v00x_rcc.o
 .text.RCC_LSICmd
                0x0000000000000000       0x14 ./Peripheral/src/ch32v00x_rcc.o
 .text.RCC_ClockSecuritySystemCmd
                0x0000000000000000       0x24 ./Peripheral/src/ch32v00x_rcc.o
 .text.RCC_MCOConfig
                0x0000000000000000        0x8 ./Peripheral/src/ch32v00x_rcc.o
 .text.RCC_GetFlagStatus
                0x0000000000000000       0x20 ./Peripheral/src/ch32v00x_rcc.o
 .text.RCC_WaitForHSEStartUp
                0x0000000000000000       0x42 ./Peripheral/src/ch32v00x_rcc.o
 .text.RCC_ClearFlag
                0x0000000000000000       0x10 ./Peripheral/src/ch32v00x_rcc.o
 .text.RCC_GetITStatus
                0x0000000000000000        0xe ./Peripheral/src/ch32v00x_rcc.o
 .text.RCC_ClearITPendingBit
                0x0000000000000000        0x8 ./Peripheral/src/ch32v00x_rcc.o
 .text          0x0000000000000000        0x0 ./Peripheral/src/ch32v00x_spi.o
 .data          0x0000000000000000        0x0 ./Peripheral/src/ch32v00x_spi.o
 .bss           0x0000000000000000        0x0 ./Peripheral/src/ch32v00x_spi.o
 .text.SPI_StructInit
                0x0000000000000000       0x22 ./Peripheral/src/ch32v00x_spi.o
 .text.SPI_I2S_ITConfig
                0x0000000000000000       0x1e ./Peripheral/src/ch32v00x_spi.o
 .text.SPI_I2S_SendData
                0x0000000000000000        0x4 ./Peripheral/src/ch32v00x_spi.o
 .text.SPI_I2S_ReceiveData
                0x0000000000000000        0x4 ./Peripheral/src/ch32v00x_spi.o
 .text.SPI_NSSInternalSoftwareConfig
                0x0000000000000000       0x24 ./Peripheral/src/ch32v00x_spi.o
 .text.SPI_SSOutputCmd
                0x0000000000000000       0x18 ./Peripheral/src/ch32v00x_spi.o
 .text.SPI_DataSizeConfig
                0x0000000000000000       0x14 ./Peripheral/src/ch32v00x_spi.o
 .text.SPI_TransmitCRC
                0x0000000000000000        0xa ./Peripheral/src/ch32v00x_spi.o
 .text.SPI_CalculateCRC
                0x0000000000000000       0x16 ./Peripheral/src/ch32v00x_spi.o
 .text.SPI_GetCRC
                0x0000000000000000       0x12 ./Peripheral/src/ch32v00x_spi.o
 .text.SPI_GetCRCPolynomial
                0x0000000000000000        0x4 ./Peripheral/src/ch32v00x_spi.o
 .text.SPI_BiDirectionalLineConfig
                0x0000000000000000       0x1a ./Peripheral/src/ch32v00x_spi.o
 .text.SPI_I2S_GetFlagStatus
                0x0000000000000000        0xa ./Peripheral/src/ch32v00x_spi.o
 .text.SPI_I2S_ClearFlag
                0x0000000000000000        0xc ./Peripheral/src/ch32v00x_spi.o
 .text.SPI_I2S_GetITStatus
                0x0000000000000000       0x28 ./Peripheral/src/ch32v00x_spi.o
 .text.SPI_I2S_ClearITPendingBit
                0x0000000000000000       0x14 ./Peripheral/src/ch32v00x_spi.o
 .text          0x0000000000000000        0x0 ./Peripheral/src/ch32v00x_tim.o
 .data          0x0000000000000000        0x0 ./Peripheral/src/ch32v00x_tim.o
 .bss           0x0000000000000000        0x0 ./Peripheral/src/ch32v00x_tim.o
 .text.TI1_Config
                0x0000000000000000       0x5a ./Peripheral/src/ch32v00x_tim.o
 .text.TI2_Config
                0x0000000000000000       0x70 ./Peripheral/src/ch32v00x_tim.o
 .text.TIM_OC3Init
                0x0000000000000000       0x94 ./Peripheral/src/ch32v00x_tim.o
 .text.TIM_OC4Init
                0x0000000000000000       0x6e ./Peripheral/src/ch32v00x_tim.o
 .text.TIM_TimeBaseStructInit
                0x0000000000000000       0x16 ./Peripheral/src/ch32v00x_tim.o
 .text.TIM_OCStructInit
                0x0000000000000000       0x22 ./Peripheral/src/ch32v00x_tim.o
 .text.TIM_ICStructInit
                0x0000000000000000       0x16 ./Peripheral/src/ch32v00x_tim.o
 .text.TIM_BDTRStructInit
                0x0000000000000000       0x1e ./Peripheral/src/ch32v00x_tim.o
 .text.TIM_GenerateEvent
                0x0000000000000000        0x4 ./Peripheral/src/ch32v00x_tim.o
 .text.TIM_DMAConfig
                0x0000000000000000        0x8 ./Peripheral/src/ch32v00x_tim.o
 .text.TIM_InternalClockConfig
                0x0000000000000000       0x10 ./Peripheral/src/ch32v00x_tim.o
 .text.TIM_ITRxExternalClockConfig
                0x0000000000000000       0x18 ./Peripheral/src/ch32v00x_tim.o
 .text.TIM_TIxExternalClockConfig
                0x0000000000000000       0x48 ./Peripheral/src/ch32v00x_tim.o
 .text.TIM_ETRConfig
                0x0000000000000000       0x16 ./Peripheral/src/ch32v00x_tim.o
 .text.TIM_ETRClockMode1Config
                0x0000000000000000       0x2a ./Peripheral/src/ch32v00x_tim.o
 .text.TIM_ETRClockMode2Config
                0x0000000000000000       0x22 ./Peripheral/src/ch32v00x_tim.o
 .text.TIM_PrescalerConfig
                0x0000000000000000        0x6 ./Peripheral/src/ch32v00x_tim.o
 .text.TIM_CounterModeConfig
                0x0000000000000000       0x10 ./Peripheral/src/ch32v00x_tim.o
 .text.TIM_SelectInputTrigger
                0x0000000000000000       0x10 ./Peripheral/src/ch32v00x_tim.o
 .text.TIM_EncoderInterfaceConfig
                0x0000000000000000       0x3c ./Peripheral/src/ch32v00x_tim.o
 .text.TIM_ForcedOC1Config
                0x0000000000000000       0x10 ./Peripheral/src/ch32v00x_tim.o
 .text.TIM_ForcedOC2Config
                0x0000000000000000       0x14 ./Peripheral/src/ch32v00x_tim.o
 .text.TIM_ForcedOC3Config
                0x0000000000000000       0x10 ./Peripheral/src/ch32v00x_tim.o
 .text.TIM_ForcedOC4Config
                0x0000000000000000       0x14 ./Peripheral/src/ch32v00x_tim.o
 .text.TIM_SelectCOM
                0x0000000000000000       0x18 ./Peripheral/src/ch32v00x_tim.o
 .text.TIM_SelectCCDMA
                0x0000000000000000       0x18 ./Peripheral/src/ch32v00x_tim.o
 .text.TIM_CCPreloadControl
                0x0000000000000000       0x18 ./Peripheral/src/ch32v00x_tim.o
 .text.TIM_OC3PreloadConfig
                0x0000000000000000        0xe ./Peripheral/src/ch32v00x_tim.o
 .text.TIM_OC4PreloadConfig
                0x0000000000000000       0x16 ./Peripheral/src/ch32v00x_tim.o
 .text.TIM_OC1FastConfig
                0x0000000000000000        0xe ./Peripheral/src/ch32v00x_tim.o
 .text.TIM_OC2FastConfig
                0x0000000000000000       0x16 ./Peripheral/src/ch32v00x_tim.o
 .text.TIM_OC3FastConfig
                0x0000000000000000        0xe ./Peripheral/src/ch32v00x_tim.o
 .text.TIM_OC4FastConfig
                0x0000000000000000       0x16 ./Peripheral/src/ch32v00x_tim.o
 .text.TIM_ClearOC1Ref
                0x0000000000000000       0x10 ./Peripheral/src/ch32v00x_tim.o
 .text.TIM_ClearOC2Ref
                0x0000000000000000       0x12 ./Peripheral/src/ch32v00x_tim.o
 .text.TIM_ClearOC3Ref
                0x0000000000000000       0x10 ./Peripheral/src/ch32v00x_tim.o
 .text.TIM_ClearOC4Ref
                0x0000000000000000       0x12 ./Peripheral/src/ch32v00x_tim.o
 .text.TIM_OC1PolarityConfig
                0x0000000000000000        0xe ./Peripheral/src/ch32v00x_tim.o
 .text.TIM_OC1NPolarityConfig
                0x0000000000000000        0xe ./Peripheral/src/ch32v00x_tim.o
 .text.TIM_OC2PolarityConfig
                0x0000000000000000       0x16 ./Peripheral/src/ch32v00x_tim.o
 .text.TIM_OC2NPolarityConfig
                0x0000000000000000       0x16 ./Peripheral/src/ch32v00x_tim.o
 .text.TIM_OC3PolarityConfig
                0x0000000000000000       0x16 ./Peripheral/src/ch32v00x_tim.o
 .text.TIM_OC3NPolarityConfig
                0x0000000000000000       0x16 ./Peripheral/src/ch32v00x_tim.o
 .text.TIM_OC4PolarityConfig
                0x0000000000000000       0x14 ./Peripheral/src/ch32v00x_tim.o
 .text.TIM_CCxCmd
                0x0000000000000000       0x20 ./Peripheral/src/ch32v00x_tim.o
 .text.TIM_CCxNCmd
                0x0000000000000000       0x20 ./Peripheral/src/ch32v00x_tim.o
 .text.TIM_SelectOCxM
                0x0000000000000000       0x4c ./Peripheral/src/ch32v00x_tim.o
 .text.TIM_UpdateDisableConfig
                0x0000000000000000       0x18 ./Peripheral/src/ch32v00x_tim.o
 .text.TIM_UpdateRequestConfig
                0x0000000000000000       0x18 ./Peripheral/src/ch32v00x_tim.o
 .text.TIM_SelectHallSensor
                0x0000000000000000       0x1a ./Peripheral/src/ch32v00x_tim.o
 .text.TIM_SelectOnePulseMode
                0x0000000000000000       0x16 ./Peripheral/src/ch32v00x_tim.o
 .text.TIM_SelectOutputTrigger
                0x0000000000000000       0x18 ./Peripheral/src/ch32v00x_tim.o
 .text.TIM_SelectSlaveMode
                0x0000000000000000       0x16 ./Peripheral/src/ch32v00x_tim.o
 .text.TIM_SelectMasterSlaveMode
                0x0000000000000000       0x18 ./Peripheral/src/ch32v00x_tim.o
 .text.TIM_SetCounter
                0x0000000000000000        0x4 ./Peripheral/src/ch32v00x_tim.o
 .text.TIM_SetAutoreload
                0x0000000000000000        0x4 ./Peripheral/src/ch32v00x_tim.o
 .text.TIM_SetCompare1
                0x0000000000000000        0x4 ./Peripheral/src/ch32v00x_tim.o
 .text.TIM_SetCompare2
                0x0000000000000000        0x4 ./Peripheral/src/ch32v00x_tim.o
 .text.TIM_SetCompare3
                0x0000000000000000        0x4 ./Peripheral/src/ch32v00x_tim.o
 .text.TIM_SetCompare4
                0x0000000000000000        0x4 ./Peripheral/src/ch32v00x_tim.o
 .text.TIM_SetIC1Prescaler
                0x0000000000000000       0x16 ./Peripheral/src/ch32v00x_tim.o
 .text.TIM_SetIC2Prescaler
                0x0000000000000000       0x1a ./Peripheral/src/ch32v00x_tim.o
 .text.TIM_PWMIConfig
                0x0000000000000000       0xa4 ./Peripheral/src/ch32v00x_tim.o
 .text.TIM_SetIC3Prescaler
                0x0000000000000000       0x16 ./Peripheral/src/ch32v00x_tim.o
 .text.TIM_SetIC4Prescaler
                0x0000000000000000       0x1a ./Peripheral/src/ch32v00x_tim.o
 .text.TIM_ICInit
                0x0000000000000000      0x148 ./Peripheral/src/ch32v00x_tim.o
 .text.TIM_SetClockDivision
                0x0000000000000000       0x18 ./Peripheral/src/ch32v00x_tim.o
 .text.TIM_GetCapture1
                0x0000000000000000        0x8 ./Peripheral/src/ch32v00x_tim.o
 .text.TIM_GetCapture2
                0x0000000000000000        0x8 ./Peripheral/src/ch32v00x_tim.o
 .text.TIM_GetCapture3
                0x0000000000000000        0x8 ./Peripheral/src/ch32v00x_tim.o
 .text.TIM_GetCapture4
                0x0000000000000000        0x8 ./Peripheral/src/ch32v00x_tim.o
 .text.TIM_GetCounter
                0x0000000000000000        0x4 ./Peripheral/src/ch32v00x_tim.o
 .text.TIM_GetPrescaler
                0x0000000000000000        0x4 ./Peripheral/src/ch32v00x_tim.o
 .text.TIM_GetFlagStatus
                0x0000000000000000        0xa ./Peripheral/src/ch32v00x_tim.o
 .text.TIM_ClearFlag
                0x0000000000000000        0xc ./Peripheral/src/ch32v00x_tim.o
 .text.TIM_IndicateCaptureLevelCmd
                0x0000000000000000       0x12 ./Peripheral/src/ch32v00x_tim.o
 .text          0x0000000000000000        0x0 ./Peripheral/src/ch32v00x_usart.o
 .data          0x0000000000000000        0x0 ./Peripheral/src/ch32v00x_usart.o
 .bss           0x0000000000000000        0x0 ./Peripheral/src/ch32v00x_usart.o
 .text.USART_StructInit
                0x0000000000000000       0x18 ./Peripheral/src/ch32v00x_usart.o
 .text.USART_ClockInit
                0x0000000000000000       0x1e ./Peripheral/src/ch32v00x_usart.o
 .text.USART_ClockStructInit
                0x0000000000000000       0x12 ./Peripheral/src/ch32v00x_usart.o
 .text.USART_ITConfig
                0x0000000000000000       0x36 ./Peripheral/src/ch32v00x_usart.o
 .text.USART_DMACmd
                0x0000000000000000       0x12 ./Peripheral/src/ch32v00x_usart.o
 .text.USART_SetAddress
                0x0000000000000000       0x16 ./Peripheral/src/ch32v00x_usart.o
 .text.USART_WakeUpConfig
                0x0000000000000000       0x14 ./Peripheral/src/ch32v00x_usart.o
 .text.USART_ReceiverWakeUpCmd
                0x0000000000000000       0x18 ./Peripheral/src/ch32v00x_usart.o
 .text.USART_LINBreakDetectLengthConfig
                0x0000000000000000       0x18 ./Peripheral/src/ch32v00x_usart.o
 .text.USART_LINCmd
                0x0000000000000000       0x16 ./Peripheral/src/ch32v00x_usart.o
 .text.USART_ReceiveData
                0x0000000000000000        0x8 ./Peripheral/src/ch32v00x_usart.o
 .text.USART_SendBreak
                0x0000000000000000        0xa ./Peripheral/src/ch32v00x_usart.o
 .text.USART_SetGuardTime
                0x0000000000000000       0x12 ./Peripheral/src/ch32v00x_usart.o
 .text.USART_SetPrescaler
                0x0000000000000000       0x18 ./Peripheral/src/ch32v00x_usart.o
 .text.USART_SmartCardCmd
                0x0000000000000000       0x1a ./Peripheral/src/ch32v00x_usart.o
 .text.USART_SmartCardNACKCmd
                0x0000000000000000       0x18 ./Peripheral/src/ch32v00x_usart.o
 .text.USART_HalfDuplexCmd
                0x0000000000000000       0x18 ./Peripheral/src/ch32v00x_usart.o
 .text.USART_OverSampling8Cmd
                0x0000000000000000       0x12 ./Peripheral/src/ch32v00x_usart.o
 .text.USART_OneBitMethodCmd
                0x0000000000000000       0x1e ./Peripheral/src/ch32v00x_usart.o
 .text.USART_IrDAConfig
                0x0000000000000000       0x16 ./Peripheral/src/ch32v00x_usart.o
 .text.USART_IrDACmd
                0x0000000000000000       0x18 ./Peripheral/src/ch32v00x_usart.o
 .text.USART_ClearFlag
                0x0000000000000000        0xc ./Peripheral/src/ch32v00x_usart.o
 .text.USART_GetITStatus
                0x0000000000000000       0x3c ./Peripheral/src/ch32v00x_usart.o
 .text.USART_ClearITPendingBit
                0x0000000000000000       0x14 ./Peripheral/src/ch32v00x_usart.o
 .text          0x0000000000000000        0x0 ./Peripheral/src/ch32v00x_wwdg.o
 .data          0x0000000000000000        0x0 ./Peripheral/src/ch32v00x_wwdg.o
 .bss           0x0000000000000000        0x0 ./Peripheral/src/ch32v00x_wwdg.o
 .text.WWDG_DeInit
                0x0000000000000000       0x2e ./Peripheral/src/ch32v00x_wwdg.o
 .text.WWDG_SetPrescaler
                0x0000000000000000       0x14 ./Peripheral/src/ch32v00x_wwdg.o
 .text.WWDG_SetWindowValue
                0x0000000000000000       0x26 ./Peripheral/src/ch32v00x_wwdg.o
 .text.WWDG_EnableIT
                0x0000000000000000       0x12 ./Peripheral/src/ch32v00x_wwdg.o
 .text.WWDG_SetCounter
                0x0000000000000000        0xe ./Peripheral/src/ch32v00x_wwdg.o
 .text.WWDG_Enable
                0x0000000000000000        0xe ./Peripheral/src/ch32v00x_wwdg.o
 .text.WWDG_GetFlagStatus
                0x0000000000000000        0xa ./Peripheral/src/ch32v00x_wwdg.o
 .text.WWDG_ClearFlag
                0x0000000000000000        0xa ./Peripheral/src/ch32v00x_wwdg.o
 .debug_info    0x0000000000000000      0xb27 ./Peripheral/src/ch32v00x_wwdg.o
 .debug_abbrev  0x0000000000000000      0x29d ./Peripheral/src/ch32v00x_wwdg.o
 .debug_loc     0x0000000000000000       0xae ./Peripheral/src/ch32v00x_wwdg.o
 .debug_aranges
                0x0000000000000000       0x58 ./Peripheral/src/ch32v00x_wwdg.o
 .debug_ranges  0x0000000000000000       0x48 ./Peripheral/src/ch32v00x_wwdg.o
 .debug_line    0x0000000000000000      0x4f1 ./Peripheral/src/ch32v00x_wwdg.o
 .debug_str     0x0000000000000000      0x6b0 ./Peripheral/src/ch32v00x_wwdg.o
 .comment       0x0000000000000000       0x34 ./Peripheral/src/ch32v00x_wwdg.o
 .debug_frame   0x0000000000000000       0xa4 ./Peripheral/src/ch32v00x_wwdg.o
 .text          0x0000000000000000        0x0 ./Debug/debug.o
 .data          0x0000000000000000        0x0 ./Debug/debug.o
 .bss           0x0000000000000000        0x0 ./Debug/debug.o
 .text.Delay_Us
                0x0000000000000000       0x4a ./Debug/debug.o
 .text.SDI_Printf_Enable
                0x0000000000000000       0x2a ./Debug/debug.o
 .text._sbrk    0x0000000000000000       0x2e ./Debug/debug.o
 .data.curbrk.4086
                0x0000000000000000        0x4 ./Debug/debug.o
 .text          0x0000000000000000        0x0 ./Core/core_riscv.o
 .data          0x0000000000000000        0x0 ./Core/core_riscv.o
 .bss           0x0000000000000000        0x0 ./Core/core_riscv.o
 .text.__get_MSTATUS
                0x0000000000000000        0x6 ./Core/core_riscv.o
 .text.__set_MSTATUS
                0x0000000000000000        0x6 ./Core/core_riscv.o
 .text.__get_MISA
                0x0000000000000000        0x6 ./Core/core_riscv.o
 .text.__set_MISA
                0x0000000000000000        0x6 ./Core/core_riscv.o
 .text.__get_MTVEC
                0x0000000000000000        0x6 ./Core/core_riscv.o
 .text.__set_MTVEC
                0x0000000000000000        0x6 ./Core/core_riscv.o
 .text.__get_MSCRATCH
                0x0000000000000000        0x6 ./Core/core_riscv.o
 .text.__set_MSCRATCH
                0x0000000000000000        0x6 ./Core/core_riscv.o
 .text.__get_MEPC
                0x0000000000000000        0x6 ./Core/core_riscv.o
 .text.__set_MEPC
                0x0000000000000000        0x6 ./Core/core_riscv.o
 .text.__get_MCAUSE
                0x0000000000000000        0x6 ./Core/core_riscv.o
 .text.__set_MCAUSE
                0x0000000000000000        0x6 ./Core/core_riscv.o
 .text.__get_MVENDORID
                0x0000000000000000        0x6 ./Core/core_riscv.o
 .text.__get_MARCHID
                0x0000000000000000        0x6 ./Core/core_riscv.o
 .text.__get_MIMPID
                0x0000000000000000        0x6 ./Core/core_riscv.o
 .text.__get_MHARTID
                0x0000000000000000        0x6 ./Core/core_riscv.o
 .text.__get_SP
                0x0000000000000000        0x4 ./Core/core_riscv.o
 .highcode      0x0000000000000000        0xa ./Core/core_riscv.o
 .debug_info    0x0000000000000000      0x349 ./Core/core_riscv.o
 .debug_abbrev  0x0000000000000000      0x10d ./Core/core_riscv.o
 .debug_aranges
                0x0000000000000000       0xa8 ./Core/core_riscv.o
 .debug_ranges  0x0000000000000000       0x98 ./Core/core_riscv.o
 .debug_line    0x0000000000000000      0x478 ./Core/core_riscv.o
 .debug_str     0x0000000000000000      0x282 ./Core/core_riscv.o
 .comment       0x0000000000000000       0x34 ./Core/core_riscv.o
 .debug_frame   0x0000000000000000      0x130 ./Core/core_riscv.o
 .text          0x0000000000000000        0x0 c:/mounriver/mounriver_studio2/resources/app/resources/win32/components/wch/toolchain/risc-v embedded gcc/bin/../lib/gcc/riscv-none-embed/8.2.0/../../../../riscv-none-embed/lib/rv32ecxw/ilp32e\libprintf.a(wchprintf.o)
 .data          0x0000000000000000        0x0 c:/mounriver/mounriver_studio2/resources/app/resources/win32/components/wch/toolchain/risc-v embedded gcc/bin/../lib/gcc/riscv-none-embed/8.2.0/../../../../riscv-none-embed/lib/rv32ecxw/ilp32e\libprintf.a(wchprintf.o)
 .bss           0x0000000000000000        0x0 c:/mounriver/mounriver_studio2/resources/app/resources/win32/components/wch/toolchain/risc-v embedded gcc/bin/../lib/gcc/riscv-none-embed/8.2.0/../../../../riscv-none-embed/lib/rv32ecxw/ilp32e\libprintf.a(wchprintf.o)
 .text.snprintf
                0x0000000000000000       0x2e c:/mounriver/mounriver_studio2/resources/app/resources/win32/components/wch/toolchain/risc-v embedded gcc/bin/../lib/gcc/riscv-none-embed/8.2.0/../../../../riscv-none-embed/lib/rv32ecxw/ilp32e\libprintf.a(wchprintf.o)
 .text.puts     0x0000000000000000       0x52 c:/mounriver/mounriver_studio2/resources/app/resources/win32/components/wch/toolchain/risc-v embedded gcc/bin/../lib/gcc/riscv-none-embed/8.2.0/../../../../riscv-none-embed/lib/rv32ecxw/ilp32e\libprintf.a(wchprintf.o)
 .text.putchar  0x0000000000000000       0x1c c:/mounriver/mounriver_studio2/resources/app/resources/win32/components/wch/toolchain/risc-v embedded gcc/bin/../lib/gcc/riscv-none-embed/8.2.0/../../../../riscv-none-embed/lib/rv32ecxw/ilp32e\libprintf.a(wchprintf.o)
 .data          0x0000000000000000        0x0 c:/mounriver/mounriver_studio2/resources/app/resources/win32/components/wch/toolchain/risc-v embedded gcc/bin/../lib/gcc/riscv-none-embed/8.2.0/rv32ecxw/ilp32e\libgcc.a(save-restore.o)
 .bss           0x0000000000000000        0x0 c:/mounriver/mounriver_studio2/resources/app/resources/win32/components/wch/toolchain/risc-v embedded gcc/bin/../lib/gcc/riscv-none-embed/8.2.0/rv32ecxw/ilp32e\libgcc.a(save-restore.o)
 .eh_frame      0x0000000000000000       0x68 c:/mounriver/mounriver_studio2/resources/app/resources/win32/components/wch/toolchain/risc-v embedded gcc/bin/../lib/gcc/riscv-none-embed/8.2.0/rv32ecxw/ilp32e\libgcc.a(save-restore.o)
 .data          0x0000000000000000        0x0 c:/mounriver/mounriver_studio2/resources/app/resources/win32/components/wch/toolchain/risc-v embedded gcc/bin/../lib/gcc/riscv-none-embed/8.2.0/rv32ecxw/ilp32e\libgcc.a(muldi3.o)
 .bss           0x0000000000000000        0x0 c:/mounriver/mounriver_studio2/resources/app/resources/win32/components/wch/toolchain/risc-v embedded gcc/bin/../lib/gcc/riscv-none-embed/8.2.0/rv32ecxw/ilp32e\libgcc.a(muldi3.o)
 .data          0x0000000000000000        0x0 c:/mounriver/mounriver_studio2/resources/app/resources/win32/components/wch/toolchain/risc-v embedded gcc/bin/../lib/gcc/riscv-none-embed/8.2.0/rv32ecxw/ilp32e\libgcc.a(div.o)
 .bss           0x0000000000000000        0x0 c:/mounriver/mounriver_studio2/resources/app/resources/win32/components/wch/toolchain/risc-v embedded gcc/bin/../lib/gcc/riscv-none-embed/8.2.0/rv32ecxw/ilp32e\libgcc.a(div.o)
 .data          0x0000000000000000        0x0 c:/mounriver/mounriver_studio2/resources/app/resources/win32/components/wch/toolchain/risc-v embedded gcc/bin/../lib/gcc/riscv-none-embed/8.2.0/../../../../riscv-none-embed/lib/rv32ecxw/ilp32e\libg_nano.a(lib_a-memset.o)
 .bss           0x0000000000000000        0x0 c:/mounriver/mounriver_studio2/resources/app/resources/win32/components/wch/toolchain/risc-v embedded gcc/bin/../lib/gcc/riscv-none-embed/8.2.0/../../../../riscv-none-embed/lib/rv32ecxw/ilp32e\libg_nano.a(lib_a-memset.o)

Memory Configuration

Name             Origin             Length             Attributes
FLASH            0x0000000000000000 0x0000000000004000 xr
RAM              0x0000000020000000 0x0000000000000800 xrw
*default*        0x0000000000000000 0xffffffffffffffff

Linker script and memory map

LOAD ./User/ch32v00x_it.o
LOAD ./User/fonts.o
LOAD ./User/ili9341.o
LOAD ./User/main.o
LOAD ./User/system_ch32v00x.o
LOAD ./Startup/startup_ch32v00x.o
LOAD ./Peripheral/src/ch32v00x_adc.o
LOAD ./Peripheral/src/ch32v00x_dbgmcu.o
LOAD ./Peripheral/src/ch32v00x_dma.o
LOAD ./Peripheral/src/ch32v00x_exti.o
LOAD ./Peripheral/src/ch32v00x_flash.o
LOAD ./Peripheral/src/ch32v00x_gpio.o
LOAD ./Peripheral/src/ch32v00x_i2c.o
LOAD ./Peripheral/src/ch32v00x_iwdg.o
LOAD ./Peripheral/src/ch32v00x_misc.o
LOAD ./Peripheral/src/ch32v00x_opa.o
LOAD ./Peripheral/src/ch32v00x_pwr.o
LOAD ./Peripheral/src/ch32v00x_rcc.o
LOAD ./Peripheral/src/ch32v00x_spi.o
LOAD ./Peripheral/src/ch32v00x_tim.o
LOAD ./Peripheral/src/ch32v00x_usart.o
LOAD ./Peripheral/src/ch32v00x_wwdg.o
LOAD ./Debug/debug.o
LOAD ./Core/core_riscv.o
LOAD c:/mounriver/mounriver_studio2/resources/app/resources/win32/components/wch/toolchain/risc-v embedded gcc/bin/../lib/gcc/riscv-none-embed/8.2.0/../../../../riscv-none-embed/lib/rv32ecxw/ilp32e\libprintf.a
LOAD c:/mounriver/mounriver_studio2/resources/app/resources/win32/components/wch/toolchain/risc-v embedded gcc/bin/../lib/gcc/riscv-none-embed/8.2.0/rv32ecxw/ilp32e\libgcc.a
LOAD c:/mounriver/mounriver_studio2/resources/app/resources/win32/components/wch/toolchain/risc-v embedded gcc/bin/../lib/gcc/riscv-none-embed/8.2.0/../../../../riscv-none-embed/lib/rv32ecxw/ilp32e\libg_nano.a
LOAD c:/mounriver/mounriver_studio2/resources/app/resources/win32/components/wch/toolchain/risc-v embedded gcc/bin/../lib/gcc/riscv-none-embed/8.2.0/../../../../riscv-none-embed/lib/rv32ecxw/ilp32e\libc_nano.a
LOAD c:/mounriver/mounriver_studio2/resources/app/resources/win32/components/wch/toolchain/risc-v embedded gcc/bin/../lib/gcc/riscv-none-embed/8.2.0/rv32ecxw/ilp32e\libgcc.a
START GROUP
LOAD c:/mounriver/mounriver_studio2/resources/app/resources/win32/components/wch/toolchain/risc-v embedded gcc/bin/../lib/gcc/riscv-none-embed/8.2.0/rv32ecxw/ilp32e\libgcc.a
LOAD c:/mounriver/mounriver_studio2/resources/app/resources/win32/components/wch/toolchain/risc-v embedded gcc/bin/../lib/gcc/riscv-none-embed/8.2.0/../../../../riscv-none-embed/lib/rv32ecxw/ilp32e\libc_nano.a
LOAD c:/mounriver/mounriver_studio2/resources/app/resources/win32/components/wch/toolchain/risc-v embedded gcc/bin/../lib/gcc/riscv-none-embed/8.2.0/../../../../riscv-none-embed/lib/rv32ecxw/ilp32e\libnosys.a
END GROUP
START GROUP
LOAD c:/mounriver/mounriver_studio2/resources/app/resources/win32/components/wch/toolchain/risc-v embedded gcc/bin/../lib/gcc/riscv-none-embed/8.2.0/rv32ecxw/ilp32e\libgcc.a
LOAD c:/mounriver/mounriver_studio2/resources/app/resources/win32/components/wch/toolchain/risc-v embedded gcc/bin/../lib/gcc/riscv-none-embed/8.2.0/../../../../riscv-none-embed/lib/rv32ecxw/ilp32e\libc_nano.a
LOAD c:/mounriver/mounriver_studio2/resources/app/resources/win32/components/wch/toolchain/risc-v embedded gcc/bin/../lib/gcc/riscv-none-embed/8.2.0/../../../../riscv-none-embed/lib/rv32ecxw/ilp32e\libnosys.a
END GROUP
                0x0000000000000100                __stack_size = 0x100
                [!provide]                        PROVIDE (_stack_size = __stack_size)

.init           0x0000000000000000       0xa0
                0x0000000000000000                _sinit = .
                0x0000000000000000                . = ALIGN (0x4)
 *(SORT_NONE(.init))
 .init          0x0000000000000000       0x9e ./Startup/startup_ch32v00x.o
                0x0000000000000000                _start
                0x00000000000000a0                . = ALIGN (0x4)
 *fill*         0x000000000000009e        0x2 
                0x00000000000000a0                _einit = .

.highcodelalign
                0x00000000000000a0        0x0
                0x00000000000000a0                . = ALIGN (0x4)
                0x00000000000000a0                PROVIDE (_highcode_lma = .)

.highcode       0x0000000020000000        0x0 load address 0x00000000000000a0
                0x0000000020000000                . = ALIGN (0x4)
                0x0000000020000000                PROVIDE (_highcode_vma_start = .)
 *(.highcode)
 *(.highcode.*)
                0x0000000020000000                . = ALIGN (0x4)
                0x0000000020000000                PROVIDE (_highcode_vma_end = .)

.text           0x00000000000000a0     0x3324
                0x00000000000000a0                . = ALIGN (0x4)
 *(.text)
 .text          0x00000000000000a0       0x14 c:/mounriver/mounriver_studio2/resources/app/resources/win32/components/wch/toolchain/risc-v embedded gcc/bin/../lib/gcc/riscv-none-embed/8.2.0/rv32ecxw/ilp32e\libgcc.a(save-restore.o)
                0x00000000000000a0                __riscv_save_1
                0x00000000000000a0                __riscv_save_2
                0x00000000000000a0                __riscv_save_0
                0x00000000000000aa                __riscv_restore_0
                0x00000000000000aa                __riscv_restore_1
                0x00000000000000aa                __riscv_restore_2
 .text          0x00000000000000b4       0x16 c:/mounriver/mounriver_studio2/resources/app/resources/win32/components/wch/toolchain/risc-v embedded gcc/bin/../lib/gcc/riscv-none-embed/8.2.0/rv32ecxw/ilp32e\libgcc.a(muldi3.o)
                0x00000000000000b4                __mulsi3
 *fill*         0x00000000000000ca        0x2 
 .text          0x00000000000000cc       0x7e c:/mounriver/mounriver_studio2/resources/app/resources/win32/components/wch/toolchain/risc-v embedded gcc/bin/../lib/gcc/riscv-none-embed/8.2.0/rv32ecxw/ilp32e\libgcc.a(div.o)
                0x00000000000000cc                __divsi3
                0x00000000000000d4                __udivsi3
                0x0000000000000100                __umodsi3
                0x0000000000000124                __modsi3
 .text          0x000000000000014a       0xa8 c:/mounriver/mounriver_studio2/resources/app/resources/win32/components/wch/toolchain/risc-v embedded gcc/bin/../lib/gcc/riscv-none-embed/8.2.0/../../../../riscv-none-embed/lib/rv32ecxw/ilp32e\libg_nano.a(lib_a-memset.o)
                0x000000000000014a                memset
 *(.text.*)
 .text.NMI_Handler
                0x00000000000001f2        0x2 ./User/ch32v00x_it.o
                0x00000000000001f2                NMI_Handler
 .text.HardFault_Handler
                0x00000000000001f4       0x10 ./User/ch32v00x_it.o
                0x00000000000001f4                HardFault_Handler
 .text.SPI_send_DMA
                0x0000000000000204       0x3e ./User/ili9341.o
 .text.SPI_send8
                0x0000000000000242       0x1e ./User/ili9341.o
 .text.write_data_8
                0x0000000000000260       0x30 ./User/ili9341.o
 .text.write_command_8
                0x0000000000000290       0x30 ./User/ili9341.o
 .text.spi_send16
                0x00000000000002c0       0x1a ./User/ili9341.o
                0x00000000000002c0                spi_send16
 .text.write_data_16
                0x00000000000002da       0x34 ./User/ili9341.o
 .text.tft_set_window
                0x000000000000030e       0x3a ./User/ili9341.o
 .text._tft_draw_fast_h_line
                0x0000000000000348       0x86 ./User/ili9341.o
 .text._tft_draw_fast_v_line
                0x00000000000003ce       0x86 ./User/ili9341.o
 .text.tft_init
                0x0000000000000454      0x202 ./User/ili9341.o
                0x0000000000000454                tft_init
 .text.tft_set_cursor
                0x0000000000000656        0xa ./User/ili9341.o
                0x0000000000000656                tft_set_cursor
 .text.tft_set_color
                0x0000000000000660        0xa ./User/ili9341.o
                0x0000000000000660                tft_set_color
 .text.tft_set_background_color
                0x000000000000066a        0xa ./User/ili9341.o
                0x000000000000066a                tft_set_background_color
 .text.tft_print_char
                0x0000000000000674       0xf4 ./User/ili9341.o
                0x0000000000000674                tft_print_char
 .text.tft_print
                0x0000000000000768       0x20 ./User/ili9341.o
                0x0000000000000768                tft_print
 .text.tft_draw_pixel
                0x0000000000000788       0x34 ./User/ili9341.o
                0x0000000000000788                tft_draw_pixel
 .text.tft_fill_rect
                0x00000000000007bc       0x98 ./User/ili9341.o
                0x00000000000007bc                tft_fill_rect
 .text.tft_draw_rect
                0x0000000000000854       0x78 ./User/ili9341.o
                0x0000000000000854                tft_draw_rect
 .text.tft_draw_line
                0x00000000000008cc      0x154 ./User/ili9341.o
                0x00000000000008cc                tft_draw_line
 .text.tft_draw_circle
                0x0000000000000a20      0x18e ./User/ili9341.o
                0x0000000000000a20                tft_draw_circle
 .text.tft_fill_circle
                0x0000000000000bae      0x104 ./User/ili9341.o
                0x0000000000000bae                tft_fill_circle
 .text.TIM1_PWMOut_Init
                0x0000000000000cb2      0x176 ./User/main.o
                0x0000000000000cb2                TIM1_PWMOut_Init
 .text.TIM1_DMA_Init
                0x0000000000000e28       0x94 ./User/main.o
                0x0000000000000e28                TIM1_DMA_Init
 .text.DMA1_Channel5_IRQHandler
                0x0000000000000ebc       0x70 ./User/main.o
                0x0000000000000ebc                DMA1_Channel5_IRQHandler
 .text.TIM2_INT_Init
                0x0000000000000f2c       0x6c ./User/main.o
                0x0000000000000f2c                TIM2_INT_Init
 .text.TIM1_UP_IRQHandler
                0x0000000000000f98       0x24 ./User/main.o
                0x0000000000000f98                TIM1_UP_IRQHandler
 .text.TIM2_IRQHandler
                0x0000000000000fbc       0x30 ./User/main.o
                0x0000000000000fbc                TIM2_IRQHandler
 .text.init_ADC
                0x0000000000000fec       0xc4 ./User/main.o
                0x0000000000000fec                init_ADC
 .text.DMA_Tx_Init
                0x00000000000010b0       0x62 ./User/main.o
                0x00000000000010b0                DMA_Tx_Init
 .text.init_DMA
                0x0000000000001112       0x42 ./User/main.o
                0x0000000000001112                init_DMA
 .text.rand16   0x0000000000001154       0x40 ./User/main.o
                0x0000000000001154                rand16
 .text.random_dot
                0x0000000000001194      0x12e ./User/main.o
                0x0000000000001194                random_dot
 .text.scan_hline
                0x00000000000012c2       0x7c ./User/main.o
                0x00000000000012c2                scan_hline
 .text.scan_vline
                0x000000000000133e       0x7c ./User/main.o
                0x000000000000133e                scan_vline
 .text.random_line
                0x00000000000013ba       0xbe ./User/main.o
                0x00000000000013ba                random_line
 .text.center_rect
                0x0000000000001478       0x96 ./User/main.o
                0x0000000000001478                center_rect
 .text.random_rect
                0x000000000000150e       0xa6 ./User/main.o
                0x000000000000150e                random_rect
 .text.fill_rect
                0x00000000000015b4       0xa6 ./User/main.o
                0x00000000000015b4                fill_rect
 .text.move_rect
                0x000000000000165a       0xc6 ./User/main.o
                0x000000000000165a                move_rect
 .text.random_circ
                0x0000000000001720       0xa2 ./User/main.o
                0x0000000000001720                random_circ
 .text.fill_circ
                0x00000000000017c2       0xa2 ./User/main.o
                0x00000000000017c2                fill_circ
 .text.demo_LCD
                0x0000000000001864       0x2c ./User/main.o
                0x0000000000001864                demo_LCD
 .text.disp_ADC
                0x0000000000001890       0xc6 ./User/main.o
                0x0000000000001890                disp_ADC
 .text.disp_TIM2
                0x0000000000001956       0x68 ./User/main.o
                0x0000000000001956                disp_TIM2
 .text.disp_MENU
                0x00000000000019be      0x11e ./User/main.o
                0x00000000000019be                disp_MENU
 .text.startup.main
                0x0000000000001adc      0x114 ./User/main.o
                0x0000000000001adc                main
 .text.SystemInit
                0x0000000000001bf0      0x134 ./User/system_ch32v00x.o
                0x0000000000001bf0                SystemInit
 .text.SystemCoreClockUpdate
                0x0000000000001d24       0x6c ./User/system_ch32v00x.o
                0x0000000000001d24                SystemCoreClockUpdate
 .text.vector_handler
                0x0000000000001d90        0x2 ./Startup/startup_ch32v00x.o
                0x0000000000001d90                TIM1_CC_IRQHandler
                0x0000000000001d90                SysTick_Handler
                0x0000000000001d90                PVD_IRQHandler
                0x0000000000001d90                SPI1_IRQHandler
                0x0000000000001d90                AWU_IRQHandler
                0x0000000000001d90                EXTI7_0_IRQHandler
                0x0000000000001d90                DMA1_Channel4_IRQHandler
                0x0000000000001d90                ADC1_IRQHandler
                0x0000000000001d90                DMA1_Channel7_IRQHandler
                0x0000000000001d90                I2C1_EV_IRQHandler
                0x0000000000001d90                DMA1_Channel6_IRQHandler
                0x0000000000001d90                RCC_IRQHandler
                0x0000000000001d90                TIM1_TRG_COM_IRQHandler
                0x0000000000001d90                DMA1_Channel1_IRQHandler
                0x0000000000001d90                DMA1_Channel3_IRQHandler
                0x0000000000001d90                WWDG_IRQHandler
                0x0000000000001d90                SW_Handler
                0x0000000000001d90                TIM1_BRK_IRQHandler
                0x0000000000001d90                DMA1_Channel2_IRQHandler
                0x0000000000001d90                FLASH_IRQHandler
                0x0000000000001d90                USART1_IRQHandler
                0x0000000000001d90                I2C1_ER_IRQHandler
 .text.handle_reset
                0x0000000000001d92       0xb0 ./Startup/startup_ch32v00x.o
                0x0000000000001d92                handle_reset
 .text.ADC_DeInit
                0x0000000000001e42       0x26 ./Peripheral/src/ch32v00x_adc.o
                0x0000000000001e42                ADC_DeInit
 .text.ADC_Init
                0x0000000000001e68       0x4e ./Peripheral/src/ch32v00x_adc.o
                0x0000000000001e68                ADC_Init
 .text.ADC_Cmd  0x0000000000001eb6       0x10 ./Peripheral/src/ch32v00x_adc.o
                0x0000000000001eb6                ADC_Cmd
 .text.ADC_DMACmd
                0x0000000000001ec6       0x12 ./Peripheral/src/ch32v00x_adc.o
                0x0000000000001ec6                ADC_DMACmd
 .text.ADC_ResetCalibration
                0x0000000000001ed8        0xa ./Peripheral/src/ch32v00x_adc.o
                0x0000000000001ed8                ADC_ResetCalibration
 .text.ADC_GetResetCalibrationStatus
                0x0000000000001ee2        0x8 ./Peripheral/src/ch32v00x_adc.o
                0x0000000000001ee2                ADC_GetResetCalibrationStatus
 .text.ADC_StartCalibration
                0x0000000000001eea        0xa ./Peripheral/src/ch32v00x_adc.o
                0x0000000000001eea                ADC_StartCalibration
 .text.ADC_GetCalibrationStatus
                0x0000000000001ef4        0x8 ./Peripheral/src/ch32v00x_adc.o
                0x0000000000001ef4                ADC_GetCalibrationStatus
 .text.ADC_SoftwareStartConvCmd
                0x0000000000001efc       0x18 ./Peripheral/src/ch32v00x_adc.o
                0x0000000000001efc                ADC_SoftwareStartConvCmd
 .text.ADC_RegularChannelConfig
                0x0000000000001f14       0xba ./Peripheral/src/ch32v00x_adc.o
                0x0000000000001f14                ADC_RegularChannelConfig
 .text.ADC_Calibration_Vol
                0x0000000000001fce       0x14 ./Peripheral/src/ch32v00x_adc.o
                0x0000000000001fce                ADC_Calibration_Vol
 .text.DBGMCU_GetCHIPID
                0x0000000000001fe2        0xa ./Peripheral/src/ch32v00x_dbgmcu.o
                0x0000000000001fe2                DBGMCU_GetCHIPID
 .text.DMA_DeInit
                0x0000000000001fec       0x92 ./Peripheral/src/ch32v00x_dma.o
                0x0000000000001fec                DMA_DeInit
 .text.DMA_Init
                0x000000000000207e       0x38 ./Peripheral/src/ch32v00x_dma.o
                0x000000000000207e                DMA_Init
 .text.DMA_Cmd  0x00000000000020b6       0x14 ./Peripheral/src/ch32v00x_dma.o
                0x00000000000020b6                DMA_Cmd
 .text.DMA_ITConfig
                0x00000000000020ca       0x12 ./Peripheral/src/ch32v00x_dma.o
                0x00000000000020ca                DMA_ITConfig
 .text.DMA_GetFlagStatus
                0x00000000000020dc        0xe ./Peripheral/src/ch32v00x_dma.o
                0x00000000000020dc                DMA_GetFlagStatus
 .text.DMA_GetITStatus
                0x00000000000020ea        0xc ./Peripheral/src/ch32v00x_dma.o
                0x00000000000020ea                DMA_GetITStatus
 .text.DMA_ClearITPendingBit
                0x00000000000020f6        0x8 ./Peripheral/src/ch32v00x_dma.o
                0x00000000000020f6                DMA_ClearITPendingBit
 .text.GPIO_DeInit
                0x00000000000020fe       0x48 ./Peripheral/src/ch32v00x_gpio.o
                0x00000000000020fe                GPIO_DeInit
 .text.GPIO_AFIODeInit
                0x0000000000002146       0x14 ./Peripheral/src/ch32v00x_gpio.o
                0x0000000000002146                GPIO_AFIODeInit
 .text.GPIO_Init
                0x000000000000215a       0x7c ./Peripheral/src/ch32v00x_gpio.o
                0x000000000000215a                GPIO_Init
 .text.GPIO_ReadOutputDataBit
                0x00000000000021d6        0xa ./Peripheral/src/ch32v00x_gpio.o
                0x00000000000021d6                GPIO_ReadOutputDataBit
 .text.GPIO_SetBits
                0x00000000000021e0        0x4 ./Peripheral/src/ch32v00x_gpio.o
                0x00000000000021e0                GPIO_SetBits
 .text.GPIO_ResetBits
                0x00000000000021e4        0x4 ./Peripheral/src/ch32v00x_gpio.o
                0x00000000000021e4                GPIO_ResetBits
 .text.NVIC_PriorityGroupConfig
                0x00000000000021e8        0x6 ./Peripheral/src/ch32v00x_misc.o
                0x00000000000021e8                NVIC_PriorityGroupConfig
 .text.NVIC_Init
                0x00000000000021ee       0x54 ./Peripheral/src/ch32v00x_misc.o
                0x00000000000021ee                NVIC_Init
 .text.RCC_AdjustHSICalibrationValue
                0x0000000000002242       0x12 ./Peripheral/src/ch32v00x_rcc.o
                0x0000000000002242                RCC_AdjustHSICalibrationValue
 .text.RCC_ADCCLKConfig
                0x0000000000002254       0x14 ./Peripheral/src/ch32v00x_rcc.o
                0x0000000000002254                RCC_ADCCLKConfig
 .text.RCC_GetClocksFreq
                0x0000000000002268       0xa2 ./Peripheral/src/ch32v00x_rcc.o
                0x0000000000002268                RCC_GetClocksFreq
 .text.RCC_AHBPeriphClockCmd
                0x000000000000230a       0x1e ./Peripheral/src/ch32v00x_rcc.o
                0x000000000000230a                RCC_AHBPeriphClockCmd
 .text.RCC_APB2PeriphClockCmd
                0x0000000000002328       0x1e ./Peripheral/src/ch32v00x_rcc.o
                0x0000000000002328                RCC_APB2PeriphClockCmd
 .text.RCC_APB1PeriphClockCmd
                0x0000000000002346       0x1e ./Peripheral/src/ch32v00x_rcc.o
                0x0000000000002346                RCC_APB1PeriphClockCmd
 .text.RCC_APB2PeriphResetCmd
                0x0000000000002364       0x1e ./Peripheral/src/ch32v00x_rcc.o
                0x0000000000002364                RCC_APB2PeriphResetCmd
 .text.RCC_APB1PeriphResetCmd
                0x0000000000002382       0x1e ./Peripheral/src/ch32v00x_rcc.o
                0x0000000000002382                RCC_APB1PeriphResetCmd
 .text.SPI_I2S_DeInit
                0x00000000000023a0       0x22 ./Peripheral/src/ch32v00x_spi.o
                0x00000000000023a0                SPI_I2S_DeInit
 .text.SPI_Init
                0x00000000000023c2       0x32 ./Peripheral/src/ch32v00x_spi.o
                0x00000000000023c2                SPI_Init
 .text.SPI_Cmd  0x00000000000023f4       0x1a ./Peripheral/src/ch32v00x_spi.o
                0x00000000000023f4                SPI_Cmd
 .text.SPI_I2S_DMACmd
                0x000000000000240e       0x12 ./Peripheral/src/ch32v00x_spi.o
                0x000000000000240e                SPI_I2S_DMACmd
 .text.TIM_DeInit
                0x0000000000002420       0x44 ./Peripheral/src/ch32v00x_tim.o
                0x0000000000002420                TIM_DeInit
 .text.TIM_TimeBaseInit
                0x0000000000002464       0x4e ./Peripheral/src/ch32v00x_tim.o
                0x0000000000002464                TIM_TimeBaseInit
 .text.TIM_OC1Init
                0x00000000000024b2       0x6a ./Peripheral/src/ch32v00x_tim.o
                0x00000000000024b2                TIM_OC1Init
 .text.TIM_OC2Init
                0x000000000000251c       0x96 ./Peripheral/src/ch32v00x_tim.o
                0x000000000000251c                TIM_OC2Init
 .text.TIM_BDTRConfig
                0x00000000000025b2       0x20 ./Peripheral/src/ch32v00x_tim.o
                0x00000000000025b2                TIM_BDTRConfig
 .text.TIM_Cmd  0x00000000000025d2       0x18 ./Peripheral/src/ch32v00x_tim.o
                0x00000000000025d2                TIM_Cmd
 .text.TIM_CtrlPWMOutputs
                0x00000000000025ea       0x16 ./Peripheral/src/ch32v00x_tim.o
                0x00000000000025ea                TIM_CtrlPWMOutputs
 .text.TIM_ITConfig
                0x0000000000002600       0x12 ./Peripheral/src/ch32v00x_tim.o
                0x0000000000002600                TIM_ITConfig
 .text.TIM_DMACmd
                0x0000000000002612        0xc ./Peripheral/src/ch32v00x_tim.o
                0x0000000000002612                TIM_DMACmd
 .text.TIM_ARRPreloadConfig
                0x000000000000261e       0x1a ./Peripheral/src/ch32v00x_tim.o
                0x000000000000261e                TIM_ARRPreloadConfig
 .text.TIM_OC1PreloadConfig
                0x0000000000002638        0xe ./Peripheral/src/ch32v00x_tim.o
                0x0000000000002638                TIM_OC1PreloadConfig
 .text.TIM_OC2PreloadConfig
                0x0000000000002646       0x16 ./Peripheral/src/ch32v00x_tim.o
                0x0000000000002646                TIM_OC2PreloadConfig
 .text.TIM_GetITStatus
                0x000000000000265c       0x18 ./Peripheral/src/ch32v00x_tim.o
                0x000000000000265c                TIM_GetITStatus
 .text.TIM_ClearITPendingBit
                0x0000000000002674        0xc ./Peripheral/src/ch32v00x_tim.o
                0x0000000000002674                TIM_ClearITPendingBit
 .text.USART_DeInit
                0x0000000000002680       0x26 ./Peripheral/src/ch32v00x_usart.o
                0x0000000000002680                USART_DeInit
 .text.USART_Init
                0x00000000000026a6       0xce ./Peripheral/src/ch32v00x_usart.o
                0x00000000000026a6                USART_Init
 .text.USART_Cmd
                0x0000000000002774       0x16 ./Peripheral/src/ch32v00x_usart.o
                0x0000000000002774                USART_Cmd
 .text.USART_SendData
                0x000000000000278a        0x8 ./Peripheral/src/ch32v00x_usart.o
                0x000000000000278a                USART_SendData
 .text.USART_GetFlagStatus
                0x0000000000002792        0xa ./Peripheral/src/ch32v00x_usart.o
                0x0000000000002792                USART_GetFlagStatus
 .text.Delay_Init
                0x000000000000279c       0x34 ./Debug/debug.o
                0x000000000000279c                Delay_Init
 .text.Delay_Ms
                0x00000000000027d0       0x3a ./Debug/debug.o
                0x00000000000027d0                Delay_Ms
 .text.USART_Printf_Init
                0x000000000000280a       0x5c ./Debug/debug.o
                0x000000000000280a                USART_Printf_Init
 .text._write   0x0000000000002866       0x50 ./Debug/debug.o
                0x0000000000002866                _write
 .text.printchar
                0x00000000000028b6       0x4a c:/mounriver/mounriver_studio2/resources/app/resources/win32/components/wch/toolchain/risc-v embedded gcc/bin/../lib/gcc/riscv-none-embed/8.2.0/../../../../riscv-none-embed/lib/rv32ecxw/ilp32e\libprintf.a(wchprintf.o)
                0x00000000000028b6                printchar
 .text.prints   0x0000000000002900       0xee c:/mounriver/mounriver_studio2/resources/app/resources/win32/components/wch/toolchain/risc-v embedded gcc/bin/../lib/gcc/riscv-none-embed/8.2.0/../../../../riscv-none-embed/lib/rv32ecxw/ilp32e\libprintf.a(wchprintf.o)
                0x0000000000002900                prints
 .text.printInt
                0x00000000000029ee      0x11a c:/mounriver/mounriver_studio2/resources/app/resources/win32/components/wch/toolchain/risc-v embedded gcc/bin/../lib/gcc/riscv-none-embed/8.2.0/../../../../riscv-none-embed/lib/rv32ecxw/ilp32e\libprintf.a(wchprintf.o)
                0x00000000000029ee                printInt
 .text.printLongLongInt
                0x0000000000002b08        0x4 c:/mounriver/mounriver_studio2/resources/app/resources/win32/components/wch/toolchain/risc-v embedded gcc/bin/../lib/gcc/riscv-none-embed/8.2.0/../../../../riscv-none-embed/lib/rv32ecxw/ilp32e\libprintf.a(wchprintf.o)
                0x0000000000002b08                printLongLongInt
 .text.printDouble
                0x0000000000002b0c        0x4 c:/mounriver/mounriver_studio2/resources/app/resources/win32/components/wch/toolchain/risc-v embedded gcc/bin/../lib/gcc/riscv-none-embed/8.2.0/../../../../riscv-none-embed/lib/rv32ecxw/ilp32e\libprintf.a(wchprintf.o)
                0x0000000000002b0c                printDouble
 .text.print    0x0000000000002b10      0x360 c:/mounriver/mounriver_studio2/resources/app/resources/win32/components/wch/toolchain/risc-v embedded gcc/bin/../lib/gcc/riscv-none-embed/8.2.0/../../../../riscv-none-embed/lib/rv32ecxw/ilp32e\libprintf.a(wchprintf.o)
                0x0000000000002b10                print
 .text.printf   0x0000000000002e70       0x24 c:/mounriver/mounriver_studio2/resources/app/resources/win32/components/wch/toolchain/risc-v embedded gcc/bin/../lib/gcc/riscv-none-embed/8.2.0/../../../../riscv-none-embed/lib/rv32ecxw/ilp32e\libprintf.a(wchprintf.o)
                0x0000000000002e70                printf
 .text.sprintf  0x0000000000002e94       0x28 c:/mounriver/mounriver_studio2/resources/app/resources/win32/components/wch/toolchain/risc-v embedded gcc/bin/../lib/gcc/riscv-none-embed/8.2.0/../../../../riscv-none-embed/lib/rv32ecxw/ilp32e\libprintf.a(wchprintf.o)
                0x0000000000002e94                sprintf
 *(.rodata)
 *(.rodata*)
 *fill*         0x0000000000002ebc        0x0 
 .rodata.font7x10
                0x0000000000002ebc      0x3b6 ./User/ili9341.o
 *fill*         0x0000000000003272        0x2 
 .rodata.gamma_n
                0x0000000000003274       0x10 ./User/ili9341.o
                0x0000000000003274                gamma_n
 .rodata.gamma_p
                0x0000000000003284       0x10 ./User/ili9341.o
                0x0000000000003284                gamma_p
 .rodata.disp_ADC.str1.4
                0x0000000000003294       0x14 ./User/main.o
 .rodata.disp_MENU.str1.4
                0x00000000000032a8       0xe2 ./User/main.o
 *fill*         0x000000000000338a        0x2 
 .rodata.disp_TIM2.str1.4
                0x000000000000338c       0x10 ./User/main.o
 .rodata.main.str1.4
                0x000000000000339c       0x1e ./User/main.o
 *fill*         0x00000000000033ba        0x2 
 .rodata.print.str1.4
                0x00000000000033bc        0x8 c:/mounriver/mounriver_studio2/resources/app/resources/win32/components/wch/toolchain/risc-v embedded gcc/bin/../lib/gcc/riscv-none-embed/8.2.0/../../../../riscv-none-embed/lib/rv32ecxw/ilp32e\libprintf.a(wchprintf.o)
                                          0x7 (size before relaxing)
 *(.gnu.linkonce.t.*)
                0x00000000000033c4                . = ALIGN (0x4)

.rela.dyn       0x00000000000033c4        0x0
 .rela.text.startup.main
                0x00000000000033c4        0x0 ./User/ch32v00x_it.o
 .rela.init     0x00000000000033c4        0x0 ./User/ch32v00x_it.o
 .rela.text.handle_reset
                0x00000000000033c4        0x0 ./User/ch32v00x_it.o
 .rela.text.prints
                0x00000000000033c4        0x0 ./User/ch32v00x_it.o
 .rela.text.printInt
                0x00000000000033c4        0x0 ./User/ch32v00x_it.o
 .rela.text.print
                0x00000000000033c4        0x0 ./User/ch32v00x_it.o
 .rela.text.printf
                0x00000000000033c4        0x0 ./User/ch32v00x_it.o
 .rela.text.sprintf
                0x00000000000033c4        0x0 ./User/ch32v00x_it.o

.fini           0x00000000000033c4        0x0
 *(SORT_NONE(.fini))
                0x00000000000033c4                . = ALIGN (0x4)
                [!provide]                        PROVIDE (_etext = .)
                [!provide]                        PROVIDE (_eitcm = .)

.preinit_array  0x00000000000033c4        0x0
                [!provide]                        PROVIDE (__preinit_array_start = .)
 *(.preinit_array)
                [!provide]                        PROVIDE (__preinit_array_end = .)

.init_array     0x00000000000033c4        0x0
                [!provide]                        PROVIDE (__init_array_start = .)
 *(SORT_BY_INIT_PRIORITY(.init_array.*) SORT_BY_INIT_PRIORITY(.ctors.*))
 *(.init_array EXCLUDE_FILE(*crtend?.o *crtend.o *crtbegin?.o *crtbegin.o) .ctors)
                [!provide]                        PROVIDE (__init_array_end = .)

.fini_array     0x00000000000033c4        0x0
                [!provide]                        PROVIDE (__fini_array_start = .)
 *(SORT_BY_INIT_PRIORITY(.fini_array.*) SORT_BY_INIT_PRIORITY(.dtors.*))
 *(.fini_array EXCLUDE_FILE(*crtend?.o *crtend.o *crtbegin?.o *crtbegin.o) .dtors)
                [!provide]                        PROVIDE (__fini_array_end = .)

.ctors
 *crtbegin.o(.ctors)
 *crtbegin?.o(.ctors)
 *(EXCLUDE_FILE(*crtend?.o *crtend.o) .ctors)
 *(SORT_BY_NAME(.ctors.*))
 *(.ctors)

.dtors
 *crtbegin.o(.dtors)
 *crtbegin?.o(.dtors)
 *(EXCLUDE_FILE(*crtend?.o *crtend.o) .dtors)
 *(SORT_BY_NAME(.dtors.*))
 *(.dtors)

.dalign         0x0000000020000000        0x0 load address 0x00000000000033c4
                0x0000000020000000                . = ALIGN (0x4)
                0x0000000020000000                PROVIDE (_data_vma = .)

.dlalign        0x00000000000033c4        0x0
                0x00000000000033c4                . = ALIGN (0x4)
                0x00000000000033c4                PROVIDE (_data_lma = .)

.data           0x0000000020000000       0xe8 load address 0x00000000000033c4
                0x0000000020000000                . = ALIGN (0x4)
 *(.gnu.linkonce.r.*)
 *(.data .data.*)
 .data._color   0x0000000020000000        0x2 ./User/ili9341.o
 *fill*         0x0000000020000002        0x2 
 .data.colors   0x0000000020000004       0x26 ./User/main.o
                0x0000000020000004                colors
 *fill*         0x000000002000002a        0x2 
 .data.lfsr     0x000000002000002c        0x4 ./User/main.o
                0x000000002000002c                lfsr
 .data.sine_fdb
                0x0000000020000030       0x7c ./User/main.o
                0x0000000020000030                sine_fdb
 .data.timer2_flag
                0x00000000200000ac        0x1 ./User/main.o
 *fill*         0x00000000200000ad        0x3 
 .data.AHBPrescTable
                0x00000000200000b0       0x10 ./User/system_ch32v00x.o
                0x00000000200000b0                AHBPrescTable
 .data.SystemCoreClock
                0x00000000200000c0        0x4 ./User/system_ch32v00x.o
                0x00000000200000c0                SystemCoreClock
 .data.ADCPrescTable
                0x00000000200000c4       0x14 ./Peripheral/src/ch32v00x_rcc.o
 .data.APBAHBPrescTable
                0x00000000200000d8       0x10 ./Peripheral/src/ch32v00x_rcc.o
 *(.gnu.linkonce.d.*)
                0x00000000200000e8                . = ALIGN (0x8)
                0x00000000200008e8                PROVIDE (__global_pointer$ = (. + 0x800))
 *(.sdata .sdata.*)
 *(.sdata2*)
 *(.gnu.linkonce.s.*)
                0x00000000200000e8                . = ALIGN (0x8)
 *(.srodata.cst16)
 *(.srodata.cst8)
 *(.srodata.cst4)
 *(.srodata.cst2)
 *(.srodata .srodata.*)
                0x00000000200000e8                . = ALIGN (0x4)
                0x00000000200000e8                PROVIDE (_edata = .)

.bss            0x00000000200000e8      0x144 load address 0x00000000000034ac
                0x00000000200000e8                . = ALIGN (0x4)
                0x00000000200000e8                PROVIDE (_sbss = .)
 *(.sbss*)
 *(.gnu.linkonce.sb.*)
 *(.bss*)
 .bss._bg_color
                0x00000000200000e8        0x2 ./User/ili9341.o
 *fill*         0x00000000200000ea        0x2 
 .bss._buffer   0x00000000200000ec      0x100 ./User/ili9341.o
 .bss._cursor_x
                0x00000000200001ec        0x2 ./User/ili9341.o
 .bss._cursor_y
                0x00000000200001ee        0x2 ./User/ili9341.o
 .bss.adc_BUF   0x00000000200001f0       0x16 ./User/main.o
                0x00000000200001f0                adc_BUF
 *fill*         0x0000000020000206        0x2 
 .bss.adc_val   0x0000000020000208        0x4 ./User/main.o
                0x0000000020000208                adc_val
 .bss.dec_str   0x000000002000020c        0x9 ./User/main.o
                0x000000002000020c                dec_str
 *fill*         0x0000000020000215        0x3 
 .bss.frame     0x0000000020000218        0x4 ./User/main.o
                0x0000000020000218                frame
 .bss.mv_val    0x000000002000021c        0x4 ./User/main.o
                0x000000002000021c                mv_val
 .bss.timer2_cnt
                0x0000000020000220        0x4 ./User/main.o
                0x0000000020000220                timer2_cnt
 .bss.NVIC_Priority_Group
                0x0000000020000224        0x4 ./Peripheral/src/ch32v00x_misc.o
                0x0000000020000224                NVIC_Priority_Group
 .bss.p_ms      0x0000000020000228        0x2 ./Debug/debug.o
 .bss.p_us      0x000000002000022a        0x1 ./Debug/debug.o
 *(.gnu.linkonce.b.*)
 *(COMMON*)
                0x000000002000022c                . = ALIGN (0x4)
 *fill*         0x000000002000022b        0x1 
                0x000000002000022c                PROVIDE (_ebss = .)
                0x000000002000022c                PROVIDE (_end = _ebss)
                [!provide]                        PROVIDE (end = .)

.stack          0x0000000020000700      0x100
                0x0000000020000700                PROVIDE (_heap_end = .)
                0x0000000020000700                . = ALIGN (0x4)
                [!provide]                        PROVIDE (_susrstack = .)
                0x0000000020000800                . = (. + __stack_size)
 *fill*         0x0000000020000700      0x100 
                0x0000000020000800                PROVIDE (_eusrstack = .)
OUTPUT(TIM_DMA_ILI9341_SPI_DMA.elf elf32-littleriscv)

.debug_info     0x0000000000000000    0x13782
 .debug_info    0x0000000000000000      0xbc0 ./User/ch32v00x_it.o
 .debug_info    0x0000000000000bc0     0x2dcd ./User/ili9341.o
 .debug_info    0x000000000000398d     0x3975 ./User/main.o
 .debug_info    0x0000000000007302      0xc94 ./User/system_ch32v00x.o
 .debug_info    0x0000000000007f96       0x22 ./Startup/startup_ch32v00x.o
 .debug_info    0x0000000000007fb8     0x1526 ./Peripheral/src/ch32v00x_adc.o
 .debug_info    0x00000000000094de      0xa94 ./Peripheral/src/ch32v00x_dbgmcu.o
 .debug_info    0x0000000000009f72      0xd17 ./Peripheral/src/ch32v00x_dma.o
 .debug_info    0x000000000000ac89     0x1034 ./Peripheral/src/ch32v00x_gpio.o
 .debug_info    0x000000000000bcbd      0xdca ./Peripheral/src/ch32v00x_misc.o
 .debug_info    0x000000000000ca87     0x108c ./Peripheral/src/ch32v00x_rcc.o
 .debug_info    0x000000000000db13     0x1068 ./Peripheral/src/ch32v00x_spi.o
 .debug_info    0x000000000000eb7b     0x297f ./Peripheral/src/ch32v00x_tim.o
 .debug_info    0x00000000000114fa     0x1351 ./Peripheral/src/ch32v00x_usart.o
 .debug_info    0x000000000001284b      0xf37 ./Debug/debug.o

.debug_abbrev   0x0000000000000000     0x2dc4
 .debug_abbrev  0x0000000000000000      0x22c ./User/ch32v00x_it.o
 .debug_abbrev  0x000000000000022c      0x4e3 ./User/ili9341.o
 .debug_abbrev  0x000000000000070f      0x3fc ./User/main.o
 .debug_abbrev  0x0000000000000b0b      0x2ee ./User/system_ch32v00x.o
 .debug_abbrev  0x0000000000000df9       0x12 ./Startup/startup_ch32v00x.o
 .debug_abbrev  0x0000000000000e0b      0x307 ./Peripheral/src/ch32v00x_adc.o
 .debug_abbrev  0x0000000000001112      0x2f7 ./Peripheral/src/ch32v00x_dbgmcu.o
 .debug_abbrev  0x0000000000001409      0x302 ./Peripheral/src/ch32v00x_dma.o
 .debug_abbrev  0x000000000000170b      0x309 ./Peripheral/src/ch32v00x_gpio.o
 .debug_abbrev  0x0000000000001a14      0x2ea ./Peripheral/src/ch32v00x_misc.o
 .debug_abbrev  0x0000000000001cfe      0x389 ./Peripheral/src/ch32v00x_rcc.o
 .debug_abbrev  0x0000000000002087      0x303 ./Peripheral/src/ch32v00x_spi.o
 .debug_abbrev  0x000000000000238a      0x408 ./Peripheral/src/ch32v00x_tim.o
 .debug_abbrev  0x0000000000002792      0x323 ./Peripheral/src/ch32v00x_usart.o
 .debug_abbrev  0x0000000000002ab5      0x30f ./Debug/debug.o

.debug_aranges  0x0000000000000000      0xab8
 .debug_aranges
                0x0000000000000000       0x28 ./User/ch32v00x_it.o
 .debug_aranges
                0x0000000000000028       0xf0 ./User/ili9341.o
 .debug_aranges
                0x0000000000000118       0xe8 ./User/main.o
 .debug_aranges
                0x0000000000000200       0x28 ./User/system_ch32v00x.o
 .debug_aranges
                0x0000000000000228       0x30 ./Startup/startup_ch32v00x.o
 .debug_aranges
                0x0000000000000258      0x138 ./Peripheral/src/ch32v00x_adc.o
 .debug_aranges
                0x0000000000000390       0x48 ./Peripheral/src/ch32v00x_dbgmcu.o
 .debug_aranges
                0x00000000000003d8       0x60 ./Peripheral/src/ch32v00x_dma.o
 .debug_aranges
                0x0000000000000438       0x98 ./Peripheral/src/ch32v00x_gpio.o
 .debug_aranges
                0x00000000000004d0       0x28 ./Peripheral/src/ch32v00x_misc.o
 .debug_aranges
                0x00000000000004f8       0xe0 ./Peripheral/src/ch32v00x_rcc.o
 .debug_aranges
                0x00000000000005d8       0xb8 ./Peripheral/src/ch32v00x_spi.o
 .debug_aranges
                0x0000000000000690      0x2d8 ./Peripheral/src/ch32v00x_tim.o
 .debug_aranges
                0x0000000000000968      0x100 ./Peripheral/src/ch32v00x_usart.o
 .debug_aranges
                0x0000000000000a68       0x50 ./Debug/debug.o

.debug_ranges   0x0000000000000000      0xcc0
 .debug_ranges  0x0000000000000000       0x18 ./User/ch32v00x_it.o
 .debug_ranges  0x0000000000000018      0x278 ./User/ili9341.o
 .debug_ranges  0x0000000000000290      0x180 ./User/main.o
 .debug_ranges  0x0000000000000410       0x50 ./User/system_ch32v00x.o
 .debug_ranges  0x0000000000000460       0x28 ./Startup/startup_ch32v00x.o
 .debug_ranges  0x0000000000000488      0x128 ./Peripheral/src/ch32v00x_adc.o
 .debug_ranges  0x00000000000005b0       0x50 ./Peripheral/src/ch32v00x_dbgmcu.o
 .debug_ranges  0x0000000000000600       0x50 ./Peripheral/src/ch32v00x_dma.o
 .debug_ranges  0x0000000000000650       0x88 ./Peripheral/src/ch32v00x_gpio.o
 .debug_ranges  0x00000000000006d8       0x48 ./Peripheral/src/ch32v00x_misc.o
 .debug_ranges  0x0000000000000720       0xd0 ./Peripheral/src/ch32v00x_rcc.o
 .debug_ranges  0x00000000000007f0       0xa8 ./Peripheral/src/ch32v00x_spi.o
 .debug_ranges  0x0000000000000898      0x2f8 ./Peripheral/src/ch32v00x_tim.o
 .debug_ranges  0x0000000000000b90       0xf0 ./Peripheral/src/ch32v00x_usart.o
 .debug_ranges  0x0000000000000c80       0x40 ./Debug/debug.o

.debug_line     0x0000000000000000     0xd5ae
 .debug_line    0x0000000000000000      0x30c ./User/ch32v00x_it.o
 .debug_line    0x000000000000030c     0x1b8f ./User/ili9341.o
 .debug_line    0x0000000000001e9b     0x1d26 ./User/main.o
 .debug_line    0x0000000000003bc1      0x72e ./User/system_ch32v00x.o
 .debug_line    0x00000000000042ef      0x148 ./Startup/startup_ch32v00x.o
 .debug_line    0x0000000000004437     0x149a ./Peripheral/src/ch32v00x_adc.o
 .debug_line    0x00000000000058d1      0x3e7 ./Peripheral/src/ch32v00x_dbgmcu.o
 .debug_line    0x0000000000005cb8      0x7f5 ./Peripheral/src/ch32v00x_dma.o
 .debug_line    0x00000000000064ad      0xc55 ./Peripheral/src/ch32v00x_gpio.o
 .debug_line    0x0000000000007102      0x435 ./Peripheral/src/ch32v00x_misc.o
 .debug_line    0x0000000000007537      0xe5c ./Peripheral/src/ch32v00x_rcc.o
 .debug_line    0x0000000000008393      0xa2f ./Peripheral/src/ch32v00x_spi.o
 .debug_line    0x0000000000008dc2     0x30b7 ./Peripheral/src/ch32v00x_tim.o
 .debug_line    0x000000000000be79      0xf66 ./Peripheral/src/ch32v00x_usart.o
 .debug_line    0x000000000000cddf      0x7cf ./Debug/debug.o

.debug_str      0x0000000000000000     0x3096
 .debug_str     0x0000000000000000      0x60f ./User/ch32v00x_it.o
                                        0x683 (size before relaxing)
 .debug_str     0x000000000000060f      0x628 ./User/ili9341.o
                                        0xc78 (size before relaxing)
 .debug_str     0x0000000000000c37      0xb60 ./User/main.o
                                       0x1460 (size before relaxing)
 .debug_str     0x0000000000001797       0xcd ./User/system_ch32v00x.o
                                        0x746 (size before relaxing)
 .debug_str     0x0000000000001864       0x2a ./Startup/startup_ch32v00x.o
                                         0x52 (size before relaxing)
 .debug_str     0x000000000000188e      0x393 ./Peripheral/src/ch32v00x_adc.o
                                        0xb88 (size before relaxing)
 .debug_str     0x0000000000001c21       0x7e ./Peripheral/src/ch32v00x_dbgmcu.o
                                        0x644 (size before relaxing)
 .debug_str     0x0000000000001c9f       0xbf ./Peripheral/src/ch32v00x_dma.o
                                        0x7f1 (size before relaxing)
 .debug_str     0x0000000000001d5e      0x176 ./Peripheral/src/ch32v00x_gpio.o
                                        0x941 (size before relaxing)
 .debug_str     0x0000000000001ed4       0x8c ./Peripheral/src/ch32v00x_misc.o
                                        0x909 (size before relaxing)
 .debug_str     0x0000000000001f60      0x289 ./Peripheral/src/ch32v00x_rcc.o
                                        0x9af (size before relaxing)
 .debug_str     0x00000000000021e9      0x1b8 ./Peripheral/src/ch32v00x_spi.o
                                        0x937 (size before relaxing)
 .debug_str     0x00000000000023a1      0x87d ./Peripheral/src/ch32v00x_tim.o
                                       0x1269 (size before relaxing)
 .debug_str     0x0000000000002c1e      0x3e8 ./Peripheral/src/ch32v00x_usart.o
                                        0xafe (size before relaxing)
 .debug_str     0x0000000000003006       0x90 ./Debug/debug.o
                                        0x8ff (size before relaxing)

.comment        0x0000000000000000       0x33
 .comment       0x0000000000000000       0x33 ./User/ch32v00x_it.o
                                         0x34 (size before relaxing)
 .comment       0x0000000000000033       0x34 ./User/ili9341.o
 .comment       0x0000000000000033       0x34 ./User/main.o
 .comment       0x0000000000000033       0x34 ./User/system_ch32v00x.o
 .comment       0x0000000000000033       0x34 ./Peripheral/src/ch32v00x_adc.o
 .comment       0x0000000000000033       0x34 ./Peripheral/src/ch32v00x_dbgmcu.o
 .comment       0x0000000000000033       0x34 ./Peripheral/src/ch32v00x_dma.o
 .comment       0x0000000000000033       0x34 ./Peripheral/src/ch32v00x_gpio.o
 .comment       0x0000000000000033       0x34 ./Peripheral/src/ch32v00x_misc.o
 .comment       0x0000000000000033       0x34 ./Peripheral/src/ch32v00x_rcc.o
 .comment       0x0000000000000033       0x34 ./Peripheral/src/ch32v00x_spi.o
 .comment       0x0000000000000033       0x34 ./Peripheral/src/ch32v00x_tim.o
 .comment       0x0000000000000033       0x34 ./Peripheral/src/ch32v00x_usart.o
 .comment       0x0000000000000033       0x34 ./Debug/debug.o
 .comment       0x0000000000000033       0x34 c:/mounriver/mounriver_studio2/resources/app/resources/win32/components/wch/toolchain/risc-v embedded gcc/bin/../lib/gcc/riscv-none-embed/8.2.0/../../../../riscv-none-embed/lib/rv32ecxw/ilp32e\libprintf.a(wchprintf.o)

.debug_frame    0x0000000000000000     0x18f8
 .debug_frame   0x0000000000000000       0x30 ./User/ch32v00x_it.o
 .debug_frame   0x0000000000000030      0x364 ./User/ili9341.o
 .debug_frame   0x0000000000000394      0x39c ./User/main.o
 .debug_frame   0x0000000000000730       0x58 ./User/system_ch32v00x.o
 .debug_frame   0x0000000000000788      0x26c ./Peripheral/src/ch32v00x_adc.o
 .debug_frame   0x00000000000009f4       0x70 ./Peripheral/src/ch32v00x_dbgmcu.o
 .debug_frame   0x0000000000000a64       0xcc ./Peripheral/src/ch32v00x_dma.o
 .debug_frame   0x0000000000000b30      0x154 ./Peripheral/src/ch32v00x_gpio.o
 .debug_frame   0x0000000000000c84       0x30 ./Peripheral/src/ch32v00x_misc.o
 .debug_frame   0x0000000000000cb4      0x1dc ./Peripheral/src/ch32v00x_rcc.o
 .debug_frame   0x0000000000000e90      0x15c ./Peripheral/src/ch32v00x_spi.o
 .debug_frame   0x0000000000000fec      0x624 ./Peripheral/src/ch32v00x_tim.o
 .debug_frame   0x0000000000001610      0x204 ./Peripheral/src/ch32v00x_usart.o
 .debug_frame   0x0000000000001814       0xe4 ./Debug/debug.o

.debug_loc      0x0000000000000000     0x53d2
 .debug_loc     0x0000000000000000     0x1167 ./User/ili9341.o
 .debug_loc     0x0000000000001167      0x442 ./User/main.o
 .debug_loc     0x00000000000015a9       0x55 ./User/system_ch32v00x.o
 .debug_loc     0x00000000000015fe      0x9fa ./Peripheral/src/ch32v00x_adc.o
 .debug_loc     0x0000000000001ff8       0x6e ./Peripheral/src/ch32v00x_dbgmcu.o
 .debug_loc     0x0000000000002066      0x14a ./Peripheral/src/ch32v00x_dma.o
 .debug_loc     0x00000000000021b0      0x5e2 ./Peripheral/src/ch32v00x_gpio.o
 .debug_loc     0x0000000000002792       0x2d ./Peripheral/src/ch32v00x_misc.o
 .debug_loc     0x00000000000027bf      0x5e3 ./Peripheral/src/ch32v00x_rcc.o
 .debug_loc     0x0000000000002da2      0x429 ./Peripheral/src/ch32v00x_spi.o
 .debug_loc     0x00000000000031cb     0x1936 ./Peripheral/src/ch32v00x_tim.o
 .debug_loc     0x0000000000004b01      0x735 ./Peripheral/src/ch32v00x_usart.o
 .debug_loc     0x0000000000005236      0x19c ./Debug/debug.o
